Archive member included to satisfy reference by file (symbol)

/Applications/STM32CubeIDE.app/Contents/Eclipse/plugins/com.st.stm32cube.ide.mcu.externaltools.gnu-tools-for-stm32.10.3-2021.10.macos64_1.0.0.202111181127/tools/bin/../lib/gcc/arm-none-eabi/10.3.1/../../../../arm-none-eabi/lib/thumb/v7e-m+fp/hard/libc_nano.a(lib_a-atoi.o)
                              ./Core/Src/console.o (atoi)
/Applications/STM32CubeIDE.app/Contents/Eclipse/plugins/com.st.stm32cube.ide.mcu.externaltools.gnu-tools-for-stm32.10.3-2021.10.macos64_1.0.0.202111181127/tools/bin/../lib/gcc/arm-none-eabi/10.3.1/../../../../arm-none-eabi/lib/thumb/v7e-m+fp/hard/libc_nano.a(lib_a-errno.o)
                              ./Core/Src/syscalls.o (__errno)
/Applications/STM32CubeIDE.app/Contents/Eclipse/plugins/com.st.stm32cube.ide.mcu.externaltools.gnu-tools-for-stm32.10.3-2021.10.macos64_1.0.0.202111181127/tools/bin/../lib/gcc/arm-none-eabi/10.3.1/../../../../arm-none-eabi/lib/thumb/v7e-m+fp/hard/libc_nano.a(lib_a-exit.o)
                              /Applications/STM32CubeIDE.app/Contents/Eclipse/plugins/com.st.stm32cube.ide.mcu.externaltools.gnu-tools-for-stm32.10.3-2021.10.macos64_1.0.0.202111181127/tools/bin/../lib/gcc/arm-none-eabi/10.3.1/../../../../arm-none-eabi/lib/thumb/v7e-m+fp/hard/crt0.o (exit)
/Applications/STM32CubeIDE.app/Contents/Eclipse/plugins/com.st.stm32cube.ide.mcu.externaltools.gnu-tools-for-stm32.10.3-2021.10.macos64_1.0.0.202111181127/tools/bin/../lib/gcc/arm-none-eabi/10.3.1/../../../../arm-none-eabi/lib/thumb/v7e-m+fp/hard/libc_nano.a(lib_a-impure.o)
                              /Applications/STM32CubeIDE.app/Contents/Eclipse/plugins/com.st.stm32cube.ide.mcu.externaltools.gnu-tools-for-stm32.10.3-2021.10.macos64_1.0.0.202111181127/tools/bin/../lib/gcc/arm-none-eabi/10.3.1/../../../../arm-none-eabi/lib/thumb/v7e-m+fp/hard/libc_nano.a(lib_a-exit.o) (_global_impure_ptr)
/Applications/STM32CubeIDE.app/Contents/Eclipse/plugins/com.st.stm32cube.ide.mcu.externaltools.gnu-tools-for-stm32.10.3-2021.10.macos64_1.0.0.202111181127/tools/bin/../lib/gcc/arm-none-eabi/10.3.1/../../../../arm-none-eabi/lib/thumb/v7e-m+fp/hard/libc_nano.a(lib_a-init.o)
                              /Applications/STM32CubeIDE.app/Contents/Eclipse/plugins/com.st.stm32cube.ide.mcu.externaltools.gnu-tools-for-stm32.10.3-2021.10.macos64_1.0.0.202111181127/tools/bin/../lib/gcc/arm-none-eabi/10.3.1/../../../../arm-none-eabi/lib/thumb/v7e-m+fp/hard/crt0.o (__libc_init_array)
/Applications/STM32CubeIDE.app/Contents/Eclipse/plugins/com.st.stm32cube.ide.mcu.externaltools.gnu-tools-for-stm32.10.3-2021.10.macos64_1.0.0.202111181127/tools/bin/../lib/gcc/arm-none-eabi/10.3.1/../../../../arm-none-eabi/lib/thumb/v7e-m+fp/hard/libc_nano.a(lib_a-memset.o)
                              /Applications/STM32CubeIDE.app/Contents/Eclipse/plugins/com.st.stm32cube.ide.mcu.externaltools.gnu-tools-for-stm32.10.3-2021.10.macos64_1.0.0.202111181127/tools/bin/../lib/gcc/arm-none-eabi/10.3.1/../../../../arm-none-eabi/lib/thumb/v7e-m+fp/hard/crt0.o (memset)
/Applications/STM32CubeIDE.app/Contents/Eclipse/plugins/com.st.stm32cube.ide.mcu.externaltools.gnu-tools-for-stm32.10.3-2021.10.macos64_1.0.0.202111181127/tools/bin/../lib/gcc/arm-none-eabi/10.3.1/../../../../arm-none-eabi/lib/thumb/v7e-m+fp/hard/libc_nano.a(lib_a-sprintf.o)
                              ./Core/Src/main.o (sprintf)
/Applications/STM32CubeIDE.app/Contents/Eclipse/plugins/com.st.stm32cube.ide.mcu.externaltools.gnu-tools-for-stm32.10.3-2021.10.macos64_1.0.0.202111181127/tools/bin/../lib/gcc/arm-none-eabi/10.3.1/../../../../arm-none-eabi/lib/thumb/v7e-m+fp/hard/libc_nano.a(lib_a-strtol.o)
                              /Applications/STM32CubeIDE.app/Contents/Eclipse/plugins/com.st.stm32cube.ide.mcu.externaltools.gnu-tools-for-stm32.10.3-2021.10.macos64_1.0.0.202111181127/tools/bin/../lib/gcc/arm-none-eabi/10.3.1/../../../../arm-none-eabi/lib/thumb/v7e-m+fp/hard/libc_nano.a(lib_a-atoi.o) (_strtol_r)
/Applications/STM32CubeIDE.app/Contents/Eclipse/plugins/com.st.stm32cube.ide.mcu.externaltools.gnu-tools-for-stm32.10.3-2021.10.macos64_1.0.0.202111181127/tools/bin/../lib/gcc/arm-none-eabi/10.3.1/../../../../arm-none-eabi/lib/thumb/v7e-m+fp/hard/libc_nano.a(lib_a-ctype_.o)
                              /Applications/STM32CubeIDE.app/Contents/Eclipse/plugins/com.st.stm32cube.ide.mcu.externaltools.gnu-tools-for-stm32.10.3-2021.10.macos64_1.0.0.202111181127/tools/bin/../lib/gcc/arm-none-eabi/10.3.1/../../../../arm-none-eabi/lib/thumb/v7e-m+fp/hard/libc_nano.a(lib_a-strtol.o) (_ctype_)
/Applications/STM32CubeIDE.app/Contents/Eclipse/plugins/com.st.stm32cube.ide.mcu.externaltools.gnu-tools-for-stm32.10.3-2021.10.macos64_1.0.0.202111181127/tools/bin/../lib/gcc/arm-none-eabi/10.3.1/../../../../arm-none-eabi/lib/thumb/v7e-m+fp/hard/libc_nano.a(lib_a-nano-svfprintf.o)
[...]
Memory Configuration

Name             Origin             Length             Attributes
RAM              0x0000000020000000 0x0000000000020000 xrw
FLASH            0x0000000008000000 0x0000000000080000 xr
*default*        0x0000000000000000 0xffffffffffffffff

Linker script and memory map

LOAD /Applications/STM32CubeIDE.app/Contents/Eclipse/plugins/com.st.stm32cube.ide.mcu.externaltools.gnu-tools-for-stm32.10.3-2021.10.macos64_1.0.0.202111181127/tools/bin/../lib/gcc/arm-none-eabi/10.3.1/thumb/v7e-m+fp/hard/crti.o
LOAD /Applications/STM32CubeIDE.app/Contents/Eclipse/plugins/com.st.stm32cube.ide.mcu.externaltools.gnu-tools-for-stm32.10.3-2021.10.macos64_1.0.0.202111181127/tools/bin/../lib/gcc/arm-none-eabi/10.3.1/thumb/v7e-m+fp/hard/crtbegin.o
LOAD /Applications/STM32CubeIDE.app/Contents/Eclipse/plugins/com.st.stm32cube.ide.mcu.externaltools.gnu-tools-for-stm32.10.3-2021.10.macos64_1.0.0.202111181127/tools/bin/../lib/gcc/arm-none-eabi/10.3.1/../../../../arm-none-eabi/lib/thumb/v7e-m+fp/hard/crt0.o
LOAD ./Core/Src/console.o
LOAD ./Core/Src/consoleCommands.o
LOAD ./Core/Src/consoleIo.o
LOAD ./Core/Src/gpio.o
LOAD ./Core/Src/i2c.o
LOAD ./Core/Src/i2s.o
LOAD ./Core/Src/input_buf.o
LOAD ./Core/Src/main.o
LOAD ./Core/Src/spi.o
LOAD ./Core/Src/stm32f4xx_hal_msp.o
LOAD ./Core/Src/stm32f4xx_it.o
LOAD ./Core/Src/syscalls.o
LOAD ./Core/Src/sysmem.o
LOAD ./Core/Src/system_stm32f4xx.o
LOAD ./Core/Src/tim.o
LOAD ./Core/Src/usart.o
LOAD ./Core/Startup/startup_stm32f411vetx.o
LOAD ./Drivers/BSP/Components/cs43l22/cs43l22.o
LOAD ./Drivers/BSP/Components/dp83848/dp83848.o
LOAD ./Drivers/BSP/Components/exc7200/exc7200.o
LOAD ./Drivers/BSP/Components/ft3x67/ft3x67.o
LOAD ./Drivers/BSP/Components/ft6x06/ft6x06.o
LOAD ./Drivers/BSP/Components/i3g4250d/i3g4250d.o
LOAD ./Drivers/BSP/Components/ili9325/ili9325.o
LOAD ./Drivers/BSP/Components/ili9341/ili9341.o
LOAD ./Drivers/BSP/Components/l3gd20/l3gd20.o
LOAD ./Drivers/BSP/Components/lan8742/lan8742.o
LOAD ./Drivers/BSP/Components/lis302dl/lis302dl.o
LOAD ./Drivers/BSP/Components/lis3dsh/lis3dsh.o
LOAD ./Drivers/BSP/Components/ls016b8uy/ls016b8uy.o
LOAD ./Drivers/BSP/Components/lsm303agr/lsm303agr.o
LOAD ./Drivers/BSP/Components/lsm303dlhc/lsm303dlhc.o
LOAD ./Drivers/BSP/Components/mfxstm32l152/mfxstm32l152.o
LOAD ./Drivers/BSP/Components/nt35510/nt35510.o
LOAD ./Drivers/BSP/Components/otm8009a/otm8009a.o
LOAD ./Drivers/BSP/Components/ov2640/ov2640.o
LOAD ./Drivers/BSP/Components/ov5640/ov5640.o
LOAD ./Drivers/BSP/Components/s5k5cag/s5k5cag.o
LOAD ./Drivers/BSP/Components/st7735/st7735.o
LOAD ./Drivers/BSP/Components/st7789h2/st7789h2.o
LOAD ./Drivers/BSP/Components/stmpe1600/stmpe1600.o
LOAD ./Drivers/BSP/Components/stmpe811/stmpe811.o
LOAD ./Drivers/BSP/Components/ts3510/ts3510.o
LOAD ./Drivers/BSP/Components/wm8994/wm8994.o
LOAD ./Drivers/BSP/STM32F411E-Discovery/stm32f411e_discovery.o
LOAD ./Drivers/BSP/STM32F411E-Discovery/stm32f411e_discovery_accelerometer.o
LOAD ./Drivers/BSP/STM32F411E-Discovery/stm32f411e_discovery_audio.o
LOAD ./Drivers/BSP/STM32F411E-Discovery/stm32f411e_discovery_gyroscope.o
LOAD ./Drivers/STM32F4xx_HAL_Driver/Src/stm32f4xx_hal.o
LOAD ./Drivers/STM32F4xx_HAL_Driver/Src/stm32f4xx_hal_cortex.o
LOAD ./Drivers/STM32F4xx_HAL_Driver/Src/stm32f4xx_hal_dma.o
LOAD ./Drivers/STM32F4xx_HAL_Driver/Src/stm32f4xx_hal_dma_ex.o
LOAD ./Drivers/STM32F4xx_HAL_Driver/Src/stm32f4xx_hal_exti.o
LOAD ./Drivers/STM32F4xx_HAL_Driver/Src/stm32f4xx_hal_flash.o
LOAD ./Drivers/STM32F4xx_HAL_Driver/Src/stm32f4xx_hal_flash_ex.o
LOAD ./Drivers/STM32F4xx_HAL_Driver/Src/stm32f4xx_hal_flash_ramfunc.o
LOAD ./Drivers/STM32F4xx_HAL_Driver/Src/stm32f4xx_hal_gpio.o
LOAD ./Drivers/STM32F4xx_HAL_Driver/Src/stm32f4xx_hal_i2c.o
LOAD ./Drivers/STM32F4xx_HAL_Driver/Src/stm32f4xx_hal_i2c_ex.o
LOAD ./Drivers/STM32F4xx_HAL_Driver/Src/stm32f4xx_hal_i2s.o
LOAD ./Drivers/STM32F4xx_HAL_Driver/Src/stm32f4xx_hal_i2s_ex.o
LOAD ./Drivers/STM32F4xx_HAL_Driver/Src/stm32f4xx_hal_pwr.o
LOAD ./Drivers/STM32F4xx_HAL_Driver/Src/stm32f4xx_hal_pwr_ex.o
LOAD ./Drivers/STM32F4xx_HAL_Driver/Src/stm32f4xx_hal_rcc.o
LOAD ./Drivers/STM32F4xx_HAL_Driver/Src/stm32f4xx_hal_rcc_ex.o
LOAD ./Drivers/STM32F4xx_HAL_Driver/Src/stm32f4xx_hal_spi.o
LOAD ./Drivers/STM32F4xx_HAL_Driver/Src/stm32f4xx_hal_tim.o
LOAD ./Drivers/STM32F4xx_HAL_Driver/Src/stm32f4xx_hal_tim_ex.o
LOAD ./Drivers/STM32F4xx_HAL_Driver/Src/stm32f4xx_hal_uart.o
START GROUP
LOAD /Applications/STM32CubeIDE.app/Contents/Eclipse/plugins/com.st.stm32cube.ide.mcu.externaltools.gnu-tools-for-stm32.10.3-2021.10.macos64_1.0.0.202111181127/tools/bin/../lib/gcc/arm-none-eabi/10.3.1/../../../../arm-none-eabi/lib/thumb/v7e-m+fp/hard/libc_nano.a
LOAD /Applications/STM32CubeIDE.app/Contents/Eclipse/plugins/com.st.stm32cube.ide.mcu.externaltools.gnu-tools-for-stm32.10.3-2021.10.macos64_1.0.0.202111181127/tools/bin/../lib/gcc/arm-none-eabi/10.3.1/../../../../arm-none-eabi/lib/thumb/v7e-m+fp/hard/libm.a
END GROUP
START GROUP
LOAD /Applications/STM32CubeIDE.app/Contents/Eclipse/plugins/com.st.stm32cube.ide.mcu.externaltools.gnu-tools-for-stm32.10.3-2021.10.macos64_1.0.0.202111181127/tools/bin/../lib/gcc/arm-none-eabi/10.3.1/thumb/v7e-m+fp/hard/libgcc.a
LOAD /Applications/STM32CubeIDE.app/Contents/Eclipse/plugins/com.st.stm32cube.ide.mcu.externaltools.gnu-tools-for-stm32.10.3-2021.10.macos64_1.0.0.202111181127/tools/bin/../lib/gcc/arm-none-eabi/10.3.1/../../../../arm-none-eabi/lib/thumb/v7e-m+fp/hard/libc_nano.a
END GROUP
START GROUP
LOAD /Applications/STM32CubeIDE.app/Contents/Eclipse/plugins/com.st.stm32cube.ide.mcu.externaltools.gnu-tools-for-stm32.10.3-2021.10.macos64_1.0.0.202111181127/tools/bin/../lib/gcc/arm-none-eabi/10.3.1/thumb/v7e-m+fp/hard/libgcc.a
LOAD /Applications/STM32CubeIDE.app/Contents/Eclipse/plugins/com.st.stm32cube.ide.mcu.externaltools.gnu-tools-for-stm32.10.3-2021.10.macos64_1.0.0.202111181127/tools/bin/../lib/gcc/arm-none-eabi/10.3.1/../../../../arm-none-eabi/lib/thumb/v7e-m+fp/hard/libc_nano.a
LOAD /Applications/STM32CubeIDE.app/Contents/Eclipse/plugins/com.st.stm32cube.ide.mcu.externaltools.gnu-tools-for-stm32.10.3-2021.10.macos64_1.0.0.202111181127/tools/bin/../lib/gcc/arm-none-eabi/10.3.1/../../../../arm-none-eabi/lib/thumb/v7e-m+fp/hard/libnosys.a
END GROUP
START GROUP
LOAD /Applications/STM32CubeIDE.app/Contents/Eclipse/plugins/com.st.stm32cube.ide.mcu.externaltools.gnu-tools-for-stm32.10.3-2021.10.macos64_1.0.0.202111181127/tools/bin/../lib/gcc/arm-none-eabi/10.3.1/thumb/v7e-m+fp/hard/libgcc.a
LOAD /Applications/STM32CubeIDE.app/Contents/Eclipse/plugins/com.st.stm32cube.ide.mcu.externaltools.gnu-tools-for-stm32.10.3-2021.10.macos64_1.0.0.202111181127/tools/bin/../lib/gcc/arm-none-eabi/10.3.1/../../../../arm-none-eabi/lib/thumb/v7e-m+fp/hard/libc_nano.a
LOAD /Applications/STM32CubeIDE.app/Contents/Eclipse/plugins/com.st.stm32cube.ide.mcu.externaltools.gnu-tools-for-stm32.10.3-2021.10.macos64_1.0.0.202111181127/tools/bin/../lib/gcc/arm-none-eabi/10.3.1/../../../../arm-none-eabi/lib/thumb/v7e-m+fp/hard/libnosys.a
END GROUP
LOAD /Applications/STM32CubeIDE.app/Contents/Eclipse/plugins/com.st.stm32cube.ide.mcu.externaltools.gnu-tools-for-stm32.10.3-2021.10.macos64_1.0.0.202111181127/tools/bin/../lib/gcc/arm-none-eabi/10.3.1/thumb/v7e-m+fp/hard/crtend.o
LOAD /Applications/STM32CubeIDE.app/Contents/Eclipse/plugins/com.st.stm32cube.ide.mcu.externaltools.gnu-tools-for-stm32.10.3-2021.10.macos64_1.0.0.202111181127/tools/bin/../lib/gcc/arm-none-eabi/10.3.1/thumb/v7e-m+fp/hard/crtn.o
                0x0000000020020000                _estack = (ORIGIN (RAM) + LENGTH (RAM))
                0x0000000000000200                _Min_Heap_Size = 0x200
                0x0000000000000400                _Min_Stack_Size = 0x400

.isr_vector     0x0000000008000000      0x198
                0x0000000008000000                . = ALIGN (0x4)
 *(.isr_vector)
 .isr_vector    0x0000000008000000      0x198 ./Core/Startup/startup_stm32f411vetx.o
                0x0000000008000000                g_pfnVectors
                0x0000000008000198                . = ALIGN (0x4)

.text           0x00000000080001a0     0x9f38
                0x00000000080001a0                . = ALIGN (0x4)
 *(.text)
 .text          0x00000000080001a0       0x40 /Applications/STM32CubeIDE.app/Contents/Eclipse/plugins/com.st.stm32cube.ide.mcu.externaltools.gnu-tools-for-stm32.10.3-2021.10.macos64_1.0.0.202111181127/tools/bin/../lib/gcc/arm-none-eabi/10.3.1/thumb/v7e-m+fp/hard/crtbegin.o
 .text          0x00000000080001e0       0xa0 /Applications/STM32CubeIDE.app/Contents/Eclipse/plugins/com.st.stm32cube.ide.mcu.externaltools.gnu-tools-for-stm32.10.3-2021.10.macos64_1.0.0.202111181127/tools/bin/../lib/gcc/arm-none-eabi/10.3.1/../../../../arm-none-eabi/lib/thumb/v7e-m+fp/hard/libc_nano.a(lib_a-memchr.o)
                0x00000000080001e0                memchr
 .text          0x0000000008000280      0x378 /Applications/STM32CubeIDE.app/Contents/Eclipse/plugins/com.st.stm32cube.ide.mcu.externaltools.gnu-tools-for-stm32.10.3-2021.10.macos64_1.0.0.202111181127/tools/bin/../lib/gcc/arm-none-eabi/10.3.1/thumb/v7e-m+fp/hard/libgcc.a(_arm_addsubdf3.o)
                0x0000000008000280                __aeabi_drsub
                0x0000000008000288                __subdf3
                0x0000000008000288                __aeabi_dsub
                0x000000000800028c                __aeabi_dadd
                0x000000000800028c                __adddf3
                0x0000000008000504                __aeabi_ui2d
                0x0000000008000504                __floatunsidf
                0x0000000008000524                __floatsidf
                0x0000000008000524                __aeabi_i2d
                0x0000000008000548                __extendsfdf2
                0x0000000008000548                __aeabi_f2d
                0x000000000800058c                __aeabi_ul2d
                0x000000000800058c                __floatundidf
                0x000000000800059c                __aeabi_l2d
                0x000000000800059c                __floatdidf
 .text          0x00000000080005f8      0x424 /Applications/STM32CubeIDE.app/Contents/Eclipse/plugins/com.st.stm32cube.ide.mcu.externaltools.gnu-tools-for-stm32.10.3-2021.10.macos64_1.0.0.202111181127/tools/bin/../lib/gcc/arm-none-eabi/10.3.1/thumb/v7e-m+fp/hard/libgcc.a(_arm_muldivdf3.o)
                0x00000000080005f8                __aeabi_dmul
                0x00000000080005f8                __muldf3
                0x000000000800084c                __aeabi_ddiv
                0x000000000800084c                __divdf3
 .text          0x0000000008000a1c       0x40 /Applications/STM32CubeIDE.app/Contents/Eclipse/plugins/com.st.stm32cube.ide.mcu.externaltools.gnu-tools-for-stm32.10.3-2021.10.macos64_1.0.0.202111181127/tools/bin/../lib/gcc/arm-none-eabi/10.3.1/thumb/v7e-m+fp/hard/libgcc.a(_arm_fixunsdfsi.o)
                0x0000000008000a1c                __fixunsdfsi
                0x0000000008000a1c                __aeabi_d2uiz
 .text          0x0000000008000a5c       0x30 /Applications/STM32CubeIDE.app/Contents/Eclipse/plugins/com.st.stm32cube.ide.mcu.externaltools.gnu-tools-for-stm32.10.3-2021.10.macos64_1.0.0.202111181127/tools/bin/../lib/gcc/arm-none-eabi/10.3.1/thumb/v7e-m+fp/hard/libgcc.a(_aeabi_uldivmod.o)
                0x0000000008000a5c                __aeabi_uldivmod
 .text          0x0000000008000a8c      0x2d0 /Applications/STM32CubeIDE.app/Contents/Eclipse/plugins/com.st.stm32cube.ide.mcu.externaltools.gnu-tools-for-stm32.10.3-2021.10.macos64_1.0.0.202111181127/tools/bin/../lib/gcc/arm-none-eabi/10.3.1/thumb/v7e-m+fp/hard/libgcc.a(_udivmoddi4.o)
                0x0000000008000a8c                __udivmoddi4
 .text          0x0000000008000d5c        0x4 /Applications/STM32CubeIDE.app/Contents/Eclipse/plugins/com.st.stm32cube.ide.mcu.externaltools.gnu-tools-for-stm32.10.3-2021.10.macos64_1.0.0.202111181127/tools/bin/../lib/gcc/arm-none-eabi/10.3.1/thumb/v7e-m+fp/hard/libgcc.a(_dvmd_tls.o)
                0x0000000008000d5c                __aeabi_ldiv0
                0x0000000008000d5c                __aeabi_idiv0
 *(.text*)
 .text.ConsoleCommandMatch
                0x0000000008000d60       0x9a ./Core/Src/console.o
 .text.ConsoleResetBuffer
                0x0000000008000dfa       0x64 ./Core/Src/console.o
 .text.ConsoleCommandEndline
                0x0000000008000e5e       0x56 ./Core/Src/console.o
 .text.ConsoleInit
                0x0000000008000eb4       0x5c ./Core/Src/console.o
                0x0000000008000eb4                ConsoleInit
 .text.ConsoleProcess
                0x0000000008000f10      0x178 ./Core/Src/console.o
                0x0000000008000f10                ConsoleProcess
 .text.ConsoleParamFindN
                0x0000000008001088       0x64 ./Core/Src/console.o
 .text.ConsoleReceiveParamInt16
                0x00000000080010ec       0xbc ./Core/Src/console.o
                0x00000000080010ec                ConsoleReceiveParamInt16
 .text.ConsoleReceiveParamHexUint16
                0x00000000080011a8       0x92 ./Core/Src/console.o
                0x00000000080011a8                ConsoleReceiveParamHexUint16
 .text.ConsoleSendParamHexUint16
                0x000000000800123a       0x72 ./Core/Src/console.o
                0x000000000800123a                ConsoleSendParamHexUint16
 .text.smallItoa
                0x00000000080012ac       0xaa ./Core/Src/console.o
 .text.ConsoleSendParamInt16
                0x0000000008001356       0x2e ./Core/Src/console.o
                0x0000000008001356                ConsoleSendParamInt16
 .text.ConsoleSendParamInt32
                0x0000000008001384       0x38 ./Core/Src/console.o
                0x0000000008001384                ConsoleSendParamInt32
 .text.ConsoleUtilHexCharToInt
                0x00000000080013bc       0x82 ./Core/Src/console.o
 .text.ConsoleUtilsIntToHexChar
                0x000000000800143e       0x4c ./Core/Src/console.o
 .text.ConsoleCommandComment
                0x000000000800148a       0x16 ./Core/Src/consoleCommands.o
 .text.ConsoleCommandHelp
                0x00000000080014a0       0x74 ./Core/Src/consoleCommands.o
 .text.ConsoleCommandAccel
                0x0000000008001514       0x78 ./Core/Src/consoleCommands.o
 .text.ConsoleCommandGyro
                0x000000000800158c       0x78 ./Core/Src/consoleCommands.o
 .text.ConsoleCommandFlashRW
                0x0000000008001604      0x110 ./Core/Src/consoleCommands.o
 .text.ConsoleCommandSonar
                0x0000000008001714       0x74 ./Core/Src/consoleCommands.o
 .text.ConsoleCommandParamExampleInt16
                0x0000000008001788       0x68 ./Core/Src/consoleCommands.o
 .text.ConsoleCommandParamExampleHexUint16
                0x00000000080017f0       0x48 ./Core/Src/consoleCommands.o
 .text.ConsoleCommandVer
                0x0000000008001838       0x2c ./Core/Src/consoleCommands.o
 .text.ConsoleCommandsGetTable
                0x0000000008001864       0x14 ./Core/Src/consoleCommands.o
                0x0000000008001864                ConsoleCommandsGetTable
 .text.ConsoleIoInit
                0x0000000008001878       0x10 ./Core/Src/consoleIo.o
                0x0000000008001878                ConsoleIoInit
 .text.ConsoleIoReceive
                0x0000000008001888       0x58 ./Core/Src/consoleIo.o
                0x0000000008001888                ConsoleIoReceive
 .text.ConsoleIoSendString
                0x00000000080018e0       0x4c ./Core/Src/consoleIo.o
                0x00000000080018e0                ConsoleIoSendString
 .text.MX_GPIO_Init
                0x000000000800192c      0x200 ./Core/Src/gpio.o
                0x000000000800192c                MX_GPIO_Init
 .text.MX_I2C1_Init
                0x0000000008001b2c       0x5c ./Core/Src/i2c.o
                0x0000000008001b2c                MX_I2C1_Init
 .text.HAL_I2C_MspInit
                0x0000000008001b88       0x90 ./Core/Src/i2c.o
                0x0000000008001b88                HAL_I2C_MspInit
 .text.HAL_I2C_MspDeInit
                0x0000000008001c18       0x44 ./Core/Src/i2c.o
                0x0000000008001c18                HAL_I2C_MspDeInit
 .text.MX_I2S2_Init
                0x0000000008001c5c       0x5c ./Core/Src/i2s.o
                0x0000000008001c5c                MX_I2S2_Init
 .text.MX_I2S3_Init
                0x0000000008001cb8       0x60 ./Core/Src/i2s.o
                0x0000000008001cb8                MX_I2S3_Init
 .text.HAL_I2S_MspInit
                0x0000000008001d18      0x19c ./Core/Src/i2s.o
                0x0000000008001d18                HAL_I2S_MspInit
 .text.input_buf_reset
                0x0000000008001eb4       0x2c ./Core/Src/input_buf.o
                0x0000000008001eb4                input_buf_reset
 .text.input_buf_add
                0x0000000008001ee0       0x50 ./Core/Src/input_buf.o
                0x0000000008001ee0                input_buf_add
 .text.input_buf_ready
                0x0000000008001f30       0x48 ./Core/Src/input_buf.o
                0x0000000008001f30                input_buf_ready
 .text.HAL_UART_RxCpltCallback
                0x0000000008001f78       0x48 ./Core/Src/main.o
                0x0000000008001f78                HAL_UART_RxCpltCallback
 .text.main     0x0000000008001fc0       0xb8 ./Core/Src/main.o
                0x0000000008001fc0                main
 .text.SystemClock_Config
                0x0000000008002078       0xd0 ./Core/Src/main.o
                0x0000000008002078                SystemClock_Config
 .text.PeriphCommonClock_Config
                0x0000000008002148       0x40 ./Core/Src/main.o
                0x0000000008002148                PeriphCommonClock_Config
 .text.cli_check
                0x0000000008002188       0xb0 ./Core/Src/main.o
                0x0000000008002188                cli_check
 .text.HAL_TIM_IC_CaptureCallback
                0x0000000008002238      0x388 ./Core/Src/main.o
                0x0000000008002238                HAL_TIM_IC_CaptureCallback
 .text.delay_us
                0x00000000080025c0       0x34 ./Core/Src/main.o
                0x00000000080025c0                delay_us
 .text.HAL_GPIO_EXTI_Callback
                0x00000000080025f4       0x7c ./Core/Src/main.o
                0x00000000080025f4                HAL_GPIO_EXTI_Callback
 .text.Error_Handler
                0x0000000008002670        0xa ./Core/Src/main.o
                0x0000000008002670                Error_Handler
 *fill*         0x000000000800267a        0x2 
 .text.MX_SPI1_Init
                0x000000000800267c       0x6c ./Core/Src/spi.o
                0x000000000800267c                MX_SPI1_Init
 .text.HAL_SPI_MspInit
                0x00000000080026e8       0x90 ./Core/Src/spi.o
                0x00000000080026e8                HAL_SPI_MspInit
 .text.HAL_MspInit
                0x0000000008002778       0x50 ./Core/Src/stm32f4xx_hal_msp.o
                0x0000000008002778                HAL_MspInit
 .text.NMI_Handler
                0x00000000080027c8        0x6 ./Core/Src/stm32f4xx_it.o
                0x00000000080027c8                NMI_Handler
 .text.HardFault_Handler
                0x00000000080027ce        0x6 ./Core/Src/stm32f4xx_it.o
                0x00000000080027ce                HardFault_Handler
 .text.MemManage_Handler
                0x00000000080027d4        0x6 ./Core/Src/stm32f4xx_it.o
                0x00000000080027d4                MemManage_Handler
 .text.BusFault_Handler
                0x00000000080027da        0x6 ./Core/Src/stm32f4xx_it.o
                0x00000000080027da                BusFault_Handler
 .text.UsageFault_Handler
                0x00000000080027e0        0x6 ./Core/Src/stm32f4xx_it.o
                0x00000000080027e0                UsageFault_Handler
 .text.SVC_Handler
                0x00000000080027e6        0xe ./Core/Src/stm32f4xx_it.o
                0x00000000080027e6                SVC_Handler
 .text.DebugMon_Handler
                0x00000000080027f4        0xe ./Core/Src/stm32f4xx_it.o
                0x00000000080027f4                DebugMon_Handler
 .text.PendSV_Handler
                0x0000000008002802        0xe ./Core/Src/stm32f4xx_it.o
                0x0000000008002802                PendSV_Handler
 .text.SysTick_Handler
                0x0000000008002810        0xc ./Core/Src/stm32f4xx_it.o
                0x0000000008002810                SysTick_Handler
 .text.EXTI0_IRQHandler
                0x000000000800281c        0xe ./Core/Src/stm32f4xx_it.o
                0x000000000800281c                EXTI0_IRQHandler
 *fill*         0x000000000800282a        0x2 
 .text.TIM1_CC_IRQHandler
                0x000000000800282c       0x14 ./Core/Src/stm32f4xx_it.o
                0x000000000800282c                TIM1_CC_IRQHandler
 .text.USART2_IRQHandler
                0x0000000008002840       0x14 ./Core/Src/stm32f4xx_it.o
                0x0000000008002840                USART2_IRQHandler
 .text._sbrk    0x0000000008002854       0x6c ./Core/Src/sysmem.o
                0x0000000008002854                _sbrk
 .text.SystemInit
                0x00000000080028c0       0x24 ./Core/Src/system_stm32f4xx.o
                0x00000000080028c0                SystemInit
 .text.MX_TIM1_Init
                0x00000000080028e4       0xc4 ./Core/Src/tim.o
                0x00000000080028e4                MX_TIM1_Init
 .text.MX_TIM2_Init
                0x00000000080029a8       0x98 ./Core/Src/tim.o
                0x00000000080029a8                MX_TIM2_Init
 .text.MX_TIM3_Init
                0x0000000008002a40      0x104 ./Core/Src/tim.o
                0x0000000008002a40                MX_TIM3_Init
 .text.HAL_TIM_IC_MspInit
                0x0000000008002b44       0xa0 ./Core/Src/tim.o
                0x0000000008002b44                HAL_TIM_IC_MspInit
 .text.HAL_TIM_Base_MspInit
                0x0000000008002be4       0x6c ./Core/Src/tim.o
                0x0000000008002be4                HAL_TIM_Base_MspInit
 .text.HAL_TIM_MspPostInit
                0x0000000008002c50       0xb4 ./Core/Src/tim.o
                0x0000000008002c50                HAL_TIM_MspPostInit
 .text.MX_USART2_UART_Init
                0x0000000008002d04       0x54 ./Core/Src/usart.o
                0x0000000008002d04                MX_USART2_UART_Init
 .text.HAL_UART_MspInit
                0x0000000008002d58       0xa0 ./Core/Src/usart.o
                0x0000000008002d58                HAL_UART_MspInit
 .text.Reset_Handler
                0x0000000008002df8       0x50 ./Core/Startup/startup_stm32f411vetx.o
                0x0000000008002df8                Reset_Handler
 .text.Default_Handler
                0x0000000008002e48        0x2 ./Core/Startup/startup_stm32f411vetx.o
                0x0000000008002e48                DMA1_Stream3_IRQHandler
                0x0000000008002e48                EXTI2_IRQHandler
                0x0000000008002e48                SPI4_IRQHandler
                0x0000000008002e48                DMA2_Stream5_IRQHandler
                0x0000000008002e48                DMA1_Stream5_IRQHandler
                0x0000000008002e48                PVD_IRQHandler
                0x0000000008002e48                SDIO_IRQHandler
                0x0000000008002e48                TAMP_STAMP_IRQHandler
                0x0000000008002e48                EXTI3_IRQHandler
                0x0000000008002e48                TIM1_UP_TIM10_IRQHandler
                0x0000000008002e48                I2C3_ER_IRQHandler
                0x0000000008002e48                I2C2_EV_IRQHandler
                0x0000000008002e48                DMA1_Stream2_IRQHandler
                0x0000000008002e48                FPU_IRQHandler
                0x0000000008002e48                DMA2_Stream2_IRQHandler
                0x0000000008002e48                SPI1_IRQHandler
                0x0000000008002e48                TIM1_BRK_TIM9_IRQHandler
                0x0000000008002e48                DMA2_Stream3_IRQHandler
                0x0000000008002e48                USART6_IRQHandler
                0x0000000008002e48                DMA2_Stream0_IRQHandler
                0x0000000008002e48                TIM4_IRQHandler
                0x0000000008002e48                I2C1_EV_IRQHandler
                0x0000000008002e48                DMA1_Stream6_IRQHandler
                0x0000000008002e48                DMA1_Stream1_IRQHandler
                0x0000000008002e48                TIM3_IRQHandler
                0x0000000008002e48                RCC_IRQHandler
                0x0000000008002e48                Default_Handler
                0x0000000008002e48                EXTI15_10_IRQHandler
                0x0000000008002e48                ADC_IRQHandler
                0x0000000008002e48                DMA1_Stream7_IRQHandler
                0x0000000008002e48                SPI5_IRQHandler
                0x0000000008002e48                TIM5_IRQHandler
                0x0000000008002e48                DMA2_Stream7_IRQHandler
                0x0000000008002e48                I2C3_EV_IRQHandler
                0x0000000008002e48                EXTI9_5_IRQHandler
                0x0000000008002e48                RTC_WKUP_IRQHandler
                0x0000000008002e48                SPI2_IRQHandler
                0x0000000008002e48                DMA1_Stream0_IRQHandler
                0x0000000008002e48                EXTI4_IRQHandler
                0x0000000008002e48                WWDG_IRQHandler
                0x0000000008002e48                TIM2_IRQHandler
                0x0000000008002e48                OTG_FS_WKUP_IRQHandler
                0x0000000008002e48                TIM1_TRG_COM_TIM11_IRQHandler
                0x0000000008002e48                EXTI1_IRQHandler
                0x0000000008002e48                I2C2_ER_IRQHandler
                0x0000000008002e48                DMA2_Stream1_IRQHandler
                0x0000000008002e48                FLASH_IRQHandler
                0x0000000008002e48                DMA2_Stream4_IRQHandler
                0x0000000008002e48                USART1_IRQHandler
                0x0000000008002e48                OTG_FS_IRQHandler
                0x0000000008002e48                SPI3_IRQHandler
                0x0000000008002e48                DMA1_Stream4_IRQHandler
                0x0000000008002e48                I2C1_ER_IRQHandler
                0x0000000008002e48                DMA2_Stream6_IRQHandler
                0x0000000008002e48                RTC_Alarm_IRQHandler
 .text.LSM303AGR_AccInit
                0x0000000008002e4a       0x3a ./Drivers/BSP/Components/lsm303agr/lsm303agr.o
                0x0000000008002e4a                LSM303AGR_AccInit
 .text.LSM303AGR_AccDeInit
                0x0000000008002e84        0xe ./Drivers/BSP/Components/lsm303agr/lsm303agr.o
                0x0000000008002e84                LSM303AGR_AccDeInit
 .text.LSM303AGR_AccReadID
                0x0000000008002e92       0x24 ./Drivers/BSP/Components/lsm303agr/lsm303agr.o
                0x0000000008002e92                LSM303AGR_AccReadID
 .text.LSM303AGR_AccRebootCmd
                0x0000000008002eb6       0x2e ./Drivers/BSP/Components/lsm303agr/lsm303agr.o
                0x0000000008002eb6                LSM303AGR_AccRebootCmd
 .text.LSM303AGR_AccFilterConfig
                0x0000000008002ee4       0x3a ./Drivers/BSP/Components/lsm303agr/lsm303agr.o
                0x0000000008002ee4                LSM303AGR_AccFilterConfig
 .text.LSM303AGR_AccFilterCmd
                0x0000000008002f1e       0x3a ./Drivers/BSP/Components/lsm303agr/lsm303agr.o
                0x0000000008002f1e                LSM303AGR_AccFilterCmd
 .text.LSM303AGR_AccReadXYZ
                0x0000000008002f58      0x190 ./Drivers/BSP/Components/lsm303agr/lsm303agr.o
                0x0000000008002f58                LSM303AGR_AccReadXYZ
 .text.LSM303AGR_AccFilterClickCmd
                0x00000000080030e8       0x3e ./Drivers/BSP/Components/lsm303agr/lsm303agr.o
                0x00000000080030e8                LSM303AGR_AccFilterClickCmd
 .text.LSM303AGR_AccIT1Enable
                0x0000000008003126       0x36 ./Drivers/BSP/Components/lsm303agr/lsm303agr.o
                0x0000000008003126                LSM303AGR_AccIT1Enable
 .text.LSM303AGR_AccClickITEnable
                0x000000000800315c       0x72 ./Drivers/BSP/Components/lsm303agr/lsm303agr.o
                0x000000000800315c                LSM303AGR_AccClickITEnable
 .text.LSM303AGR_AccZClickITConfig
                0x00000000080031ce       0x1e ./Drivers/BSP/Components/lsm303agr/lsm303agr.o
                0x00000000080031ce                LSM303AGR_AccZClickITConfig
 .text.LSM303DLHC_AccInit
                0x00000000080031ec       0x3a ./Drivers/BSP/Components/lsm303dlhc/lsm303dlhc.o
                0x00000000080031ec                LSM303DLHC_AccInit
 .text.LSM303DLHC_AccDeInit
                0x0000000008003226        0xe ./Drivers/BSP/Components/lsm303dlhc/lsm303dlhc.o
                0x0000000008003226                LSM303DLHC_AccDeInit
 .text.LSM303DLHC_AccReadID
                0x0000000008003234       0x24 ./Drivers/BSP/Components/lsm303dlhc/lsm303dlhc.o
                0x0000000008003234                LSM303DLHC_AccReadID
 .text.LSM303DLHC_AccRebootCmd
                0x0000000008003258       0x2e ./Drivers/BSP/Components/lsm303dlhc/lsm303dlhc.o
                0x0000000008003258                LSM303DLHC_AccRebootCmd
 .text.LSM303DLHC_AccFilterConfig
                0x0000000008003286       0x3a ./Drivers/BSP/Components/lsm303dlhc/lsm303dlhc.o
                0x0000000008003286                LSM303DLHC_AccFilterConfig
 .text.LSM303DLHC_AccFilterCmd
                0x00000000080032c0       0x3a ./Drivers/BSP/Components/lsm303dlhc/lsm303dlhc.o
                0x00000000080032c0                LSM303DLHC_AccFilterCmd
 .text.LSM303DLHC_AccReadXYZ
                0x00000000080032fa      0x190 ./Drivers/BSP/Components/lsm303dlhc/lsm303dlhc.o
                0x00000000080032fa                LSM303DLHC_AccReadXYZ
 .text.LSM303DLHC_AccFilterClickCmd
                0x000000000800348a       0x3e ./Drivers/BSP/Components/lsm303dlhc/lsm303dlhc.o
                0x000000000800348a                LSM303DLHC_AccFilterClickCmd
 .text.LSM303DLHC_AccIT1Enable
                0x00000000080034c8       0x36 ./Drivers/BSP/Components/lsm303dlhc/lsm303dlhc.o
                0x00000000080034c8                LSM303DLHC_AccIT1Enable
 .text.LSM303DLHC_AccClickITEnable
                0x00000000080034fe       0x72 ./Drivers/BSP/Components/lsm303dlhc/lsm303dlhc.o
                0x00000000080034fe                LSM303DLHC_AccClickITEnable
 .text.LSM303DLHC_AccZClickITConfig
                0x0000000008003570       0x1e ./Drivers/BSP/Components/lsm303dlhc/lsm303dlhc.o
                0x0000000008003570                LSM303DLHC_AccZClickITConfig
 *fill*         0x000000000800358e        0x2 
 .text.I2Cx_Init
                0x0000000008003590       0x64 ./Drivers/BSP/STM32F411E-Discovery/stm32f411e_discovery.o
 .text.I2Cx_WriteData
                0x00000000080035f4       0x50 ./Drivers/BSP/STM32F411E-Discovery/stm32f411e_discovery.o
 .text.I2Cx_ReadData
                0x0000000008003644       0x58 ./Drivers/BSP/STM32F411E-Discovery/stm32f411e_discovery.o
 .text.I2Cx_Error
                0x000000000800369c       0x18 ./Drivers/BSP/STM32F411E-Discovery/stm32f411e_discovery.o
 .text.I2Cx_MspInit
                0x00000000080036b4       0xac ./Drivers/BSP/STM32F411E-Discovery/stm32f411e_discovery.o
 .text.COMPASSACCELERO_IO_Init
                0x0000000008003760       0x50 ./Drivers/BSP/STM32F411E-Discovery/stm32f411e_discovery.o
                0x0000000008003760                COMPASSACCELERO_IO_Init
 .text.COMPASSACCELERO_IO_ITConfig
                0x00000000080037b0       0x60 ./Drivers/BSP/STM32F411E-Discovery/stm32f411e_discovery.o
                0x00000000080037b0                COMPASSACCELERO_IO_ITConfig
 .text.COMPASSACCELERO_IO_Write
                0x0000000008003810       0x26 ./Drivers/BSP/STM32F411E-Discovery/stm32f411e_discovery.o
                0x0000000008003810                COMPASSACCELERO_IO_Write
 .text.COMPASSACCELERO_IO_Read
                0x0000000008003836       0x26 ./Drivers/BSP/STM32F411E-Discovery/stm32f411e_discovery.o
                0x0000000008003836                COMPASSACCELERO_IO_Read
 .text.BSP_ACCELERO_Init
                0x000000000800385c      0x184 ./Drivers/BSP/STM32F411E-Discovery/stm32f411e_discovery_accelerometer.o
                0x000000000800385c                BSP_ACCELERO_Init
 .text.BSP_ACCELERO_GetXYZ
                0x00000000080039e0       0x58 ./Drivers/BSP/STM32F411E-Discovery/stm32f411e_discovery_accelerometer.o
                0x00000000080039e0                BSP_ACCELERO_GetXYZ
 .text.HAL_I2S_TxCpltCallback
                0x0000000008003a38       0x24 ./Drivers/BSP/STM32F411E-Discovery/stm32f411e_discovery_audio.o
                0x0000000008003a38                HAL_I2S_TxCpltCallback
 .text.BSP_AUDIO_OUT_TransferComplete_CallBack
                0x0000000008003a5c        0xe ./Drivers/BSP/STM32F411E-Discovery/stm32f411e_discovery_audio.o
                0x0000000008003a5c                BSP_AUDIO_OUT_TransferComplete_CallBack
 .text.BSP_AUDIO_OUT_Error_CallBack
                0x0000000008003a6a        0xe ./Drivers/BSP/STM32F411E-Discovery/stm32f411e_discovery_audio.o
                0x0000000008003a6a                BSP_AUDIO_OUT_Error_CallBack
 .text.HAL_I2S_RxCpltCallback
                0x0000000008003a78       0x14 ./Drivers/BSP/STM32F411E-Discovery/stm32f411e_discovery_audio.o
                0x0000000008003a78                HAL_I2S_RxCpltCallback
 .text.BSP_AUDIO_IN_TransferComplete_CallBack
                0x0000000008003a8c        0xe ./Drivers/BSP/STM32F411E-Discovery/stm32f411e_discovery_audio.o
                0x0000000008003a8c                BSP_AUDIO_IN_TransferComplete_CallBack
 .text.BSP_AUDIO_IN_Error_Callback
                0x0000000008003a9a        0xe ./Drivers/BSP/STM32F411E-Discovery/stm32f411e_discovery_audio.o
                0x0000000008003a9a                BSP_AUDIO_IN_Error_Callback
 .text.HAL_I2S_ErrorCallback
                0x0000000008003aa8       0x34 ./Drivers/BSP/STM32F411E-Discovery/stm32f411e_discovery_audio.o
                0x0000000008003aa8                HAL_I2S_ErrorCallback
 .text.BSP_GYRO_GetXYZ
                0x0000000008003adc       0x28 ./Drivers/BSP/STM32F411E-Discovery/stm32f411e_discovery_gyroscope.o
                0x0000000008003adc                BSP_GYRO_GetXYZ
 .text.HAL_Init
                0x0000000008003b04       0x44 ./Drivers/STM32F4xx_HAL_Driver/Src/stm32f4xx_hal.o
                0x0000000008003b04                HAL_Init
 .text.HAL_InitTick
                0x0000000008003b48       0x60 ./Drivers/STM32F4xx_HAL_Driver/Src/stm32f4xx_hal.o
                0x0000000008003b48                HAL_InitTick
 .text.HAL_IncTick
                0x0000000008003ba8       0x28 ./Drivers/STM32F4xx_HAL_Driver/Src/stm32f4xx_hal.o
                0x0000000008003ba8                HAL_IncTick
 .text.HAL_GetTick
                0x0000000008003bd0       0x18 ./Drivers/STM32F4xx_HAL_Driver/Src/stm32f4xx_hal.o
                0x0000000008003bd0                HAL_GetTick
 .text.HAL_Delay
                0x0000000008003be8       0x48 ./Drivers/STM32F4xx_HAL_Driver/Src/stm32f4xx_hal.o
                0x0000000008003be8                HAL_Delay
 .text.__NVIC_SetPriorityGrouping
                0x0000000008003c30       0x48 ./Drivers/STM32F4xx_HAL_Driver/Src/stm32f4xx_hal_cortex.o
 .text.__NVIC_GetPriorityGrouping
                0x0000000008003c78       0x1c ./Drivers/STM32F4xx_HAL_Driver/Src/stm32f4xx_hal_cortex.o
 .text.__NVIC_EnableIRQ
                0x0000000008003c94       0x3c ./Drivers/STM32F4xx_HAL_Driver/Src/stm32f4xx_hal_cortex.o
 .text.__NVIC_SetPriority
                0x0000000008003cd0       0x54 ./Drivers/STM32F4xx_HAL_Driver/Src/stm32f4xx_hal_cortex.o
 .text.NVIC_EncodePriority
                0x0000000008003d24       0x66 ./Drivers/STM32F4xx_HAL_Driver/Src/stm32f4xx_hal_cortex.o
 *fill*         0x0000000008003d8a        0x2 
 .text.SysTick_Config
                0x0000000008003d8c       0x44 ./Drivers/STM32F4xx_HAL_Driver/Src/stm32f4xx_hal_cortex.o
 .text.HAL_NVIC_SetPriorityGrouping
                0x0000000008003dd0       0x16 ./Drivers/STM32F4xx_HAL_Driver/Src/stm32f4xx_hal_cortex.o
                0x0000000008003dd0                HAL_NVIC_SetPriorityGrouping
 .text.HAL_NVIC_SetPriority
                0x0000000008003de6       0x38 ./Drivers/STM32F4xx_HAL_Driver/Src/stm32f4xx_hal_cortex.o
                0x0000000008003de6                HAL_NVIC_SetPriority
 .text.HAL_NVIC_EnableIRQ
                0x0000000008003e1e       0x1c ./Drivers/STM32F4xx_HAL_Driver/Src/stm32f4xx_hal_cortex.o
                0x0000000008003e1e                HAL_NVIC_EnableIRQ
 .text.HAL_SYSTICK_Config
                0x0000000008003e3a       0x18 ./Drivers/STM32F4xx_HAL_Driver/Src/stm32f4xx_hal_cortex.o
                0x0000000008003e3a                HAL_SYSTICK_Config
 .text.HAL_DMA_Abort
                0x0000000008003e52       0xe0 ./Drivers/STM32F4xx_HAL_Driver/Src/stm32f4xx_hal_dma.o
                0x0000000008003e52                HAL_DMA_Abort
 .text.HAL_DMA_Abort_IT
                0x0000000008003f32       0x44 ./Drivers/STM32F4xx_HAL_Driver/Src/stm32f4xx_hal_dma.o
                0x0000000008003f32                HAL_DMA_Abort_IT
 *fill*         0x0000000008003f76        0x2 
 .text.HAL_FLASH_Program
                0x0000000008003f78       0xa8 ./Drivers/STM32F4xx_HAL_Driver/Src/stm32f4xx_hal_flash.o
                0x0000000008003f78                HAL_FLASH_Program
 .text.HAL_FLASH_Unlock
                0x0000000008004020       0x44 ./Drivers/STM32F4xx_HAL_Driver/Src/stm32f4xx_hal_flash.o
                0x0000000008004020                HAL_FLASH_Unlock
 .text.HAL_FLASH_Lock
                0x0000000008004064       0x20 ./Drivers/STM32F4xx_HAL_Driver/Src/stm32f4xx_hal_flash.o
                0x0000000008004064                HAL_FLASH_Lock
 .text.FLASH_WaitForLastOperation
                0x0000000008004084       0x80 ./Drivers/STM32F4xx_HAL_Driver/Src/stm32f4xx_hal_flash.o
                0x0000000008004084                FLASH_WaitForLastOperation
 .text.FLASH_Program_DoubleWord
                0x0000000008004104       0x64 ./Drivers/STM32F4xx_HAL_Driver/Src/stm32f4xx_hal_flash.o
 .text.FLASH_Program_Word
                0x0000000008004168       0x44 ./Drivers/STM32F4xx_HAL_Driver/Src/stm32f4xx_hal_flash.o
 .text.FLASH_Program_HalfWord
                0x00000000080041ac       0x48 ./Drivers/STM32F4xx_HAL_Driver/Src/stm32f4xx_hal_flash.o
 .text.FLASH_Program_Byte
                0x00000000080041f4       0x44 ./Drivers/STM32F4xx_HAL_Driver/Src/stm32f4xx_hal_flash.o
 .text.FLASH_SetErrorCode
                0x0000000008004238       0xcc ./Drivers/STM32F4xx_HAL_Driver/Src/stm32f4xx_hal_flash.o
 .text.HAL_FLASHEx_Erase
                0x0000000008004304       0xe0 ./Drivers/STM32F4xx_HAL_Driver/Src/stm32f4xx_hal_flash_ex.o
                0x0000000008004304                HAL_FLASHEx_Erase
 .text.FLASH_MassErase
                0x00000000080043e4       0x48 ./Drivers/STM32F4xx_HAL_Driver/Src/stm32f4xx_hal_flash_ex.o
 .text.FLASH_Erase_Sector
                0x000000000800442c       0x90 ./Drivers/STM32F4xx_HAL_Driver/Src/stm32f4xx_hal_flash_ex.o
                0x000000000800442c                FLASH_Erase_Sector
 .text.FLASH_FlushCaches
                0x00000000080044bc       0x8c ./Drivers/STM32F4xx_HAL_Driver/Src/stm32f4xx_hal_flash_ex.o
                0x00000000080044bc                FLASH_FlushCaches
 .text.HAL_GPIO_Init
                0x0000000008004548      0x308 ./Drivers/STM32F4xx_HAL_Driver/Src/stm32f4xx_hal_gpio.o
                0x0000000008004548                HAL_GPIO_Init
 .text.HAL_GPIO_DeInit
                0x0000000008004850      0x1c8 ./Drivers/STM32F4xx_HAL_Driver/Src/stm32f4xx_hal_gpio.o
                0x0000000008004850                HAL_GPIO_DeInit
 .text.HAL_GPIO_ReadPin
                0x0000000008004a18       0x30 ./Drivers/STM32F4xx_HAL_Driver/Src/stm32f4xx_hal_gpio.o
                0x0000000008004a18                HAL_GPIO_ReadPin
 .text.HAL_GPIO_WritePin
                0x0000000008004a48       0x32 ./Drivers/STM32F4xx_HAL_Driver/Src/stm32f4xx_hal_gpio.o
                0x0000000008004a48                HAL_GPIO_WritePin
 *fill*         0x0000000008004a7a        0x2 
 .text.HAL_GPIO_EXTI_IRQHandler
                0x0000000008004a7c       0x30 ./Drivers/STM32F4xx_HAL_Driver/Src/stm32f4xx_hal_gpio.o
                0x0000000008004a7c                HAL_GPIO_EXTI_IRQHandler
 .text.HAL_I2C_Init
                0x0000000008004aac      0x288 ./Drivers/STM32F4xx_HAL_Driver/Src/stm32f4xx_hal_i2c.o
                0x0000000008004aac                HAL_I2C_Init
 .text.HAL_I2C_DeInit
                0x0000000008004d34       0x5e ./Drivers/STM32F4xx_HAL_Driver/Src/stm32f4xx_hal_i2c.o
                0x0000000008004d34                HAL_I2C_DeInit
 *fill*         0x0000000008004d92        0x2 
 .text.HAL_I2C_Mem_Write
                0x0000000008004d94      0x1f4 ./Drivers/STM32F4xx_HAL_Driver/Src/stm32f4xx_hal_i2c.o
                0x0000000008004d94                HAL_I2C_Mem_Write
 .text.HAL_I2C_Mem_Read
                0x0000000008004f88      0x44c ./Drivers/STM32F4xx_HAL_Driver/Src/stm32f4xx_hal_i2c.o
                0x0000000008004f88                HAL_I2C_Mem_Read
 .text.HAL_I2C_GetState
                0x00000000080053d4       0x1c ./Drivers/STM32F4xx_HAL_Driver/Src/stm32f4xx_hal_i2c.o
                0x00000000080053d4                HAL_I2C_GetState
 .text.I2C_RequestMemoryWrite
                0x00000000080053f0      0x12c ./Drivers/STM32F4xx_HAL_Driver/Src/stm32f4xx_hal_i2c.o
 .text.I2C_RequestMemoryRead
                0x000000000800551c      0x1d0 ./Drivers/STM32F4xx_HAL_Driver/Src/stm32f4xx_hal_i2c.o
 .text.I2C_WaitOnFlagUntilTimeout
                0x00000000080056ec       0xae ./Drivers/STM32F4xx_HAL_Driver/Src/stm32f4xx_hal_i2c.o
 .text.I2C_WaitOnMasterAddressFlagUntilTimeout
                0x000000000800579a       0xfe ./Drivers/STM32F4xx_HAL_Driver/Src/stm32f4xx_hal_i2c.o
 .text.I2C_WaitOnTXEFlagUntilTimeout
                0x0000000008005898       0x82 ./Drivers/STM32F4xx_HAL_Driver/Src/stm32f4xx_hal_i2c.o
 .text.I2C_WaitOnBTFFlagUntilTimeout
                0x000000000800591a       0x82 ./Drivers/STM32F4xx_HAL_Driver/Src/stm32f4xx_hal_i2c.o
 .text.I2C_WaitOnRXNEFlagUntilTimeout
                0x000000000800599c       0xac ./Drivers/STM32F4xx_HAL_Driver/Src/stm32f4xx_hal_i2c.o
 .text.I2C_IsAcknowledgeFailed
                0x0000000008005a48       0x5e ./Drivers/STM32F4xx_HAL_Driver/Src/stm32f4xx_hal_i2c.o
 *fill*         0x0000000008005aa6        0x2 
 .text.HAL_I2S_Init
                0x0000000008005aa8      0x280 ./Drivers/STM32F4xx_HAL_Driver/Src/stm32f4xx_hal_i2s.o
                0x0000000008005aa8                HAL_I2S_Init
 .text.I2S_Transmit_IT
                0x0000000008005d28       0x5c ./Drivers/STM32F4xx_HAL_Driver/Src/stm32f4xx_hal_i2s.o
 .text.I2S_Receive_IT
                0x0000000008005d84       0x5e ./Drivers/STM32F4xx_HAL_Driver/Src/stm32f4xx_hal_i2s.o
 .text.I2S_IRQHandler
                0x0000000008005de2      0x114 ./Drivers/STM32F4xx_HAL_Driver/Src/stm32f4xx_hal_i2s.o
 *fill*         0x0000000008005ef6        0x2 
 .text.HAL_I2SEx_FullDuplex_IRQHandler
                0x0000000008005ef8      0x2a8 ./Drivers/STM32F4xx_HAL_Driver/Src/stm32f4xx_hal_i2s_ex.o
                0x0000000008005ef8                HAL_I2SEx_FullDuplex_IRQHandler
 .text.HAL_I2SEx_TxRxCpltCallback
                0x00000000080061a0       0x14 ./Drivers/STM32F4xx_HAL_Driver/Src/stm32f4xx_hal_i2s_ex.o
                0x00000000080061a0                HAL_I2SEx_TxRxCpltCallback
 .text.I2SEx_TxISR_I2S
                0x00000000080061b4       0x62 ./Drivers/STM32F4xx_HAL_Driver/Src/stm32f4xx_hal_i2s_ex.o
 *fill*         0x0000000008006216        0x2 
 .text.I2SEx_TxISR_I2SExt
                0x0000000008006218       0x98 ./Drivers/STM32F4xx_HAL_Driver/Src/stm32f4xx_hal_i2s_ex.o
 .text.I2SEx_RxISR_I2S
                0x00000000080062b0       0x64 ./Drivers/STM32F4xx_HAL_Driver/Src/stm32f4xx_hal_i2s_ex.o
 .text.I2SEx_RxISR_I2SExt
                0x0000000008006314       0x98 ./Drivers/STM32F4xx_HAL_Driver/Src/stm32f4xx_hal_i2s_ex.o
 .text.HAL_RCC_OscConfig
                0x00000000080063ac      0x4f0 ./Drivers/STM32F4xx_HAL_Driver/Src/stm32f4xx_hal_rcc.o
                0x00000000080063ac                HAL_RCC_OscConfig
 .text.HAL_RCC_ClockConfig
                0x000000000800689c      0x1cc ./Drivers/STM32F4xx_HAL_Driver/Src/stm32f4xx_hal_rcc.o
                0x000000000800689c                HAL_RCC_ClockConfig
 .text.HAL_RCC_GetSysClockFreq
                0x0000000008006a68      0x20c ./Drivers/STM32F4xx_HAL_Driver/Src/stm32f4xx_hal_rcc.o
                0x0000000008006a68                HAL_RCC_GetSysClockFreq
 .text.HAL_RCC_GetHCLKFreq
                0x0000000008006c74       0x18 ./Drivers/STM32F4xx_HAL_Driver/Src/stm32f4xx_hal_rcc.o
                0x0000000008006c74                HAL_RCC_GetHCLKFreq
 .text.HAL_RCC_GetPCLK1Freq
                0x0000000008006c8c       0x28 ./Drivers/STM32F4xx_HAL_Driver/Src/stm32f4xx_hal_rcc.o
                0x0000000008006c8c                HAL_RCC_GetPCLK1Freq
 .text.HAL_RCC_GetPCLK2Freq
                0x0000000008006cb4       0x28 ./Drivers/STM32F4xx_HAL_Driver/Src/stm32f4xx_hal_rcc.o
                0x0000000008006cb4                HAL_RCC_GetPCLK2Freq
 .text.HAL_RCCEx_PeriphCLKConfig
                0x0000000008006cdc      0x1e0 ./Drivers/STM32F4xx_HAL_Driver/Src/stm32f4xx_hal_rcc_ex.o
                0x0000000008006cdc                HAL_RCCEx_PeriphCLKConfig
 .text.HAL_RCCEx_GetPeriphCLKFreq
                0x0000000008006ebc       0xc0 ./Drivers/STM32F4xx_HAL_Driver/Src/stm32f4xx_hal_rcc_ex.o
                0x0000000008006ebc                HAL_RCCEx_GetPeriphCLKFreq
 .text.HAL_SPI_Init
                0x0000000008006f7c      0x112 ./Drivers/STM32F4xx_HAL_Driver/Src/stm32f4xx_hal_spi.o
                0x0000000008006f7c                HAL_SPI_Init
 .text.HAL_TIM_Base_Init
                0x000000000800708e       0x9e ./Drivers/STM32F4xx_HAL_Driver/Src/stm32f4xx_hal_tim.o
                0x000000000800708e                HAL_TIM_Base_Init
 .text.HAL_TIM_Base_Start
                0x000000000800712c       0xb4 ./Drivers/STM32F4xx_HAL_Driver/Src/stm32f4xx_hal_tim.o
                0x000000000800712c                HAL_TIM_Base_Start
 .text.HAL_TIM_PWM_Init
                0x00000000080071e0       0x9e ./Drivers/STM32F4xx_HAL_Driver/Src/stm32f4xx_hal_tim.o
                0x00000000080071e0                HAL_TIM_PWM_Init
 .text.HAL_TIM_PWM_MspInit
                0x000000000800727e       0x14 ./Drivers/STM32F4xx_HAL_Driver/Src/stm32f4xx_hal_tim.o
                0x000000000800727e                HAL_TIM_PWM_MspInit
 .text.HAL_TIM_IC_Init
                0x0000000008007292       0x9e ./Drivers/STM32F4xx_HAL_Driver/Src/stm32f4xx_hal_tim.o
                0x0000000008007292                HAL_TIM_IC_Init
 .text.HAL_TIM_IC_Start_IT
                0x0000000008007330      0x234 ./Drivers/STM32F4xx_HAL_Driver/Src/stm32f4xx_hal_tim.o
                0x0000000008007330                HAL_TIM_IC_Start_IT
 .text.HAL_TIM_IRQHandler
                0x0000000008007564      0x210 ./Drivers/STM32F4xx_HAL_Driver/Src/stm32f4xx_hal_tim.o
                0x0000000008007564                HAL_TIM_IRQHandler
 .text.HAL_TIM_IC_ConfigChannel
                0x0000000008007774      0x138 ./Drivers/STM32F4xx_HAL_Driver/Src/stm32f4xx_hal_tim.o
                0x0000000008007774                HAL_TIM_IC_ConfigChannel
 .text.HAL_TIM_PWM_ConfigChannel
                0x00000000080078ac      0x184 ./Drivers/STM32F4xx_HAL_Driver/Src/stm32f4xx_hal_tim.o
                0x00000000080078ac                HAL_TIM_PWM_ConfigChannel
 .text.HAL_TIM_ConfigClockSource
                0x0000000008007a30      0x18e ./Drivers/STM32F4xx_HAL_Driver/Src/stm32f4xx_hal_tim.o
                0x0000000008007a30                HAL_TIM_ConfigClockSource
 *fill*         0x0000000008007bbe        0x2 
 .text.HAL_TIM_ReadCapturedValue
                0x0000000008007bc0       0x88 ./Drivers/STM32F4xx_HAL_Driver/Src/stm32f4xx_hal_tim.o
                0x0000000008007bc0                HAL_TIM_ReadCapturedValue
 .text.HAL_TIM_PeriodElapsedCallback
                0x0000000008007c48       0x14 ./Drivers/STM32F4xx_HAL_Driver/Src/stm32f4xx_hal_tim.o
                0x0000000008007c48                HAL_TIM_PeriodElapsedCallback
 .text.HAL_TIM_OC_DelayElapsedCallback
                0x0000000008007c5c       0x14 ./Drivers/STM32F4xx_HAL_Driver/Src/stm32f4xx_hal_tim.o
                0x0000000008007c5c                HAL_TIM_OC_DelayElapsedCallback
 .text.HAL_TIM_PWM_PulseFinishedCallback
                0x0000000008007c70       0x14 ./Drivers/STM32F4xx_HAL_Driver/Src/stm32f4xx_hal_tim.o
                0x0000000008007c70                HAL_TIM_PWM_PulseFinishedCallback
 .text.HAL_TIM_TriggerCallback
                0x0000000008007c84       0x14 ./Drivers/STM32F4xx_HAL_Driver/Src/stm32f4xx_hal_tim.o
                0x0000000008007c84                HAL_TIM_TriggerCallback
 .text.TIM_Base_SetConfig
                0x0000000008007c98      0x100 ./Drivers/STM32F4xx_HAL_Driver/Src/stm32f4xx_hal_tim.o
                0x0000000008007c98                TIM_Base_SetConfig
 .text.TIM_OC1_SetConfig
                0x0000000008007d98       0xcc ./Drivers/STM32F4xx_HAL_Driver/Src/stm32f4xx_hal_tim.o
 .text.TIM_OC2_SetConfig
                0x0000000008007e64       0xd8 ./Drivers/STM32F4xx_HAL_Driver/Src/stm32f4xx_hal_tim.o
                0x0000000008007e64                TIM_OC2_SetConfig
 .text.TIM_OC3_SetConfig
                0x0000000008007f3c       0xd4 ./Drivers/STM32F4xx_HAL_Driver/Src/stm32f4xx_hal_tim.o
 .text.TIM_OC4_SetConfig
                0x0000000008008010       0xa0 ./Drivers/STM32F4xx_HAL_Driver/Src/stm32f4xx_hal_tim.o
 .text.TIM_TI1_SetConfig
                0x00000000080080b0       0xd0 ./Drivers/STM32F4xx_HAL_Driver/Src/stm32f4xx_hal_tim.o
                0x00000000080080b0                TIM_TI1_SetConfig
 .text.TIM_TI1_ConfigInputStage
                0x0000000008008180       0x5e ./Drivers/STM32F4xx_HAL_Driver/Src/stm32f4xx_hal_tim.o
 .text.TIM_TI2_SetConfig
                0x00000000080081de       0x7a ./Drivers/STM32F4xx_HAL_Driver/Src/stm32f4xx_hal_tim.o
 .text.TIM_TI2_ConfigInputStage
                0x0000000008008258       0x60 ./Drivers/STM32F4xx_HAL_Driver/Src/stm32f4xx_hal_tim.o
 .text.TIM_TI3_SetConfig
                0x00000000080082b8       0x78 ./Drivers/STM32F4xx_HAL_Driver/Src/stm32f4xx_hal_tim.o
 .text.TIM_TI4_SetConfig
                0x0000000008008330       0x7a ./Drivers/STM32F4xx_HAL_Driver/Src/stm32f4xx_hal_tim.o
 .text.TIM_ITRx_SetConfig
                0x00000000080083aa       0x36 ./Drivers/STM32F4xx_HAL_Driver/Src/stm32f4xx_hal_tim.o
 .text.TIM_ETR_SetConfig
                0x00000000080083e0       0x40 ./Drivers/STM32F4xx_HAL_Driver/Src/stm32f4xx_hal_tim.o
                0x00000000080083e0                TIM_ETR_SetConfig
 .text.TIM_CCxChannelCmd
                0x0000000008008420       0x4a ./Drivers/STM32F4xx_HAL_Driver/Src/stm32f4xx_hal_tim.o
                0x0000000008008420                TIM_CCxChannelCmd
 *fill*         0x000000000800846a        0x2 
 .text.HAL_TIMEx_MasterConfigSynchronization
                0x000000000800846c       0xdc ./Drivers/STM32F4xx_HAL_Driver/Src/stm32f4xx_hal_tim_ex.o
                0x000000000800846c                HAL_TIMEx_MasterConfigSynchronization
 .text.HAL_TIMEx_CommutCallback
                0x0000000008008548       0x14 ./Drivers/STM32F4xx_HAL_Driver/Src/stm32f4xx_hal_tim_ex.o
                0x0000000008008548                HAL_TIMEx_CommutCallback
 .text.HAL_TIMEx_BreakCallback
                0x000000000800855c       0x14 ./Drivers/STM32F4xx_HAL_Driver/Src/stm32f4xx_hal_tim_ex.o
                0x000000000800855c                HAL_TIMEx_BreakCallback
 .text.HAL_UART_Init
                0x0000000008008570       0x9a ./Drivers/STM32F4xx_HAL_Driver/Src/stm32f4xx_hal_uart.o
                0x0000000008008570                HAL_UART_Init
 .text.HAL_UART_Transmit
                0x000000000800860a      0x124 ./Drivers/STM32F4xx_HAL_Driver/Src/stm32f4xx_hal_uart.o
                0x000000000800860a                HAL_UART_Transmit
 .text.HAL_UART_Receive_IT
                0x000000000800872e       0x60 ./Drivers/STM32F4xx_HAL_Driver/Src/stm32f4xx_hal_uart.o
                0x000000000800872e                HAL_UART_Receive_IT
 *fill*         0x000000000800878e        0x2 
 .text.HAL_UART_IRQHandler
                0x0000000008008790      0x51c ./Drivers/STM32F4xx_HAL_Driver/Src/stm32f4xx_hal_uart.o
                0x0000000008008790                HAL_UART_IRQHandler
 .text.HAL_UART_TxCpltCallback
                0x0000000008008cac       0x14 ./Drivers/STM32F4xx_HAL_Driver/Src/stm32f4xx_hal_uart.o
                0x0000000008008cac                HAL_UART_TxCpltCallback
 .text.HAL_UART_ErrorCallback
                0x0000000008008cc0       0x14 ./Drivers/STM32F4xx_HAL_Driver/Src/stm32f4xx_hal_uart.o
                0x0000000008008cc0                HAL_UART_ErrorCallback
 .text.HAL_UARTEx_RxEventCallback
                0x0000000008008cd4       0x18 ./Drivers/STM32F4xx_HAL_Driver/Src/stm32f4xx_hal_uart.o
                0x0000000008008cd4                HAL_UARTEx_RxEventCallback
 .text.UART_WaitOnFlagUntilTimeout
                0x0000000008008cec       0xdc ./Drivers/STM32F4xx_HAL_Driver/Src/stm32f4xx_hal_uart.o
 .text.UART_Start_Receive_IT
                0x0000000008008dc8       0x7c ./Drivers/STM32F4xx_HAL_Driver/Src/stm32f4xx_hal_uart.o
                0x0000000008008dc8                UART_Start_Receive_IT
 .text.UART_EndRxTransfer
                0x0000000008008e44       0xc6 ./Drivers/STM32F4xx_HAL_Driver/Src/stm32f4xx_hal_uart.o
 .text.UART_DMAAbortOnError
                0x0000000008008f0a       0x28 ./Drivers/STM32F4xx_HAL_Driver/Src/stm32f4xx_hal_uart.o
 .text.UART_Transmit_IT
                0x0000000008008f32       0xa0 ./Drivers/STM32F4xx_HAL_Driver/Src/stm32f4xx_hal_uart.o
 .text.UART_EndTransmit_IT
                0x0000000008008fd2       0x30 ./Drivers/STM32F4xx_HAL_Driver/Src/stm32f4xx_hal_uart.o
 .text.UART_Receive_IT
                0x0000000008009002      0x176 ./Drivers/STM32F4xx_HAL_Driver/Src/stm32f4xx_hal_uart.o
 .text.UART_SetConfig
                0x0000000008009178      0x4e8 ./Drivers/STM32F4xx_HAL_Driver/Src/stm32f4xx_hal_uart.o
 .text.atoi     0x0000000008009660        0x8 /Applications/STM32CubeIDE.app/Contents/Eclipse/plugins/com.st.stm32cube.ide.mcu.externaltools.gnu-tools-for-stm32.10.3-2021.10.macos64_1.0.0.202111181127/tools/bin/../lib/gcc/arm-none-eabi/10.3.1/../../../../arm-none-eabi/lib/thumb/v7e-m+fp/hard/libc_nano.a(lib_a-atoi.o)
                0x0000000008009660                atoi
 .text.__errno  0x0000000008009668        0xc /Applications/STM32CubeIDE.app/Contents/Eclipse/plugins/com.st.stm32cube.ide.mcu.externaltools.gnu-tools-for-stm32.10.3-2021.10.macos64_1.0.0.202111181127/tools/bin/../lib/gcc/arm-none-eabi/10.3.1/../../../../arm-none-eabi/lib/thumb/v7e-m+fp/hard/libc_nano.a(lib_a-errno.o)
                0x0000000008009668                __errno
 .text.__libc_init_array
                0x0000000008009674       0x48 /Applications/STM32CubeIDE.app/Contents/Eclipse/plugins/com.st.stm32cube.ide.mcu.externaltools.gnu-tools-for-stm32.10.3-2021.10.macos64_1.0.0.202111181127/tools/bin/../lib/gcc/arm-none-eabi/10.3.1/../../../../arm-none-eabi/lib/thumb/v7e-m+fp/hard/libc_nano.a(lib_a-init.o)
                0x0000000008009674                __libc_init_array
 .text.memset   0x00000000080096bc       0x10 /Applications/STM32CubeIDE.app/Contents/Eclipse/plugins/com.st.stm32cube.ide.mcu.externaltools.gnu-tools-for-stm32.10.3-2021.10.macos64_1.0.0.202111181127/tools/bin/../lib/gcc/arm-none-eabi/10.3.1/../../../../arm-none-eabi/lib/thumb/v7e-m+fp/hard/libc_nano.a(lib_a-memset.o)
                0x00000000080096bc                memset
 .text.sprintf  0x00000000080096cc       0x40 /Applications/STM32CubeIDE.app/Contents/Eclipse/plugins/com.st.stm32cube.ide.mcu.externaltools.gnu-tools-for-stm32.10.3-2021.10.macos64_1.0.0.202111181127/tools/bin/../lib/gcc/arm-none-eabi/10.3.1/../../../../arm-none-eabi/lib/thumb/v7e-m+fp/hard/libc_nano.a(lib_a-sprintf.o)
                0x00000000080096cc                sprintf
                0x00000000080096cc                siprintf
 .text._strtol_l.constprop.0
                0x000000000800970c      0x104 /Applications/STM32CubeIDE.app/Contents/Eclipse/plugins/com.st.stm32cube.ide.mcu.externaltools.gnu-tools-for-stm32.10.3-2021.10.macos64_1.0.0.202111181127/tools/bin/../lib/gcc/arm-none-eabi/10.3.1/../../../../arm-none-eabi/lib/thumb/v7e-m+fp/hard/libc_nano.a(lib_a-strtol.o)
 .text.strtol   0x0000000008009810       0x14 /Applications/STM32CubeIDE.app/Contents/Eclipse/plugins/com.st.stm32cube.ide.mcu.externaltools.gnu-tools-for-stm32.10.3-2021.10.macos64_1.0.0.202111181127/tools/bin/../lib/gcc/arm-none-eabi/10.3.1/../../../../arm-none-eabi/lib/thumb/v7e-m+fp/hard/libc_nano.a(lib_a-strtol.o)
                0x0000000008009810                strtol
 .text.__ssputs_r
                0x0000000008009824       0xb6 /Applications/STM32CubeIDE.app/Contents/Eclipse/plugins/com.st.stm32cube.ide.mcu.externaltools.gnu-tools-for-stm32.10.3-2021.10.macos64_1.0.0.202111181127/tools/bin/../lib/gcc/arm-none-eabi/10.3.1/../../../../arm-none-eabi/lib/thumb/v7e-m+fp/hard/libc_nano.a(lib_a-nano-svfprintf.o)
                0x0000000008009824                __ssputs_r
 *fill*         0x00000000080098da        0x2 
 .text._svfprintf_r
                0x00000000080098dc      0x200 /Applications/STM32CubeIDE.app/Contents/Eclipse/plugins/com.st.stm32cube.ide.mcu.externaltools.gnu-tools-for-stm32.10.3-2021.10.macos64_1.0.0.202111181127/tools/bin/../lib/gcc/arm-none-eabi/10.3.1/../../../../arm-none-eabi/lib/thumb/v7e-m+fp/hard/libc_nano.a(lib_a-nano-svfprintf.o)
                0x00000000080098dc                _svfprintf_r
                0x00000000080098dc                _svfiprintf_r
 .text._printf_common
                0x0000000008009adc       0xda /Applications/STM32CubeIDE.app/Contents/Eclipse/plugins/com.st.stm32cube.ide.mcu.externaltools.gnu-tools-for-stm32.10.3-2021.10.macos64_1.0.0.202111181127/tools/bin/../lib/gcc/arm-none-eabi/10.3.1/../../../../arm-none-eabi/lib/thumb/v7e-m+fp/hard/libc_nano.a(lib_a-nano-vfprintf_i.o)
                0x0000000008009adc                _printf_common
 *fill*         0x0000000008009bb6        0x2 
 .text._printf_i
                0x0000000008009bb8      0x24c /Applications/STM32CubeIDE.app/Contents/Eclipse/plugins/com.st.stm32cube.ide.mcu.externaltools.gnu-tools-for-stm32.10.3-2021.10.macos64_1.0.0.202111181127/tools/bin/../lib/gcc/arm-none-eabi/10.3.1/../../../../arm-none-eabi/lib/thumb/v7e-m+fp/hard/libc_nano.a(lib_a-nano-vfprintf_i.o)
                0x0000000008009bb8                _printf_i
 .text.memcpy   0x0000000008009e04       0x1c /Applications/STM32CubeIDE.app/Contents/Eclipse/plugins/com.st.stm32cube.ide.mcu.externaltools.gnu-tools-for-stm32.10.3-2021.10.macos64_1.0.0.202111181127/tools/bin/../lib/gcc/arm-none-eabi/10.3.1/../../../../arm-none-eabi/lib/thumb/v7e-m+fp/hard/libc_nano.a(lib_a-memcpy-stub.o)
                0x0000000008009e04                memcpy
 .text.memmove  0x0000000008009e20       0x34 /Applications/STM32CubeIDE.app/Contents/Eclipse/plugins/com.st.stm32cube.ide.mcu.externaltools.gnu-tools-for-stm32.10.3-2021.10.macos64_1.0.0.202111181127/tools/bin/../lib/gcc/arm-none-eabi/10.3.1/../../../../arm-none-eabi/lib/thumb/v7e-m+fp/hard/libc_nano.a(lib_a-memmove.o)
                0x0000000008009e20                memmove
 .text._free_r  0x0000000008009e54       0x98 /Applications/STM32CubeIDE.app/Contents/Eclipse/plugins/com.st.stm32cube.ide.mcu.externaltools.gnu-tools-for-stm32.10.3-2021.10.macos64_1.0.0.202111181127/tools/bin/../lib/gcc/arm-none-eabi/10.3.1/../../../../arm-none-eabi/lib/thumb/v7e-m+fp/hard/libc_nano.a(lib_a-nano-freer.o)
                0x0000000008009e54                _free_r
 .text.sbrk_aligned
                0x0000000008009eec       0x40 /Applications/STM32CubeIDE.app/Contents/Eclipse/plugins/com.st.stm32cube.ide.mcu.externaltools.gnu-tools-for-stm32.10.3-2021.10.macos64_1.0.0.202111181127/tools/bin/../lib/gcc/arm-none-eabi/10.3.1/../../../../arm-none-eabi/lib/thumb/v7e-m+fp/hard/libc_nano.a(lib_a-nano-mallocr.o)
 .text._malloc_r
                0x0000000008009f2c       0xe8 /Applications/STM32CubeIDE.app/Contents/Eclipse/plugins/com.st.stm32cube.ide.mcu.externaltools.gnu-tools-for-stm32.10.3-2021.10.macos64_1.0.0.202111181127/tools/bin/../lib/gcc/arm-none-eabi/10.3.1/../../../../arm-none-eabi/lib/thumb/v7e-m+fp/hard/libc_nano.a(lib_a-nano-mallocr.o)
                0x0000000008009f2c                _malloc_r
 .text._realloc_r
                0x000000000800a014       0x5e /Applications/STM32CubeIDE.app/Contents/Eclipse/plugins/com.st.stm32cube.ide.mcu.externaltools.gnu-tools-for-stm32.10.3-2021.10.macos64_1.0.0.202111181127/tools/bin/../lib/gcc/arm-none-eabi/10.3.1/../../../../arm-none-eabi/lib/thumb/v7e-m+fp/hard/libc_nano.a(lib_a-nano-reallocr.o)
                0x000000000800a014                _realloc_r
 *fill*         0x000000000800a072        0x2 
 .text._sbrk_r  0x000000000800a074       0x20 /Applications/STM32CubeIDE.app/Contents/Eclipse/plugins/com.st.stm32cube.ide.mcu.externaltools.gnu-tools-for-stm32.10.3-2021.10.macos64_1.0.0.202111181127/tools/bin/../lib/gcc/arm-none-eabi/10.3.1/../../../../arm-none-eabi/lib/thumb/v7e-m+fp/hard/libc_nano.a(lib_a-sbrkr.o)
                0x000000000800a074                _sbrk_r
 .text.__malloc_lock
                0x000000000800a094        0xc /Applications/STM32CubeIDE.app/Contents/Eclipse/plugins/com.st.stm32cube.ide.mcu.externaltools.gnu-tools-for-stm32.10.3-2021.10.macos64_1.0.0.202111181127/tools/bin/../lib/gcc/arm-none-eabi/10.3.1/../../../../arm-none-eabi/lib/thumb/v7e-m+fp/hard/libc_nano.a(lib_a-mlock.o)
                0x000000000800a094                __malloc_lock
 .text.__malloc_unlock
                0x000000000800a0a0        0xc /Applications/STM32CubeIDE.app/Contents/Eclipse/plugins/com.st.stm32cube.ide.mcu.externaltools.gnu-tools-for-stm32.10.3-2021.10.macos64_1.0.0.202111181127/tools/bin/../lib/gcc/arm-none-eabi/10.3.1/../../../../arm-none-eabi/lib/thumb/v7e-m+fp/hard/libc_nano.a(lib_a-mlock.o)
                0x000000000800a0a0                __malloc_unlock
 .text._malloc_usable_size_r
                0x000000000800a0ac       0x10 /Applications/STM32CubeIDE.app/Contents/Eclipse/plugins/com.st.stm32cube.ide.mcu.externaltools.gnu-tools-for-stm32.10.3-2021.10.macos64_1.0.0.202111181127/tools/bin/../lib/gcc/arm-none-eabi/10.3.1/../../../../arm-none-eabi/lib/thumb/v7e-m+fp/hard/libc_nano.a(lib_a-nano-msizer.o)
                0x000000000800a0ac                _malloc_usable_size_r
 .text.__retarget_lock_acquire_recursive
                0x000000000800a0bc        0x2 /Applications/STM32CubeIDE.app/Contents/Eclipse/plugins/com.st.stm32cube.ide.mcu.externaltools.gnu-tools-for-stm32.10.3-2021.10.macos64_1.0.0.202111181127/tools/bin/../lib/gcc/arm-none-eabi/10.3.1/../../../../arm-none-eabi/lib/thumb/v7e-m+fp/hard/libc_nano.a(lib_a-lock.o)
                0x000000000800a0bc                __retarget_lock_acquire_recursive
 .text.__retarget_lock_release_recursive
                0x000000000800a0be        0x2 /Applications/STM32CubeIDE.app/Contents/Eclipse/plugins/com.st.stm32cube.ide.mcu.externaltools.gnu-tools-for-stm32.10.3-2021.10.macos64_1.0.0.202111181127/tools/bin/../lib/gcc/arm-none-eabi/10.3.1/../../../../arm-none-eabi/lib/thumb/v7e-m+fp/hard/libc_nano.a(lib_a-lock.o)
                0x000000000800a0be                __retarget_lock_release_recursive
 *(.glue_7)
 .glue_7        0x000000000800a0c0        0x0 linker stubs
 *(.glue_7t)
 .glue_7t       0x000000000800a0c0        0x0 linker stubs
 *(.eh_frame)
 .eh_frame      0x000000000800a0c0        0x0 /Applications/STM32CubeIDE.app/Contents/Eclipse/plugins/com.st.stm32cube.ide.mcu.externaltools.gnu-tools-for-stm32.10.3-2021.10.macos64_1.0.0.202111181127/tools/bin/../lib/gcc/arm-none-eabi/10.3.1/thumb/v7e-m+fp/hard/crtbegin.o
 *(.init)
 .init          0x000000000800a0c0        0x4 /Applications/STM32CubeIDE.app/Contents/Eclipse/plugins/com.st.stm32cube.ide.mcu.externaltools.gnu-tools-for-stm32.10.3-2021.10.macos64_1.0.0.202111181127/tools/bin/../lib/gcc/arm-none-eabi/10.3.1/thumb/v7e-m+fp/hard/crti.o
                0x000000000800a0c0                _init
 .init          0x000000000800a0c4        0x8 /Applications/STM32CubeIDE.app/Contents/Eclipse/plugins/com.st.stm32cube.ide.mcu.externaltools.gnu-tools-for-stm32.10.3-2021.10.macos64_1.0.0.202111181127/tools/bin/../lib/gcc/arm-none-eabi/10.3.1/thumb/v7e-m+fp/hard/crtn.o
 *(.fini)
 .fini          0x000000000800a0cc        0x4 /Applications/STM32CubeIDE.app/Contents/Eclipse/plugins/com.st.stm32cube.ide.mcu.externaltools.gnu-tools-for-stm32.10.3-2021.10.macos64_1.0.0.202111181127/tools/bin/../lib/gcc/arm-none-eabi/10.3.1/thumb/v7e-m+fp/hard/crti.o
                0x000000000800a0cc                _fini
 .fini          0x000000000800a0d0        0x8 /Applications/STM32CubeIDE.app/Contents/Eclipse/plugins/com.st.stm32cube.ide.mcu.externaltools.gnu-tools-for-stm32.10.3-2021.10.macos64_1.0.0.202111181127/tools/bin/../lib/gcc/arm-none-eabi/10.3.1/thumb/v7e-m+fp/hard/crtn.o
                0x000000000800a0d8                . = ALIGN (0x4)
                0x000000000800a0d8                _etext = .

.vfp11_veneer   0x000000000800a0d8        0x0
 .vfp11_veneer  0x000000000800a0d8        0x0 linker stubs

.v4_bx          0x000000000800a0d8        0x0
 .v4_bx         0x000000000800a0d8        0x0 linker stubs

.iplt           0x000000000800a0d8        0x0
 .iplt          0x000000000800a0d8        0x0 /Applications/STM32CubeIDE.app/Contents/Eclipse/plugins/com.st.stm32cube.ide.mcu.externaltools.gnu-tools-for-stm32.10.3-2021.10.macos64_1.0.0.202111181127/tools/bin/../lib/gcc/arm-none-eabi/10.3.1/thumb/v7e-m+fp/hard/crtbegin.o

.rodata         0x000000000800a0d8      0x554
                0x000000000800a0d8                . = ALIGN (0x4)
 *(.rodata)
 .rodata        0x000000000800a0d8       0x5f ./Core/Src/console.o
 *fill*         0x000000000800a137        0x1 
 .rodata        0x000000000800a138       0xcd ./Core/Src/consoleCommands.o
 *fill*         0x000000000800a205        0x3 
 .rodata        0x000000000800a208        0x7 ./Core/Src/main.o
 *(.rodata*)
 *fill*         0x000000000800a20f        0x1 
 .rodata.mConsoleCommandTable
                0x000000000800a210      0x2d0 ./Core/Src/consoleCommands.o
 .rodata.AHBPrescTable
                0x000000000800a4e0       0x10 ./Core/Src/system_stm32f4xx.o
                0x000000000800a4e0                AHBPrescTable
 .rodata.APBPrescTable
                0x000000000800a4f0        0x8 ./Core/Src/system_stm32f4xx.o
                0x000000000800a4f0                APBPrescTable
 .rodata._ctype_
                0x000000000800a4f8      0x101 /Applications/STM32CubeIDE.app/Contents/Eclipse/plugins/com.st.stm32cube.ide.mcu.externaltools.gnu-tools-for-stm32.10.3-2021.10.macos64_1.0.0.202111181127/tools/bin/../lib/gcc/arm-none-eabi/10.3.1/../../../../arm-none-eabi/lib/thumb/v7e-m+fp/hard/libc_nano.a(lib_a-ctype_.o)
                0x000000000800a4f8                _ctype_
 .rodata._svfprintf_r.str1.1
                0x000000000800a5f9       0x11 /Applications/STM32CubeIDE.app/Contents/Eclipse/plugins/com.st.stm32cube.ide.mcu.externaltools.gnu-tools-for-stm32.10.3-2021.10.macos64_1.0.0.202111181127/tools/bin/../lib/gcc/arm-none-eabi/10.3.1/../../../../arm-none-eabi/lib/thumb/v7e-m+fp/hard/libc_nano.a(lib_a-nano-svfprintf.o)
 .rodata._printf_i.str1.1
                0x000000000800a60a       0x22 /Applications/STM32CubeIDE.app/Contents/Eclipse/plugins/com.st.stm32cube.ide.mcu.externaltools.gnu-tools-for-stm32.10.3-2021.10.macos64_1.0.0.202111181127/tools/bin/../lib/gcc/arm-none-eabi/10.3.1/../../../../arm-none-eabi/lib/thumb/v7e-m+fp/hard/libc_nano.a(lib_a-nano-vfprintf_i.o)
                0x000000000800a62c                . = ALIGN (0x4)

.ARM.extab      0x000000000800a62c        0x0
                0x000000000800a62c                . = ALIGN (0x4)
 *(.ARM.extab* .gnu.linkonce.armextab.*)
                0x000000000800a62c                . = ALIGN (0x4)

.ARM            0x000000000800a62c        0x8
                0x000000000800a62c                . = ALIGN (0x4)
                0x000000000800a62c                __exidx_start = .
 *(.ARM.exidx*)
 .ARM.exidx     0x000000000800a62c        0x8 /Applications/STM32CubeIDE.app/Contents/Eclipse/plugins/com.st.stm32cube.ide.mcu.externaltools.gnu-tools-for-stm32.10.3-2021.10.macos64_1.0.0.202111181127/tools/bin/../lib/gcc/arm-none-eabi/10.3.1/thumb/v7e-m+fp/hard/libgcc.a(_udivmoddi4.o)
                0x000000000800a634                __exidx_end = .
                0x000000000800a634                . = ALIGN (0x4)

.rel.dyn        0x000000000800a634        0x0
 .rel.iplt      0x000000000800a634        0x0 /Applications/STM32CubeIDE.app/Contents/Eclipse/plugins/com.st.stm32cube.ide.mcu.externaltools.gnu-tools-for-stm32.10.3-2021.10.macos64_1.0.0.202111181127/tools/bin/../lib/gcc/arm-none-eabi/10.3.1/thumb/v7e-m+fp/hard/crtbegin.o

.preinit_array  0x000000000800a634        0x0
                0x000000000800a634                . = ALIGN (0x4)
                0x000000000800a634                PROVIDE (__preinit_array_start = .)
 *(.preinit_array*)
                0x000000000800a634                PROVIDE (__preinit_array_end = .)
                0x000000000800a634                . = ALIGN (0x4)

.init_array     0x000000000800a634        0x4
                0x000000000800a634                . = ALIGN (0x4)
                0x000000000800a634                PROVIDE (__init_array_start = .)
 *(SORT_BY_NAME(.init_array.*))
 *(.init_array*)
 .init_array    0x000000000800a634        0x4 /Applications/STM32CubeIDE.app/Contents/Eclipse/plugins/com.st.stm32cube.ide.mcu.externaltools.gnu-tools-for-stm32.10.3-2021.10.macos64_1.0.0.202111181127/tools/bin/../lib/gcc/arm-none-eabi/10.3.1/thumb/v7e-m+fp/hard/crtbegin.o
                0x000000000800a638                PROVIDE (__init_array_end = .)
                0x000000000800a638                . = ALIGN (0x4)

.fini_array     0x000000000800a638        0x4
                0x000000000800a638                . = ALIGN (0x4)
                [!provide]                        PROVIDE (__fini_array_start = .)
 *(SORT_BY_NAME(.fini_array.*))
 *(.fini_array*)
 .fini_array    0x000000000800a638        0x4 /Applications/STM32CubeIDE.app/Contents/Eclipse/plugins/com.st.stm32cube.ide.mcu.externaltools.gnu-tools-for-stm32.10.3-2021.10.macos64_1.0.0.202111181127/tools/bin/../lib/gcc/arm-none-eabi/10.3.1/thumb/v7e-m+fp/hard/crtbegin.o
                [!provide]                        PROVIDE (__fini_array_end = .)
                0x000000000800a63c                . = ALIGN (0x4)
                0x000000000800a63c                _sidata = LOADADDR (.data)

.data           0x0000000020000000       0xdc load address 0x000000000800a63c
                0x0000000020000000                . = ALIGN (0x4)
                0x0000000020000000                _sdata = .
 *(.data)
 *(.data*)
 .data.SystemCoreClock
                0x0000000020000000        0x4 ./Core/Src/system_stm32f4xx.o
                0x0000000020000000                SystemCoreClock
 .data.Lsm303agrDrv
                0x0000000020000004       0x34 ./Drivers/BSP/Components/lsm303agr/lsm303agr.o
                0x0000000020000004                Lsm303agrDrv
 .data.Lsm303dlhcDrv
                0x0000000020000038       0x34 ./Drivers/BSP/Components/lsm303dlhc/lsm303dlhc.o
                0x0000000020000038                Lsm303dlhcDrv
 .data.I2cxTimeout
                0x000000002000006c        0x4 ./Drivers/BSP/STM32F411E-Discovery/stm32f411e_discovery.o
                0x000000002000006c                I2cxTimeout
 .data.uwTickPrio
                0x0000000020000070        0x4 ./Drivers/STM32F4xx_HAL_Driver/Src/stm32f4xx_hal.o
                0x0000000020000070                uwTickPrio
 .data.uwTickFreq
                0x0000000020000074        0x1 ./Drivers/STM32F4xx_HAL_Driver/Src/stm32f4xx_hal.o
                0x0000000020000074                uwTickFreq
 *fill*         0x0000000020000075        0x3 
 .data._impure_ptr
                0x0000000020000078        0x4 /Applications/STM32CubeIDE.app/Contents/Eclipse/plugins/com.st.stm32cube.ide.mcu.externaltools.gnu-tools-for-stm32.10.3-2021.10.macos64_1.0.0.202111181127/tools/bin/../lib/gcc/arm-none-eabi/10.3.1/../../../../arm-none-eabi/lib/thumb/v7e-m+fp/hard/libc_nano.a(lib_a-impure.o)
                0x0000000020000078                _impure_ptr
 .data.impure_data
                0x000000002000007c       0x60 /Applications/STM32CubeIDE.app/Contents/Eclipse/plugins/com.st.stm32cube.ide.mcu.externaltools.gnu-tools-for-stm32.10.3-2021.10.macos64_1.0.0.202111181127/tools/bin/../lib/gcc/arm-none-eabi/10.3.1/../../../../arm-none-eabi/lib/thumb/v7e-m+fp/hard/libc_nano.a(lib_a-impure.o)
 *(.RamFunc)
 *(.RamFunc*)
                0x00000000200000dc                . = ALIGN (0x4)
                0x00000000200000dc                _edata = .

.igot.plt       0x00000000200000dc        0x0 load address 0x000000000800a718
 .igot.plt      0x00000000200000dc        0x0 /Applications/STM32CubeIDE.app/Contents/Eclipse/plugins/com.st.stm32cube.ide.mcu.externaltools.gnu-tools-for-stm32.10.3-2021.10.macos64_1.0.0.202111181127/tools/bin/../lib/gcc/arm-none-eabi/10.3.1/thumb/v7e-m+fp/hard/crtbegin.o
                0x00000000200000dc                . = ALIGN (0x4)

.bss            0x00000000200000dc      0x4c8 load address 0x000000000800a718
                0x00000000200000dc                _sbss = .
                0x00000000200000dc                __bss_start__ = _sbss
 *(.bss)
 .bss           0x00000000200000dc       0x1c /Applications/STM32CubeIDE.app/Contents/Eclipse/plugins/com.st.stm32cube.ide.mcu.externaltools.gnu-tools-for-stm32.10.3-2021.10.macos64_1.0.0.202111181127/tools/bin/../lib/gcc/arm-none-eabi/10.3.1/thumb/v7e-m+fp/hard/crtbegin.o
 *(.bss*)
 .bss.mReceiveBuffer
                0x00000000200000f8      0x100 ./Core/Src/console.o
                0x00000000200000f8                mReceiveBuffer
 .bss.mReceivedSoFar
                0x00000000200001f8        0x4 ./Core/Src/console.o
                0x00000000200001f8                mReceivedSoFar
 .bss.mReceiveBufferNeedsChecking
                0x00000000200001fc        0x1 ./Core/Src/console.o
                0x00000000200001fc                mReceiveBufferNeedsChecking
 *fill*         0x00000000200001fd        0x3 
 .bss.hi2c1     0x0000000020000200       0x54 ./Core/Src/i2c.o
                0x0000000020000200                hi2c1
 .bss.hi2s2     0x0000000020000254       0x48 ./Core/Src/i2s.o
                0x0000000020000254                hi2s2
 .bss.hi2s3     0x000000002000029c       0x48 ./Core/Src/i2s.o
                0x000000002000029c                hi2s3
 .bss.uart_byte_buf
                0x00000000200002e4        0x1 ./Core/Src/main.o
                0x00000000200002e4                uart_byte_buf
 *fill*         0x00000000200002e5        0x3 
 .bss.uart_buf  0x00000000200002e8       0x82 ./Core/Src/main.o
                0x00000000200002e8                uart_buf
 .bss.c         0x000000002000036a        0x1 ./Core/Src/main.o
                0x000000002000036a                c
 .bss.echo      0x000000002000036b        0x1 ./Core/Src/main.o
                0x000000002000036b                echo
 .bss.buf       0x000000002000036c       0x14 ./Core/Src/main.o
                0x000000002000036c                buf
 .bss.op_mode   0x0000000020000380        0x1 ./Core/Src/main.o
                0x0000000020000380                op_mode
 .bss.button_pressed
                0x0000000020000381        0x1 ./Core/Src/main.o
                0x0000000020000381                button_pressed
 *fill*         0x0000000020000382        0x2 
 .bss.previousMs
                0x0000000020000384        0x4 ./Core/Src/main.o
                0x0000000020000384                previousMs
 .bss.currentMs
                0x0000000020000388        0x4 ./Core/Src/main.o
                0x0000000020000388                currentMs
 .bss.IC_Val1   0x000000002000038c        0x4 ./Core/Src/main.o
                0x000000002000038c                IC_Val1
 .bss.IC_Val2   0x0000000020000390        0x4 ./Core/Src/main.o
                0x0000000020000390                IC_Val2
 .bss.Difference
                0x0000000020000394        0x4 ./Core/Src/main.o
                0x0000000020000394                Difference
 .bss.Is_First_Captured
                0x0000000020000398        0x1 ./Core/Src/main.o
                0x0000000020000398                Is_First_Captured
 .bss.Distance  0x0000000020000399        0x1 ./Core/Src/main.o
                0x0000000020000399                Distance
 .bss.DistanceR
                0x000000002000039a        0x1 ./Core/Src/main.o
                0x000000002000039a                DistanceR
 .bss.DistanceL
                0x000000002000039b        0x1 ./Core/Src/main.o
                0x000000002000039b                DistanceL
 .bss.hspi1     0x000000002000039c       0x58 ./Core/Src/spi.o
                0x000000002000039c                hspi1
 .bss.__sbrk_heap_end
                0x00000000200003f4        0x4 ./Core/Src/sysmem.o
 .bss.htim1     0x00000000200003f8       0x48 ./Core/Src/tim.o
                0x00000000200003f8                htim1
 .bss.htim2     0x0000000020000440       0x48 ./Core/Src/tim.o
                0x0000000020000440                htim2
 .bss.htim3     0x0000000020000488       0x48 ./Core/Src/tim.o
                0x0000000020000488                htim3
 .bss.huart2    0x00000000200004d0       0x44 ./Core/Src/usart.o
                0x00000000200004d0                huart2
 .bss.I2cHandle
                0x0000000020000514       0x54 ./Drivers/BSP/STM32F411E-Discovery/stm32f411e_discovery.o
 .bss.AccelerometerDrv
                0x0000000020000568        0x4 ./Drivers/BSP/STM32F411E-Discovery/stm32f411e_discovery_accelerometer.o
 .bss.GyroscopeDrv
                0x000000002000056c        0x4 ./Drivers/BSP/STM32F411E-Discovery/stm32f411e_discovery_gyroscope.o
 .bss.uwTick    0x0000000020000570        0x4 ./Drivers/STM32F4xx_HAL_Driver/Src/stm32f4xx_hal.o
                0x0000000020000570                uwTick
 .bss.pFlash    0x0000000020000574       0x20 ./Drivers/STM32F4xx_HAL_Driver/Src/stm32f4xx_hal_flash.o
                0x0000000020000574                pFlash
 .bss.__malloc_free_list
                0x0000000020000594        0x4 /Applications/STM32CubeIDE.app/Contents/Eclipse/plugins/com.st.stm32cube.ide.mcu.externaltools.gnu-tools-for-stm32.10.3-2021.10.macos64_1.0.0.202111181127/tools/bin/../lib/gcc/arm-none-eabi/10.3.1/../../../../arm-none-eabi/lib/thumb/v7e-m+fp/hard/libc_nano.a(lib_a-nano-mallocr.o)
                0x0000000020000594                __malloc_free_list
 .bss.__malloc_sbrk_start
                0x0000000020000598        0x4 /Applications/STM32CubeIDE.app/Contents/Eclipse/plugins/com.st.stm32cube.ide.mcu.externaltools.gnu-tools-for-stm32.10.3-2021.10.macos64_1.0.0.202111181127/tools/bin/../lib/gcc/arm-none-eabi/10.3.1/../../../../arm-none-eabi/lib/thumb/v7e-m+fp/hard/libc_nano.a(lib_a-nano-mallocr.o)
                0x0000000020000598                __malloc_sbrk_start
 .bss.errno     0x000000002000059c        0x4 /Applications/STM32CubeIDE.app/Contents/Eclipse/plugins/com.st.stm32cube.ide.mcu.externaltools.gnu-tools-for-stm32.10.3-2021.10.macos64_1.0.0.202111181127/tools/bin/../lib/gcc/arm-none-eabi/10.3.1/../../../../arm-none-eabi/lib/thumb/v7e-m+fp/hard/libc_nano.a(lib_a-reent.o)
                0x000000002000059c                errno
 .bss.__lock___malloc_recursive_mutex
                0x00000000200005a0        0x1 /Applications/STM32CubeIDE.app/Contents/Eclipse/plugins/com.st.stm32cube.ide.mcu.externaltools.gnu-tools-for-stm32.10.3-2021.10.macos64_1.0.0.202111181127/tools/bin/../lib/gcc/arm-none-eabi/10.3.1/../../../../arm-none-eabi/lib/thumb/v7e-m+fp/hard/libc_nano.a(lib_a-lock.o)
                0x00000000200005a0                __lock___malloc_recursive_mutex
 *(COMMON)
                0x00000000200005a4                . = ALIGN (0x4)
 *fill*         0x00000000200005a1        0x3 
                0x00000000200005a4                _ebss = .
                0x00000000200005a4                __bss_end__ = _ebss

._user_heap_stack
                0x00000000200005a4      0x604 load address 0x000000000800a718
                0x00000000200005a8                . = ALIGN (0x8)
 *fill*         0x00000000200005a4        0x4 
                [!provide]                        PROVIDE (end = .)
                0x00000000200005a8                PROVIDE (_end = .)
                0x00000000200007a8                . = (. + _Min_Heap_Size)
 *fill*         0x00000000200005a8      0x200 
                0x0000000020000ba8                . = (. + _Min_Stack_Size)
 *fill*         0x00000000200007a8      0x400 
                0x0000000020000ba8                . = ALIGN (0x8)

/DISCARD/
 libc.a(*)
 libm.a(*)
 libgcc.a(*)

.ARM.attributes
                0x0000000000000000       0x30
 *(.ARM.attributes)
 .ARM.attributes
                0x0000000000000000       0x1e /Applications/STM32CubeIDE.app/Contents/Eclipse/plugins/com.st.stm32cube.ide.mcu.externaltools.gnu-tools-for-stm32.10.3-2021.10.macos64_1.0.0.202111181127/tools/bin/../lib/gcc/arm-none-eabi/10.3.1/thumb/v7e-m+fp/hard/crti.o
 .ARM.attributes
                0x000000000000001e       0x34 /Applications/STM32CubeIDE.app/Contents/Eclipse/plugins/com.st.stm32cube.ide.mcu.externaltools.gnu-tools-for-stm32.10.3-2021.10.macos64_1.0.0.202111181127/tools/bin/../lib/gcc/arm-none-eabi/10.3.1/thumb/v7e-m+fp/hard/crtbegin.o
 .ARM.attributes
                0x0000000000000052       0x34 ./Core/Src/console.o
 .ARM.attributes
                0x0000000000000086       0x34 ./Core/Src/consoleCommands.o
 .ARM.attributes
                0x00000000000000ba       0x34 ./Core/Src/consoleIo.o
 .ARM.attributes
                0x00000000000000ee       0x34 ./Core/Src/gpio.o
 .ARM.attributes
                0x0000000000000122       0x34 ./Core/Src/i2c.o
 .ARM.attributes
                0x0000000000000156       0x34 ./Core/Src/i2s.o
 .ARM.attributes
                0x000000000000018a       0x34 ./Core/Src/input_buf.o
 .ARM.attributes
                0x00000000000001be       0x34 ./Core/Src/main.o
 .ARM.attributes
                0x00000000000001f2       0x34 ./Core/Src/spi.o
 .ARM.attributes
                0x0000000000000226       0x34 ./Core/Src/stm32f4xx_hal_msp.o
 .ARM.attributes
                0x000000000000025a       0x34 ./Core/Src/stm32f4xx_it.o
 .ARM.attributes
                0x000000000000028e       0x34 ./Core/Src/sysmem.o
 .ARM.attributes
                0x00000000000002c2       0x34 ./Core/Src/system_stm32f4xx.o
 .ARM.attributes
                0x00000000000002f6       0x34 ./Core/Src/tim.o
 .ARM.attributes
                0x000000000000032a       0x34 ./Core/Src/usart.o
 .ARM.attributes
                0x000000000000035e       0x21 ./Core/Startup/startup_stm32f411vetx.o
 .ARM.attributes
                0x000000000000037f       0x34 ./Drivers/BSP/Components/lsm303agr/lsm303agr.o
 .ARM.attributes
                0x00000000000003b3       0x34 ./Drivers/BSP/Components/lsm303dlhc/lsm303dlhc.o
 .ARM.attributes
                0x00000000000003e7       0x34 ./Drivers/BSP/STM32F411E-Discovery/stm32f411e_discovery.o
 .ARM.attributes
                0x000000000000041b       0x34 ./Drivers/BSP/STM32F411E-Discovery/stm32f411e_discovery_accelerometer.o
 .ARM.attributes
                0x000000000000044f       0x34 ./Drivers/BSP/STM32F411E-Discovery/stm32f411e_discovery_audio.o
 .ARM.attributes
                0x0000000000000483       0x34 ./Drivers/BSP/STM32F411E-Discovery/stm32f411e_discovery_gyroscope.o
 .ARM.attributes
                0x00000000000004b7       0x34 ./Drivers/STM32F4xx_HAL_Driver/Src/stm32f4xx_hal.o
 .ARM.attributes
                0x00000000000004eb       0x34 ./Drivers/STM32F4xx_HAL_Driver/Src/stm32f4xx_hal_cortex.o
 .ARM.attributes
                0x000000000000051f       0x34 ./Drivers/STM32F4xx_HAL_Driver/Src/stm32f4xx_hal_dma.o
 .ARM.attributes
                0x0000000000000553       0x34 ./Drivers/STM32F4xx_HAL_Driver/Src/stm32f4xx_hal_flash.o
 .ARM.attributes
                0x0000000000000587       0x34 ./Drivers/STM32F4xx_HAL_Driver/Src/stm32f4xx_hal_flash_ex.o
 .ARM.attributes
                0x00000000000005bb       0x34 ./Drivers/STM32F4xx_HAL_Driver/Src/stm32f4xx_hal_gpio.o
 .ARM.attributes
                0x00000000000005ef       0x34 ./Drivers/STM32F4xx_HAL_Driver/Src/stm32f4xx_hal_i2c.o
 .ARM.attributes
                0x0000000000000623       0x34 ./Drivers/STM32F4xx_HAL_Driver/Src/stm32f4xx_hal_i2s.o
 .ARM.attributes
                0x0000000000000657       0x34 ./Drivers/STM32F4xx_HAL_Driver/Src/stm32f4xx_hal_i2s_ex.o
 .ARM.attributes
                0x000000000000068b       0x34 ./Drivers/STM32F4xx_HAL_Driver/Src/stm32f4xx_hal_rcc.o
 .ARM.attributes
                0x00000000000006bf       0x34 ./Drivers/STM32F4xx_HAL_Driver/Src/stm32f4xx_hal_rcc_ex.o
 .ARM.attributes
                0x00000000000006f3       0x34 ./Drivers/STM32F4xx_HAL_Driver/Src/stm32f4xx_hal_spi.o
 .ARM.attributes
                0x0000000000000727       0x34 ./Drivers/STM32F4xx_HAL_Driver/Src/stm32f4xx_hal_tim.o
 .ARM.attributes
                0x000000000000075b       0x34 ./Drivers/STM32F4xx_HAL_Driver/Src/stm32f4xx_hal_tim_ex.o
 .ARM.attributes
                0x000000000000078f       0x34 ./Drivers/STM32F4xx_HAL_Driver/Src/stm32f4xx_hal_uart.o
 .ARM.attributes
                0x00000000000007c3       0x34 /Applications/STM32CubeIDE.app/Contents/Eclipse/plugins/com.st.stm32cube.ide.mcu.externaltools.gnu-tools-for-stm32.10.3-2021.10.macos64_1.0.0.202111181127/tools/bin/../lib/gcc/arm-none-eabi/10.3.1/../../../../arm-none-eabi/lib/thumb/v7e-m+fp/hard/libc_nano.a(lib_a-atoi.o)
 .ARM.attributes
                0x00000000000007f7       0x34 /Applications/STM32CubeIDE.app/Contents/Eclipse/plugins/com.st.stm32cube.ide.mcu.externaltools.gnu-tools-for-stm32.10.3-2021.10.macos64_1.0.0.202111181127/tools/bin/../lib/gcc/arm-none-eabi/10.3.1/../../../../arm-none-eabi/lib/thumb/v7e-m+fp/hard/libc_nano.a(lib_a-errno.o)
 .ARM.attributes
                0x000000000000082b       0x34 /Applications/STM32CubeIDE.app/Contents/Eclipse/plugins/com.st.stm32cube.ide.mcu.externaltools.gnu-tools-for-stm32.10.3-2021.10.macos64_1.0.0.202111181127/tools/bin/../lib/gcc/arm-none-eabi/10.3.1/../../../../arm-none-eabi/lib/thumb/v7e-m+fp/hard/libc_nano.a(lib_a-impure.o)
 .ARM.attributes
                0x000000000000085f       0x34 /Applications/STM32CubeIDE.app/Contents/Eclipse/plugins/com.st.stm32cube.ide.mcu.externaltools.gnu-tools-for-stm32.10.3-2021.10.macos64_1.0.0.202111181127/tools/bin/../lib/gcc/arm-none-eabi/10.3.1/../../../../arm-none-eabi/lib/thumb/v7e-m+fp/hard/libc_nano.a(lib_a-init.o)
 .ARM.attributes
                0x0000000000000893       0x34 /Applications/STM32CubeIDE.app/Contents/Eclipse/plugins/com.st.stm32cube.ide.mcu.externaltools.gnu-tools-for-stm32.10.3-2021.10.macos64_1.0.0.202111181127/tools/bin/../lib/gcc/arm-none-eabi/10.3.1/../../../../arm-none-eabi/lib/thumb/v7e-m+fp/hard/libc_nano.a(lib_a-memset.o)
 .ARM.attributes
                0x00000000000008c7       0x34 /Applications/STM32CubeIDE.app/Contents/Eclipse/plugins/com.st.stm32cube.ide.mcu.externaltools.gnu-tools-for-stm32.10.3-2021.10.macos64_1.0.0.202111181127/tools/bin/../lib/gcc/arm-none-eabi/10.3.1/../../../../arm-none-eabi/lib/thumb/v7e-m+fp/hard/libc_nano.a(lib_a-sprintf.o)
 .ARM.attributes
                0x00000000000008fb       0x34 /Applications/STM32CubeIDE.app/Contents/Eclipse/plugins/com.st.stm32cube.ide.mcu.externaltools.gnu-tools-for-stm32.10.3-2021.10.macos64_1.0.0.202111181127/tools/bin/../lib/gcc/arm-none-eabi/10.3.1/../../../../arm-none-eabi/lib/thumb/v7e-m+fp/hard/libc_nano.a(lib_a-strtol.o)
 .ARM.attributes
                0x000000000000092f       0x34 /Applications/STM32CubeIDE.app/Contents/Eclipse/plugins/com.st.stm32cube.ide.mcu.externaltools.gnu-tools-for-stm32.10.3-2021.10.macos64_1.0.0.202111181127/tools/bin/../lib/gcc/arm-none-eabi/10.3.1/../../../../arm-none-eabi/lib/thumb/v7e-m+fp/hard/libc_nano.a(lib_a-ctype_.o)
 .ARM.attributes
                0x0000000000000963       0x34 /Applications/STM32CubeIDE.app/Contents/Eclipse/plugins/com.st.stm32cube.ide.mcu.externaltools.gnu-tools-for-stm32.10.3-2021.10.macos64_1.0.0.202111181127/tools/bin/../lib/gcc/arm-none-eabi/10.3.1/../../../../arm-none-eabi/lib/thumb/v7e-m+fp/hard/libc_nano.a(lib_a-nano-svfprintf.o)
 .ARM.attributes
                0x0000000000000997       0x34 /Applications/STM32CubeIDE.app/Contents/Eclipse/plugins/com.st.stm32cube.ide.mcu.externaltools.gnu-tools-for-stm32.10.3-2021.10.macos64_1.0.0.202111181127/tools/bin/../lib/gcc/arm-none-eabi/10.3.1/../../../../arm-none-eabi/lib/thumb/v7e-m+fp/hard/libc_nano.a(lib_a-nano-vfprintf_i.o)
 .ARM.attributes
                0x00000000000009cb       0x1c /Applications/STM32CubeIDE.app/Contents/Eclipse/plugins/com.st.stm32cube.ide.mcu.externaltools.gnu-tools-for-stm32.10.3-2021.10.macos64_1.0.0.202111181127/tools/bin/../lib/gcc/arm-none-eabi/10.3.1/../../../../arm-none-eabi/lib/thumb/v7e-m+fp/hard/libc_nano.a(lib_a-memchr.o)
 .ARM.attributes
                0x00000000000009e7       0x34 /Applications/STM32CubeIDE.app/Contents/Eclipse/plugins/com.st.stm32cube.ide.mcu.externaltools.gnu-tools-for-stm32.10.3-2021.10.macos64_1.0.0.202111181127/tools/bin/../lib/gcc/arm-none-eabi/10.3.1/../../../../arm-none-eabi/lib/thumb/v7e-m+fp/hard/libc_nano.a(lib_a-memcpy-stub.o)
 .ARM.attributes
                0x0000000000000a1b       0x34 /Applications/STM32CubeIDE.app/Contents/Eclipse/plugins/com.st.stm32cube.ide.mcu.externaltools.gnu-tools-for-stm32.10.3-2021.10.macos64_1.0.0.202111181127/tools/bin/../lib/gcc/arm-none-eabi/10.3.1/../../../../arm-none-eabi/lib/thumb/v7e-m+fp/hard/libc_nano.a(lib_a-memmove.o)
 .ARM.attributes
                0x0000000000000a4f       0x34 /Applications/STM32CubeIDE.app/Contents/Eclipse/plugins/com.st.stm32cube.ide.mcu.externaltools.gnu-tools-for-stm32.10.3-2021.10.macos64_1.0.0.202111181127/tools/bin/../lib/gcc/arm-none-eabi/10.3.1/../../../../arm-none-eabi/lib/thumb/v7e-m+fp/hard/libc_nano.a(lib_a-nano-freer.o)
 .ARM.attributes
                0x0000000000000a83       0x34 /Applications/STM32CubeIDE.app/Contents/Eclipse/plugins/com.st.stm32cube.ide.mcu.externaltools.gnu-tools-for-stm32.10.3-2021.10.macos64_1.0.0.202111181127/tools/bin/../lib/gcc/arm-none-eabi/10.3.1/../../../../arm-none-eabi/lib/thumb/v7e-m+fp/hard/libc_nano.a(lib_a-nano-mallocr.o)
 .ARM.attributes
                0x0000000000000ab7       0x34 /Applications/STM32CubeIDE.app/Contents/Eclipse/plugins/com.st.stm32cube.ide.mcu.externaltools.gnu-tools-for-stm32.10.3-2021.10.macos64_1.0.0.202111181127/tools/bin/../lib/gcc/arm-none-eabi/10.3.1/../../../../arm-none-eabi/lib/thumb/v7e-m+fp/hard/libc_nano.a(lib_a-nano-reallocr.o)
 .ARM.attributes
                0x0000000000000aeb       0x34 /Applications/STM32CubeIDE.app/Contents/Eclipse/plugins/com.st.stm32cube.ide.mcu.externaltools.gnu-tools-for-stm32.10.3-2021.10.macos64_1.0.0.202111181127/tools/bin/../lib/gcc/arm-none-eabi/10.3.1/../../../../arm-none-eabi/lib/thumb/v7e-m+fp/hard/libc_nano.a(lib_a-sbrkr.o)
 .ARM.attributes
                0x0000000000000b1f       0x34 /Applications/STM32CubeIDE.app/Contents/Eclipse/plugins/com.st.stm32cube.ide.mcu.externaltools.gnu-tools-for-stm32.10.3-2021.10.macos64_1.0.0.202111181127/tools/bin/../lib/gcc/arm-none-eabi/10.3.1/../../../../arm-none-eabi/lib/thumb/v7e-m+fp/hard/libc_nano.a(lib_a-mlock.o)
 .ARM.attributes
                0x0000000000000b53       0x34 /Applications/STM32CubeIDE.app/Contents/Eclipse/plugins/com.st.stm32cube.ide.mcu.externaltools.gnu-tools-for-stm32.10.3-2021.10.macos64_1.0.0.202111181127/tools/bin/../lib/gcc/arm-none-eabi/10.3.1/../../../../arm-none-eabi/lib/thumb/v7e-m+fp/hard/libc_nano.a(lib_a-nano-msizer.o)
 .ARM.attributes
                0x0000000000000b87       0x34 /Applications/STM32CubeIDE.app/Contents/Eclipse/plugins/com.st.stm32cube.ide.mcu.externaltools.gnu-tools-for-stm32.10.3-2021.10.macos64_1.0.0.202111181127/tools/bin/../lib/gcc/arm-none-eabi/10.3.1/../../../../arm-none-eabi/lib/thumb/v7e-m+fp/hard/libc_nano.a(lib_a-reent.o)
 .ARM.attributes
                0x0000000000000bbb       0x34 /Applications/STM32CubeIDE.app/Contents/Eclipse/plugins/com.st.stm32cube.ide.mcu.externaltools.gnu-tools-for-stm32.10.3-2021.10.macos64_1.0.0.202111181127/tools/bin/../lib/gcc/arm-none-eabi/10.3.1/../../../../arm-none-eabi/lib/thumb/v7e-m+fp/hard/libc_nano.a(lib_a-lock.o)
 .ARM.attributes
                0x0000000000000bef       0x1e /Applications/STM32CubeIDE.app/Contents/Eclipse/plugins/com.st.stm32cube.ide.mcu.externaltools.gnu-tools-for-stm32.10.3-2021.10.macos64_1.0.0.202111181127/tools/bin/../lib/gcc/arm-none-eabi/10.3.1/thumb/v7e-m+fp/hard/libgcc.a(_arm_addsubdf3.o)
 .ARM.attributes
                0x0000000000000c0d       0x1e /Applications/STM32CubeIDE.app/Contents/Eclipse/plugins/com.st.stm32cube.ide.mcu.externaltools.gnu-tools-for-stm32.10.3-2021.10.macos64_1.0.0.202111181127/tools/bin/../lib/gcc/arm-none-eabi/10.3.1/thumb/v7e-m+fp/hard/libgcc.a(_arm_muldivdf3.o)
 .ARM.attributes
                0x0000000000000c2b       0x1e /Applications/STM32CubeIDE.app/Contents/Eclipse/plugins/com.st.stm32cube.ide.mcu.externaltools.gnu-tools-for-stm32.10.3-2021.10.macos64_1.0.0.202111181127/tools/bin/../lib/gcc/arm-none-eabi/10.3.1/thumb/v7e-m+fp/hard/libgcc.a(_arm_fixunsdfsi.o)
 .ARM.attributes
                0x0000000000000c49       0x1e /Applications/STM32CubeIDE.app/Contents/Eclipse/plugins/com.st.stm32cube.ide.mcu.externaltools.gnu-tools-for-stm32.10.3-2021.10.macos64_1.0.0.202111181127/tools/bin/../lib/gcc/arm-none-eabi/10.3.1/thumb/v7e-m+fp/hard/libgcc.a(_aeabi_uldivmod.o)
 .ARM.attributes