Archive member included to satisfy reference by file (symbol)

/Applications/STM32CubeIDE.app/Contents/Eclipse/plugins/com.st.stm32cube.ide.mcu.externaltools.gnu-tools-for-stm32.10.3-2021.10.macos64_1.0.0.202111181127/tools/bin/../lib/gcc/arm-none-eabi/10.3.1/../../../../arm-none-eabi/lib/thumb/v7e-m+fp/hard/libc_nano.a(lib_a-atoi.o)
                              ./Core/Src/console.o (atoi)
/Applications/STM32CubeIDE.app/Contents/Eclipse/plugins/com.st.stm32cube.ide.mcu.externaltools.gnu-tools-for-stm32.10.3-2021.10.macos64_1.0.0.202111181127/tools/bin/../lib/gcc/arm-none-eabi/10.3.1/../../../../arm-none-eabi/lib/thumb/v7e-m+fp/hard/libc_nano.a(lib_a-errno.o)
                              ./Core/Src/syscalls.o (__errno)
/Applications/STM32CubeIDE.app/Contents/Eclipse/plugins/com.st.stm32cube.ide.mcu.externaltools.gnu-tools-for-stm32.10.3-2021.10.macos64_1.0.0.202111181127/tools/bin/../lib/gcc/arm-none-eabi/10.3.1/../../../../arm-none-eabi/lib/thumb/v7e-m+fp/hard/libc_nano.a(lib_a-exit.o)
                              /Applications/STM32CubeIDE.app/Contents/Eclipse/plugins/com.st.stm32cube.ide.mcu.externaltools.gnu-tools-for-stm32.10.3-2021.10.macos64_1.0.0.202111181127/tools/bin/../lib/gcc/arm-none-eabi/10.3.1/../../../../arm-none-eabi/lib/thumb/v7e-m+fp/hard/crt0.o (exit)
/Applications/STM32CubeIDE.app/Contents/Eclipse/plugins/com.st.stm32cube.ide.mcu.externaltools.gnu-tools-for-stm32.10.3-2021.10.macos64_1.0.0.202111181127/tools/bin/../lib/gcc/arm-none-eabi/10.3.1/../../../../arm-none-eabi/lib/thumb/v7e-m+fp/hard/libc_nano.a(lib_a-impure.o)
                              /Applications/STM32CubeIDE.app/Contents/Eclipse/plugins/com.st.stm32cube.ide.mcu.externaltools.gnu-tools-for-stm32.10.3-2021.10.macos64_1.0.0.202111181127/tools/bin/../lib/gcc/arm-none-eabi/10.3.1/../../../../arm-none-eabi/lib/thumb/v7e-m+fp/hard/libc_nano.a(lib_a-exit.o) (_global_impure_ptr)
/Applications/STM32CubeIDE.app/Contents/Eclipse/plugins/com.st.stm32cube.ide.mcu.externaltools.gnu-tools-for-stm32.10.3-2021.10.macos64_1.0.0.202111181127/tools/bin/../lib/gcc/arm-none-eabi/10.3.1/../../../../arm-none-eabi/lib/thumb/v7e-m+fp/hard/libc_nano.a(lib_a-init.o)
                              /Applications/STM32CubeIDE.app/Contents/Eclipse/plugins/com.st.stm32cube.ide.mcu.externaltools.gnu-tools-for-stm32.10.3-2021.10.macos64_1.0.0.202111181127/tools/bin/../lib/gcc/arm-none-eabi/10.3.1/../../../../arm-none-eabi/lib/thumb/v7e-m+fp/hard/crt0.o (__libc_init_array)
/Applications/STM32CubeIDE.app/Contents/Eclipse/plugins/com.st.stm32cube.ide.mcu.externaltools.gnu-tools-for-stm32.10.3-2021.10.macos64_1.0.0.202111181127/tools/bin/../lib/gcc/arm-none-eabi/10.3.1/../../../../arm-none-eabi/lib/thumb/v7e-m+fp/hard/libc_nano.a(lib_a-memset.o)
                              /Applications/STM32CubeIDE.app/Contents/Eclipse/plugins/com.st.stm32cube.ide.mcu.externaltools.gnu-tools-for-stm32.10.3-2021.10.macos64_1.0.0.202111181127/tools/bin/../lib/gcc/arm-none-eabi/10.3.1/../../../../arm-none-eabi/lib/thumb/v7e-m+fp/hard/crt0.o (memset)
/Applications/STM32CubeIDE.app/Contents/Eclipse/plugins/com.st.stm32cube.ide.mcu.externaltools.gnu-tools-for-stm32.10.3-2021.10.macos64_1.0.0.202111181127/tools/bin/../lib/gcc/arm-none-eabi/10.3.1/../../../../arm-none-eabi/lib/thumb/v7e-m+fp/hard/libc_nano.a(lib_a-sprintf.o)
                              ./Core/Src/main.o (sprintf)
/Applications/STM32CubeIDE.app/Contents/Eclipse/plugins/com.st.stm32cube.ide.mcu.externaltools.gnu-tools-for-stm32.10.3-2021.10.macos64_1.0.0.202111181127/tools/bin/../lib/gcc/arm-none-eabi/10.3.1/../../../../arm-none-eabi/lib/thumb/v7e-m+fp/hard/libc_nano.a(lib_a-strtol.o)
                              /Applications/STM32CubeIDE.app/Contents/Eclipse/plugins/com.st.stm32cube.ide.mcu.externaltools.gnu-tools-for-stm32.10.3-2021.10.macos64_1.0.0.202111181127/tools/bin/../lib/gcc/arm-none-eabi/10.3.1/../../../../arm-none-eabi/lib/thumb/v7e-m+fp/hard/libc_nano.a(lib_a-atoi.o) (_strtol_r)
/Applications/STM32CubeIDE.app/Contents/Eclipse/plugins/com.st.stm32cube.ide.mcu.externaltools.gnu-tools-for-stm32.10.3-2021.10.macos64_1.0.0.202111181127/tools/bin/../lib/gcc/arm-none-eabi/10.3.1/../../../../arm-none-eabi/lib/thumb/v7e-m+fp/hard/libc_nano.a(lib_a-ctype_.o)
                              /Applications/STM32CubeIDE.app/Contents/Eclipse/plugins/com.st.stm32cube.ide.mcu.externaltools.gnu-tools-for-stm32.10.3-2021.10.macos64_1.0.0.202111181127/tools/bin/../lib/gcc/arm-none-eabi/10.3.1/../../../../arm-none-eabi/lib/thumb/v7e-m+fp/hard/libc_nano.a(lib_a-strtol.o) (_ctype_)
/Applications/STM32CubeIDE.app/Contents/Eclipse/plugins/com.st.stm32cube.ide.mcu.externaltools.gnu-tools-for-stm32.10.3-2021.10.macos64_1.0.0.202111181127/tools/bin/../lib/gcc/arm-none-eabi/10.3.1/../../../../arm-none-eabi/lib/thumb/v7e-m+fp/hard/libc_nano.a(lib_a-nano-svfprintf.o)
[...]
Memory Configuration

Name             Origin             Length             Attributes
RAM              0x0000000020000000 0x0000000000020000 xrw
FLASH            0x0000000008000000 0x0000000000080000 xr
*default*        0x0000000000000000 0xffffffffffffffff

Linker script and memory map

LOAD /Applications/STM32CubeIDE.app/Contents/Eclipse/plugins/com.st.stm32cube.ide.mcu.externaltools.gnu-tools-for-stm32.10.3-2021.10.macos64_1.0.0.202111181127/tools/bin/../lib/gcc/arm-none-eabi/10.3.1/thumb/v7e-m+fp/hard/crti.o
LOAD /Applications/STM32CubeIDE.app/Contents/Eclipse/plugins/com.st.stm32cube.ide.mcu.externaltools.gnu-tools-for-stm32.10.3-2021.10.macos64_1.0.0.202111181127/tools/bin/../lib/gcc/arm-none-eabi/10.3.1/thumb/v7e-m+fp/hard/crtbegin.o
LOAD /Applications/STM32CubeIDE.app/Contents/Eclipse/plugins/com.st.stm32cube.ide.mcu.externaltools.gnu-tools-for-stm32.10.3-2021.10.macos64_1.0.0.202111181127/tools/bin/../lib/gcc/arm-none-eabi/10.3.1/../../../../arm-none-eabi/lib/thumb/v7e-m+fp/hard/crt0.o
LOAD ./Core/Src/console.o
LOAD ./Core/Src/consoleCommands.o
LOAD ./Core/Src/consoleIo.o
LOAD ./Core/Src/gpio.o
LOAD ./Core/Src/i2c.o
LOAD ./Core/Src/i2s.o
LOAD ./Core/Src/input_buf.o
LOAD ./Core/Src/main.o
LOAD ./Core/Src/spi.o
LOAD ./Core/Src/stm32f4xx_hal_msp.o
LOAD ./Core/Src/stm32f4xx_it.o
LOAD ./Core/Src/syscalls.o
LOAD ./Core/Src/sysmem.o
LOAD ./Core/Src/system_stm32f4xx.o
LOAD ./Core/Src/usart.o
LOAD ./Core/Startup/startup_stm32f411vetx.o
LOAD ./Drivers/BSP/Components/cs43l22/cs43l22.o
LOAD ./Drivers/BSP/Components/dp83848/dp83848.o
LOAD ./Drivers/BSP/Components/exc7200/exc7200.o
LOAD ./Drivers/BSP/Components/ft3x67/ft3x67.o
LOAD ./Drivers/BSP/Components/ft6x06/ft6x06.o
LOAD ./Drivers/BSP/Components/i3g4250d/i3g4250d.o
LOAD ./Drivers/BSP/Components/ili9325/ili9325.o
LOAD ./Drivers/BSP/Components/ili9341/ili9341.o
LOAD ./Drivers/BSP/Components/l3gd20/l3gd20.o
LOAD ./Drivers/BSP/Components/lan8742/lan8742.o
LOAD ./Drivers/BSP/Components/lis302dl/lis302dl.o
LOAD ./Drivers/BSP/Components/lis3dsh/lis3dsh.o
LOAD ./Drivers/BSP/Components/ls016b8uy/ls016b8uy.o
LOAD ./Drivers/BSP/Components/lsm303agr/lsm303agr.o
LOAD ./Drivers/BSP/Components/lsm303dlhc/lsm303dlhc.o
LOAD ./Drivers/BSP/Components/mfxstm32l152/mfxstm32l152.o
LOAD ./Drivers/BSP/Components/nt35510/nt35510.o
LOAD ./Drivers/BSP/Components/otm8009a/otm8009a.o
LOAD ./Drivers/BSP/Components/ov2640/ov2640.o
LOAD ./Drivers/BSP/Components/ov5640/ov5640.o
LOAD ./Drivers/BSP/Components/s5k5cag/s5k5cag.o
LOAD ./Drivers/BSP/Components/st7735/st7735.o
LOAD ./Drivers/BSP/Components/st7789h2/st7789h2.o
LOAD ./Drivers/BSP/Components/stmpe1600/stmpe1600.o
LOAD ./Drivers/BSP/Components/stmpe811/stmpe811.o
LOAD ./Drivers/BSP/Components/ts3510/ts3510.o
LOAD ./Drivers/BSP/Components/wm8994/wm8994.o
LOAD ./Drivers/BSP/STM32F411E-Discovery/stm32f411e_discovery.o
LOAD ./Drivers/BSP/STM32F411E-Discovery/stm32f411e_discovery_accelerometer.o
LOAD ./Drivers/BSP/STM32F411E-Discovery/stm32f411e_discovery_audio.o
LOAD ./Drivers/BSP/STM32F411E-Discovery/stm32f411e_discovery_gyroscope.o
LOAD ./Drivers/STM32F4xx_HAL_Driver/Src/stm32f4xx_hal.o
LOAD ./Drivers/STM32F4xx_HAL_Driver/Src/stm32f4xx_hal_cortex.o
LOAD ./Drivers/STM32F4xx_HAL_Driver/Src/stm32f4xx_hal_dma.o
LOAD ./Drivers/STM32F4xx_HAL_Driver/Src/stm32f4xx_hal_dma_ex.o
LOAD ./Drivers/STM32F4xx_HAL_Driver/Src/stm32f4xx_hal_exti.o
LOAD ./Drivers/STM32F4xx_HAL_Driver/Src/stm32f4xx_hal_flash.o
LOAD ./Drivers/STM32F4xx_HAL_Driver/Src/stm32f4xx_hal_flash_ex.o
LOAD ./Drivers/STM32F4xx_HAL_Driver/Src/stm32f4xx_hal_flash_ramfunc.o
LOAD ./Drivers/STM32F4xx_HAL_Driver/Src/stm32f4xx_hal_gpio.o
LOAD ./Drivers/STM32F4xx_HAL_Driver/Src/stm32f4xx_hal_i2c.o
LOAD ./Drivers/STM32F4xx_HAL_Driver/Src/stm32f4xx_hal_i2c_ex.o
LOAD ./Drivers/STM32F4xx_HAL_Driver/Src/stm32f4xx_hal_i2s.o
LOAD ./Drivers/STM32F4xx_HAL_Driver/Src/stm32f4xx_hal_i2s_ex.o
LOAD ./Drivers/STM32F4xx_HAL_Driver/Src/stm32f4xx_hal_pwr.o
LOAD ./Drivers/STM32F4xx_HAL_Driver/Src/stm32f4xx_hal_pwr_ex.o
LOAD ./Drivers/STM32F4xx_HAL_Driver/Src/stm32f4xx_hal_rcc.o
LOAD ./Drivers/STM32F4xx_HAL_Driver/Src/stm32f4xx_hal_rcc_ex.o
LOAD ./Drivers/STM32F4xx_HAL_Driver/Src/stm32f4xx_hal_spi.o
LOAD ./Drivers/STM32F4xx_HAL_Driver/Src/stm32f4xx_hal_tim.o
LOAD ./Drivers/STM32F4xx_HAL_Driver/Src/stm32f4xx_hal_tim_ex.o
LOAD ./Drivers/STM32F4xx_HAL_Driver/Src/stm32f4xx_hal_uart.o
START GROUP
LOAD /Applications/STM32CubeIDE.app/Contents/Eclipse/plugins/com.st.stm32cube.ide.mcu.externaltools.gnu-tools-for-stm32.10.3-2021.10.macos64_1.0.0.202111181127/tools/bin/../lib/gcc/arm-none-eabi/10.3.1/../../../../arm-none-eabi/lib/thumb/v7e-m+fp/hard/libc_nano.a
LOAD /Applications/STM32CubeIDE.app/Contents/Eclipse/plugins/com.st.stm32cube.ide.mcu.externaltools.gnu-tools-for-stm32.10.3-2021.10.macos64_1.0.0.202111181127/tools/bin/../lib/gcc/arm-none-eabi/10.3.1/../../../../arm-none-eabi/lib/thumb/v7e-m+fp/hard/libm.a
END GROUP
START GROUP
LOAD /Applications/STM32CubeIDE.app/Contents/Eclipse/plugins/com.st.stm32cube.ide.mcu.externaltools.gnu-tools-for-stm32.10.3-2021.10.macos64_1.0.0.202111181127/tools/bin/../lib/gcc/arm-none-eabi/10.3.1/thumb/v7e-m+fp/hard/libgcc.a
LOAD /Applications/STM32CubeIDE.app/Contents/Eclipse/plugins/com.st.stm32cube.ide.mcu.externaltools.gnu-tools-for-stm32.10.3-2021.10.macos64_1.0.0.202111181127/tools/bin/../lib/gcc/arm-none-eabi/10.3.1/../../../../arm-none-eabi/lib/thumb/v7e-m+fp/hard/libc_nano.a
END GROUP
START GROUP
LOAD /Applications/STM32CubeIDE.app/Contents/Eclipse/plugins/com.st.stm32cube.ide.mcu.externaltools.gnu-tools-for-stm32.10.3-2021.10.macos64_1.0.0.202111181127/tools/bin/../lib/gcc/arm-none-eabi/10.3.1/thumb/v7e-m+fp/hard/libgcc.a
LOAD /Applications/STM32CubeIDE.app/Contents/Eclipse/plugins/com.st.stm32cube.ide.mcu.externaltools.gnu-tools-for-stm32.10.3-2021.10.macos64_1.0.0.202111181127/tools/bin/../lib/gcc/arm-none-eabi/10.3.1/../../../../arm-none-eabi/lib/thumb/v7e-m+fp/hard/libc_nano.a
LOAD /Applications/STM32CubeIDE.app/Contents/Eclipse/plugins/com.st.stm32cube.ide.mcu.externaltools.gnu-tools-for-stm32.10.3-2021.10.macos64_1.0.0.202111181127/tools/bin/../lib/gcc/arm-none-eabi/10.3.1/../../../../arm-none-eabi/lib/thumb/v7e-m+fp/hard/libnosys.a
END GROUP
START GROUP
LOAD /Applications/STM32CubeIDE.app/Contents/Eclipse/plugins/com.st.stm32cube.ide.mcu.externaltools.gnu-tools-for-stm32.10.3-2021.10.macos64_1.0.0.202111181127/tools/bin/../lib/gcc/arm-none-eabi/10.3.1/thumb/v7e-m+fp/hard/libgcc.a
LOAD /Applications/STM32CubeIDE.app/Contents/Eclipse/plugins/com.st.stm32cube.ide.mcu.externaltools.gnu-tools-for-stm32.10.3-2021.10.macos64_1.0.0.202111181127/tools/bin/../lib/gcc/arm-none-eabi/10.3.1/../../../../arm-none-eabi/lib/thumb/v7e-m+fp/hard/libc_nano.a
LOAD /Applications/STM32CubeIDE.app/Contents/Eclipse/plugins/com.st.stm32cube.ide.mcu.externaltools.gnu-tools-for-stm32.10.3-2021.10.macos64_1.0.0.202111181127/tools/bin/../lib/gcc/arm-none-eabi/10.3.1/../../../../arm-none-eabi/lib/thumb/v7e-m+fp/hard/libnosys.a
END GROUP
LOAD /Applications/STM32CubeIDE.app/Contents/Eclipse/plugins/com.st.stm32cube.ide.mcu.externaltools.gnu-tools-for-stm32.10.3-2021.10.macos64_1.0.0.202111181127/tools/bin/../lib/gcc/arm-none-eabi/10.3.1/thumb/v7e-m+fp/hard/crtend.o
LOAD /Applications/STM32CubeIDE.app/Contents/Eclipse/plugins/com.st.stm32cube.ide.mcu.externaltools.gnu-tools-for-stm32.10.3-2021.10.macos64_1.0.0.202111181127/tools/bin/../lib/gcc/arm-none-eabi/10.3.1/thumb/v7e-m+fp/hard/crtn.o
                0x0000000020020000                _estack = (ORIGIN (RAM) + LENGTH (RAM))
                0x0000000000000200                _Min_Heap_Size = 0x200
                0x0000000000000400                _Min_Stack_Size = 0x400

.isr_vector     0x0000000008000000      0x198
                0x0000000008000000                . = ALIGN (0x4)
 *(.isr_vector)
 .isr_vector    0x0000000008000000      0x198 ./Core/Startup/startup_stm32f411vetx.o
                0x0000000008000000                g_pfnVectors
                0x0000000008000198                . = ALIGN (0x4)

.text           0x00000000080001a0     0x78f8
                0x00000000080001a0                . = ALIGN (0x4)
 *(.text)
 .text          0x00000000080001a0       0x40 /Applications/STM32CubeIDE.app/Contents/Eclipse/plugins/com.st.stm32cube.ide.mcu.externaltools.gnu-tools-for-stm32.10.3-2021.10.macos64_1.0.0.202111181127/tools/bin/../lib/gcc/arm-none-eabi/10.3.1/thumb/v7e-m+fp/hard/crtbegin.o
 .text          0x00000000080001e0       0xa0 /Applications/STM32CubeIDE.app/Contents/Eclipse/plugins/com.st.stm32cube.ide.mcu.externaltools.gnu-tools-for-stm32.10.3-2021.10.macos64_1.0.0.202111181127/tools/bin/../lib/gcc/arm-none-eabi/10.3.1/../../../../arm-none-eabi/lib/thumb/v7e-m+fp/hard/libc_nano.a(lib_a-memchr.o)
                0x00000000080001e0                memchr
 .text          0x0000000008000280       0x30 /Applications/STM32CubeIDE.app/Contents/Eclipse/plugins/com.st.stm32cube.ide.mcu.externaltools.gnu-tools-for-stm32.10.3-2021.10.macos64_1.0.0.202111181127/tools/bin/../lib/gcc/arm-none-eabi/10.3.1/thumb/v7e-m+fp/hard/libgcc.a(_aeabi_uldivmod.o)
                0x0000000008000280                __aeabi_uldivmod
 .text          0x00000000080002b0      0x2d0 /Applications/STM32CubeIDE.app/Contents/Eclipse/plugins/com.st.stm32cube.ide.mcu.externaltools.gnu-tools-for-stm32.10.3-2021.10.macos64_1.0.0.202111181127/tools/bin/../lib/gcc/arm-none-eabi/10.3.1/thumb/v7e-m+fp/hard/libgcc.a(_udivmoddi4.o)
                0x00000000080002b0                __udivmoddi4
 .text          0x0000000008000580        0x4 /Applications/STM32CubeIDE.app/Contents/Eclipse/plugins/com.st.stm32cube.ide.mcu.externaltools.gnu-tools-for-stm32.10.3-2021.10.macos64_1.0.0.202111181127/tools/bin/../lib/gcc/arm-none-eabi/10.3.1/thumb/v7e-m+fp/hard/libgcc.a(_dvmd_tls.o)
                0x0000000008000580                __aeabi_ldiv0
                0x0000000008000580                __aeabi_idiv0
 *(.text*)
 .text.ConsoleCommandMatch
                0x0000000008000584       0x9a ./Core/Src/console.o
 .text.ConsoleResetBuffer
                0x000000000800061e       0x64 ./Core/Src/console.o
 .text.ConsoleCommandEndline
                0x0000000008000682       0x56 ./Core/Src/console.o
 .text.ConsoleInit
                0x00000000080006d8       0x5c ./Core/Src/console.o
                0x00000000080006d8                ConsoleInit
 .text.ConsoleProcess
                0x0000000008000734      0x178 ./Core/Src/console.o
                0x0000000008000734                ConsoleProcess
 .text.ConsoleParamFindN
                0x00000000080008ac       0x64 ./Core/Src/console.o
 .text.ConsoleReceiveParamInt16
                0x0000000008000910       0xbc ./Core/Src/console.o
                0x0000000008000910                ConsoleReceiveParamInt16
 .text.ConsoleReceiveParamHexUint16
                0x00000000080009cc       0x92 ./Core/Src/console.o
                0x00000000080009cc                ConsoleReceiveParamHexUint16
 .text.ConsoleSendParamHexUint16
                0x0000000008000a5e       0x72 ./Core/Src/console.o
                0x0000000008000a5e                ConsoleSendParamHexUint16
 .text.smallItoa
                0x0000000008000ad0       0xaa ./Core/Src/console.o
 .text.ConsoleSendParamInt16
                0x0000000008000b7a       0x2e ./Core/Src/console.o
                0x0000000008000b7a                ConsoleSendParamInt16
 .text.ConsoleSendParamInt32
                0x0000000008000ba8       0x38 ./Core/Src/console.o
                0x0000000008000ba8                ConsoleSendParamInt32
 .text.ConsoleUtilHexCharToInt
                0x0000000008000be0       0x82 ./Core/Src/console.o
 .text.ConsoleUtilsIntToHexChar
                0x0000000008000c62       0x4c ./Core/Src/console.o
 .text.ConsoleCommandComment
                0x0000000008000cae       0x16 ./Core/Src/consoleCommands.o
 .text.ConsoleCommandHelp
                0x0000000008000cc4       0x74 ./Core/Src/consoleCommands.o
 .text.ConsoleCommandAccel
                0x0000000008000d38       0x78 ./Core/Src/consoleCommands.o
 .text.ConsoleCommandGyro
                0x0000000008000db0       0x78 ./Core/Src/consoleCommands.o
 .text.ConsoleCommandFlashRW
                0x0000000008000e28      0x110 ./Core/Src/consoleCommands.o
 .text.ConsoleCommandParamExampleInt16
                0x0000000008000f38       0x68 ./Core/Src/consoleCommands.o
 .text.ConsoleCommandParamExampleHexUint16
                0x0000000008000fa0       0x48 ./Core/Src/consoleCommands.o
 .text.ConsoleCommandVer
                0x0000000008000fe8       0x2c ./Core/Src/consoleCommands.o
 .text.ConsoleCommandsGetTable
                0x0000000008001014       0x14 ./Core/Src/consoleCommands.o
                0x0000000008001014                ConsoleCommandsGetTable
 .text.ConsoleIoInit
                0x0000000008001028       0x10 ./Core/Src/consoleIo.o
                0x0000000008001028                ConsoleIoInit
 .text.ConsoleIoReceive
                0x0000000008001038       0x58 ./Core/Src/consoleIo.o
                0x0000000008001038                ConsoleIoReceive
 .text.ConsoleIoSendString
                0x0000000008001090       0x4c ./Core/Src/consoleIo.o
                0x0000000008001090                ConsoleIoSendString
 .text.MX_GPIO_Init
                0x00000000080010dc      0x1f0 ./Core/Src/gpio.o
                0x00000000080010dc                MX_GPIO_Init
 .text.MX_I2C1_Init
                0x00000000080012cc       0x5c ./Core/Src/i2c.o
                0x00000000080012cc                MX_I2C1_Init
 .text.HAL_I2C_MspInit
                0x0000000008001328       0x90 ./Core/Src/i2c.o
                0x0000000008001328                HAL_I2C_MspInit
 .text.HAL_I2C_MspDeInit
                0x00000000080013b8       0x44 ./Core/Src/i2c.o
                0x00000000080013b8                HAL_I2C_MspDeInit
 .text.MX_I2S2_Init
                0x00000000080013fc       0x5c ./Core/Src/i2s.o
                0x00000000080013fc                MX_I2S2_Init
 .text.MX_I2S3_Init
                0x0000000008001458       0x60 ./Core/Src/i2s.o
                0x0000000008001458                MX_I2S3_Init
 .text.HAL_I2S_MspInit
                0x00000000080014b8      0x19c ./Core/Src/i2s.o
                0x00000000080014b8                HAL_I2S_MspInit
 .text.input_buf_reset
                0x0000000008001654       0x2c ./Core/Src/input_buf.o
                0x0000000008001654                input_buf_reset
 .text.input_buf_add
                0x0000000008001680       0x50 ./Core/Src/input_buf.o
                0x0000000008001680                input_buf_add
 .text.input_buf_ready
                0x00000000080016d0       0x48 ./Core/Src/input_buf.o
                0x00000000080016d0                input_buf_ready
 .text.HAL_UART_RxCpltCallback
                0x0000000008001718       0x48 ./Core/Src/main.o
                0x0000000008001718                HAL_UART_RxCpltCallback
 .text.main     0x0000000008001760       0x98 ./Core/Src/main.o
                0x0000000008001760                main
 .text.SystemClock_Config
                0x00000000080017f8       0xd0 ./Core/Src/main.o
                0x00000000080017f8                SystemClock_Config
 .text.PeriphCommonClock_Config
                0x00000000080018c8       0x40 ./Core/Src/main.o
                0x00000000080018c8                PeriphCommonClock_Config
 .text.cli_check
                0x0000000008001908       0xb0 ./Core/Src/main.o
                0x0000000008001908                cli_check
 .text.Error_Handler
                0x00000000080019b8        0xa ./Core/Src/main.o
                0x00000000080019b8                Error_Handler
 *fill*         0x00000000080019c2        0x2 
 .text.MX_SPI1_Init
                0x00000000080019c4       0x6c ./Core/Src/spi.o
                0x00000000080019c4                MX_SPI1_Init
 .text.HAL_SPI_MspInit
                0x0000000008001a30       0x90 ./Core/Src/spi.o
                0x0000000008001a30                HAL_SPI_MspInit
 .text.HAL_MspInit
                0x0000000008001ac0       0x50 ./Core/Src/stm32f4xx_hal_msp.o
                0x0000000008001ac0                HAL_MspInit
 .text.NMI_Handler
                0x0000000008001b10        0x6 ./Core/Src/stm32f4xx_it.o
                0x0000000008001b10                NMI_Handler
 .text.HardFault_Handler
                0x0000000008001b16        0x6 ./Core/Src/stm32f4xx_it.o
                0x0000000008001b16                HardFault_Handler
 .text.MemManage_Handler
                0x0000000008001b1c        0x6 ./Core/Src/stm32f4xx_it.o
                0x0000000008001b1c                MemManage_Handler
 .text.BusFault_Handler
                0x0000000008001b22        0x6 ./Core/Src/stm32f4xx_it.o
                0x0000000008001b22                BusFault_Handler
 .text.UsageFault_Handler
                0x0000000008001b28        0x6 ./Core/Src/stm32f4xx_it.o
                0x0000000008001b28                UsageFault_Handler
 .text.SVC_Handler
                0x0000000008001b2e        0xe ./Core/Src/stm32f4xx_it.o
                0x0000000008001b2e                SVC_Handler
 .text.DebugMon_Handler
                0x0000000008001b3c        0xe ./Core/Src/stm32f4xx_it.o
                0x0000000008001b3c                DebugMon_Handler
 .text.PendSV_Handler
                0x0000000008001b4a        0xe ./Core/Src/stm32f4xx_it.o
                0x0000000008001b4a                PendSV_Handler
 .text.SysTick_Handler
                0x0000000008001b58        0xc ./Core/Src/stm32f4xx_it.o
                0x0000000008001b58                SysTick_Handler
 .text.USART2_IRQHandler
                0x0000000008001b64       0x14 ./Core/Src/stm32f4xx_it.o
                0x0000000008001b64                USART2_IRQHandler
 .text._sbrk    0x0000000008001b78       0x6c ./Core/Src/sysmem.o
                0x0000000008001b78                _sbrk
 .text.SystemInit
                0x0000000008001be4       0x24 ./Core/Src/system_stm32f4xx.o
                0x0000000008001be4                SystemInit
 .text.MX_USART2_UART_Init
                0x0000000008001c08       0x54 ./Core/Src/usart.o
                0x0000000008001c08                MX_USART2_UART_Init
 .text.HAL_UART_MspInit
                0x0000000008001c5c       0xa0 ./Core/Src/usart.o
                0x0000000008001c5c                HAL_UART_MspInit
 .text.Reset_Handler
                0x0000000008001cfc       0x50 ./Core/Startup/startup_stm32f411vetx.o
                0x0000000008001cfc                Reset_Handler
 .text.Default_Handler
                0x0000000008001d4c        0x2 ./Core/Startup/startup_stm32f411vetx.o
                0x0000000008001d4c                DMA1_Stream3_IRQHandler
                0x0000000008001d4c                EXTI2_IRQHandler
                0x0000000008001d4c                SPI4_IRQHandler
                0x0000000008001d4c                TIM1_CC_IRQHandler
                0x0000000008001d4c                DMA2_Stream5_IRQHandler
                0x0000000008001d4c                DMA1_Stream5_IRQHandler
                0x0000000008001d4c                PVD_IRQHandler
                0x0000000008001d4c                SDIO_IRQHandler
                0x0000000008001d4c                TAMP_STAMP_IRQHandler
                0x0000000008001d4c                EXTI3_IRQHandler
                0x0000000008001d4c                TIM1_UP_TIM10_IRQHandler
                0x0000000008001d4c                I2C3_ER_IRQHandler
                0x0000000008001d4c                EXTI0_IRQHandler
                0x0000000008001d4c                I2C2_EV_IRQHandler
                0x0000000008001d4c                DMA1_Stream2_IRQHandler
                0x0000000008001d4c                FPU_IRQHandler
                0x0000000008001d4c                DMA2_Stream2_IRQHandler
                0x0000000008001d4c                SPI1_IRQHandler
                0x0000000008001d4c                TIM1_BRK_TIM9_IRQHandler
                0x0000000008001d4c                DMA2_Stream3_IRQHandler
                0x0000000008001d4c                USART6_IRQHandler
                0x0000000008001d4c                DMA2_Stream0_IRQHandler
                0x0000000008001d4c                TIM4_IRQHandler
                0x0000000008001d4c                I2C1_EV_IRQHandler
                0x0000000008001d4c                DMA1_Stream6_IRQHandler
                0x0000000008001d4c                DMA1_Stream1_IRQHandler
                0x0000000008001d4c                TIM3_IRQHandler
                0x0000000008001d4c                RCC_IRQHandler
                0x0000000008001d4c                Default_Handler
                0x0000000008001d4c                EXTI15_10_IRQHandler
                0x0000000008001d4c                ADC_IRQHandler
                0x0000000008001d4c                DMA1_Stream7_IRQHandler
                0x0000000008001d4c                SPI5_IRQHandler
                0x0000000008001d4c                TIM5_IRQHandler
                0x0000000008001d4c                DMA2_Stream7_IRQHandler
                0x0000000008001d4c                I2C3_EV_IRQHandler
                0x0000000008001d4c                EXTI9_5_IRQHandler
                0x0000000008001d4c                RTC_WKUP_IRQHandler
                0x0000000008001d4c                SPI2_IRQHandler
                0x0000000008001d4c                DMA1_Stream0_IRQHandler
                0x0000000008001d4c                EXTI4_IRQHandler
                0x0000000008001d4c                WWDG_IRQHandler
                0x0000000008001d4c                TIM2_IRQHandler
                0x0000000008001d4c                OTG_FS_WKUP_IRQHandler
                0x0000000008001d4c                TIM1_TRG_COM_TIM11_IRQHandler
                0x0000000008001d4c                EXTI1_IRQHandler
                0x0000000008001d4c                I2C2_ER_IRQHandler
                0x0000000008001d4c                DMA2_Stream1_IRQHandler
                0x0000000008001d4c                FLASH_IRQHandler
                0x0000000008001d4c                DMA2_Stream4_IRQHandler
                0x0000000008001d4c                USART1_IRQHandler
                0x0000000008001d4c                OTG_FS_IRQHandler
                0x0000000008001d4c                SPI3_IRQHandler
                0x0000000008001d4c                DMA1_Stream4_IRQHandler
                0x0000000008001d4c                I2C1_ER_IRQHandler
                0x0000000008001d4c                DMA2_Stream6_IRQHandler
                0x0000000008001d4c                RTC_Alarm_IRQHandler
 .text.LSM303AGR_AccInit
                0x0000000008001d4e       0x3a ./Drivers/BSP/Components/lsm303agr/lsm303agr.o
                0x0000000008001d4e                LSM303AGR_AccInit
 .text.LSM303AGR_AccDeInit
                0x0000000008001d88        0xe ./Drivers/BSP/Components/lsm303agr/lsm303agr.o
                0x0000000008001d88                LSM303AGR_AccDeInit
 .text.LSM303AGR_AccReadID
                0x0000000008001d96       0x24 ./Drivers/BSP/Components/lsm303agr/lsm303agr.o
                0x0000000008001d96                LSM303AGR_AccReadID
 .text.LSM303AGR_AccRebootCmd
                0x0000000008001dba       0x2e ./Drivers/BSP/Components/lsm303agr/lsm303agr.o
                0x0000000008001dba                LSM303AGR_AccRebootCmd
 .text.LSM303AGR_AccFilterConfig
                0x0000000008001de8       0x3a ./Drivers/BSP/Components/lsm303agr/lsm303agr.o
                0x0000000008001de8                LSM303AGR_AccFilterConfig
 .text.LSM303AGR_AccFilterCmd
                0x0000000008001e22       0x3a ./Drivers/BSP/Components/lsm303agr/lsm303agr.o
                0x0000000008001e22                LSM303AGR_AccFilterCmd
 .text.LSM303AGR_AccReadXYZ
                0x0000000008001e5c      0x190 ./Drivers/BSP/Components/lsm303agr/lsm303agr.o
                0x0000000008001e5c                LSM303AGR_AccReadXYZ
 .text.LSM303AGR_AccFilterClickCmd
                0x0000000008001fec       0x3e ./Drivers/BSP/Components/lsm303agr/lsm303agr.o
                0x0000000008001fec                LSM303AGR_AccFilterClickCmd
 .text.LSM303AGR_AccIT1Enable
                0x000000000800202a       0x36 ./Drivers/BSP/Components/lsm303agr/lsm303agr.o
                0x000000000800202a                LSM303AGR_AccIT1Enable
 .text.LSM303AGR_AccClickITEnable
                0x0000000008002060       0x72 ./Drivers/BSP/Components/lsm303agr/lsm303agr.o
                0x0000000008002060                LSM303AGR_AccClickITEnable
 .text.LSM303AGR_AccZClickITConfig
                0x00000000080020d2       0x1e ./Drivers/BSP/Components/lsm303agr/lsm303agr.o
                0x00000000080020d2                LSM303AGR_AccZClickITConfig
 .text.LSM303DLHC_AccInit
                0x00000000080020f0       0x3a ./Drivers/BSP/Components/lsm303dlhc/lsm303dlhc.o
                0x00000000080020f0                LSM303DLHC_AccInit
 .text.LSM303DLHC_AccDeInit
                0x000000000800212a        0xe ./Drivers/BSP/Components/lsm303dlhc/lsm303dlhc.o
                0x000000000800212a                LSM303DLHC_AccDeInit
 .text.LSM303DLHC_AccReadID
                0x0000000008002138       0x24 ./Drivers/BSP/Components/lsm303dlhc/lsm303dlhc.o
                0x0000000008002138                LSM303DLHC_AccReadID
 .text.LSM303DLHC_AccRebootCmd
                0x000000000800215c       0x2e ./Drivers/BSP/Components/lsm303dlhc/lsm303dlhc.o
                0x000000000800215c                LSM303DLHC_AccRebootCmd
 .text.LSM303DLHC_AccFilterConfig
                0x000000000800218a       0x3a ./Drivers/BSP/Components/lsm303dlhc/lsm303dlhc.o
                0x000000000800218a                LSM303DLHC_AccFilterConfig
 .text.LSM303DLHC_AccFilterCmd
                0x00000000080021c4       0x3a ./Drivers/BSP/Components/lsm303dlhc/lsm303dlhc.o
                0x00000000080021c4                LSM303DLHC_AccFilterCmd
 .text.LSM303DLHC_AccReadXYZ
                0x00000000080021fe      0x190 ./Drivers/BSP/Components/lsm303dlhc/lsm303dlhc.o
                0x00000000080021fe                LSM303DLHC_AccReadXYZ
 .text.LSM303DLHC_AccFilterClickCmd
                0x000000000800238e       0x3e ./Drivers/BSP/Components/lsm303dlhc/lsm303dlhc.o
                0x000000000800238e                LSM303DLHC_AccFilterClickCmd
 .text.LSM303DLHC_AccIT1Enable
                0x00000000080023cc       0x36 ./Drivers/BSP/Components/lsm303dlhc/lsm303dlhc.o
                0x00000000080023cc                LSM303DLHC_AccIT1Enable
 .text.LSM303DLHC_AccClickITEnable
                0x0000000008002402       0x72 ./Drivers/BSP/Components/lsm303dlhc/lsm303dlhc.o
                0x0000000008002402                LSM303DLHC_AccClickITEnable
 .text.LSM303DLHC_AccZClickITConfig
                0x0000000008002474       0x1e ./Drivers/BSP/Components/lsm303dlhc/lsm303dlhc.o
                0x0000000008002474                LSM303DLHC_AccZClickITConfig
 *fill*         0x0000000008002492        0x2 
 .text.I2Cx_Init
                0x0000000008002494       0x64 ./Drivers/BSP/STM32F411E-Discovery/stm32f411e_discovery.o
 .text.I2Cx_WriteData
                0x00000000080024f8       0x50 ./Drivers/BSP/STM32F411E-Discovery/stm32f411e_discovery.o
 .text.I2Cx_ReadData
                0x0000000008002548       0x58 ./Drivers/BSP/STM32F411E-Discovery/stm32f411e_discovery.o
 .text.I2Cx_Error
                0x00000000080025a0       0x18 ./Drivers/BSP/STM32F411E-Discovery/stm32f411e_discovery.o
 .text.I2Cx_MspInit
                0x00000000080025b8       0xac ./Drivers/BSP/STM32F411E-Discovery/stm32f411e_discovery.o
 .text.COMPASSACCELERO_IO_Init
                0x0000000008002664       0x50 ./Drivers/BSP/STM32F411E-Discovery/stm32f411e_discovery.o
                0x0000000008002664                COMPASSACCELERO_IO_Init
 .text.COMPASSACCELERO_IO_ITConfig
                0x00000000080026b4       0x60 ./Drivers/BSP/STM32F411E-Discovery/stm32f411e_discovery.o
                0x00000000080026b4                COMPASSACCELERO_IO_ITConfig
 .text.COMPASSACCELERO_IO_Write
                0x0000000008002714       0x26 ./Drivers/BSP/STM32F411E-Discovery/stm32f411e_discovery.o
                0x0000000008002714                COMPASSACCELERO_IO_Write
 .text.COMPASSACCELERO_IO_Read
                0x000000000800273a       0x26 ./Drivers/BSP/STM32F411E-Discovery/stm32f411e_discovery.o
                0x000000000800273a                COMPASSACCELERO_IO_Read
 .text.BSP_ACCELERO_Init
                0x0000000008002760      0x184 ./Drivers/BSP/STM32F411E-Discovery/stm32f411e_discovery_accelerometer.o
                0x0000000008002760                BSP_ACCELERO_Init
 .text.BSP_ACCELERO_GetXYZ
                0x00000000080028e4       0x58 ./Drivers/BSP/STM32F411E-Discovery/stm32f411e_discovery_accelerometer.o
                0x00000000080028e4                BSP_ACCELERO_GetXYZ
 .text.HAL_I2S_TxCpltCallback
                0x000000000800293c       0x24 ./Drivers/BSP/STM32F411E-Discovery/stm32f411e_discovery_audio.o
                0x000000000800293c                HAL_I2S_TxCpltCallback
 .text.BSP_AUDIO_OUT_TransferComplete_CallBack
                0x0000000008002960        0xe ./Drivers/BSP/STM32F411E-Discovery/stm32f411e_discovery_audio.o
                0x0000000008002960                BSP_AUDIO_OUT_TransferComplete_CallBack
 .text.BSP_AUDIO_OUT_Error_CallBack
                0x000000000800296e        0xe ./Drivers/BSP/STM32F411E-Discovery/stm32f411e_discovery_audio.o
                0x000000000800296e                BSP_AUDIO_OUT_Error_CallBack
 .text.HAL_I2S_RxCpltCallback
                0x000000000800297c       0x14 ./Drivers/BSP/STM32F411E-Discovery/stm32f411e_discovery_audio.o
                0x000000000800297c                HAL_I2S_RxCpltCallback
 .text.BSP_AUDIO_IN_TransferComplete_CallBack
                0x0000000008002990        0xe ./Drivers/BSP/STM32F411E-Discovery/stm32f411e_discovery_audio.o
                0x0000000008002990                BSP_AUDIO_IN_TransferComplete_CallBack
 .text.BSP_AUDIO_IN_Error_Callback
                0x000000000800299e        0xe ./Drivers/BSP/STM32F411E-Discovery/stm32f411e_discovery_audio.o
                0x000000000800299e                BSP_AUDIO_IN_Error_Callback
 .text.HAL_I2S_ErrorCallback
                0x00000000080029ac       0x34 ./Drivers/BSP/STM32F411E-Discovery/stm32f411e_discovery_audio.o
                0x00000000080029ac                HAL_I2S_ErrorCallback
 .text.BSP_GYRO_GetXYZ
                0x00000000080029e0       0x28 ./Drivers/BSP/STM32F411E-Discovery/stm32f411e_discovery_gyroscope.o
                0x00000000080029e0                BSP_GYRO_GetXYZ
 .text.HAL_Init
                0x0000000008002a08       0x44 ./Drivers/STM32F4xx_HAL_Driver/Src/stm32f4xx_hal.o
                0x0000000008002a08                HAL_Init
 .text.HAL_InitTick
                0x0000000008002a4c       0x60 ./Drivers/STM32F4xx_HAL_Driver/Src/stm32f4xx_hal.o
                0x0000000008002a4c                HAL_InitTick
 .text.HAL_IncTick
                0x0000000008002aac       0x28 ./Drivers/STM32F4xx_HAL_Driver/Src/stm32f4xx_hal.o
                0x0000000008002aac                HAL_IncTick
 .text.HAL_GetTick
                0x0000000008002ad4       0x18 ./Drivers/STM32F4xx_HAL_Driver/Src/stm32f4xx_hal.o
                0x0000000008002ad4                HAL_GetTick
 .text.HAL_Delay
                0x0000000008002aec       0x48 ./Drivers/STM32F4xx_HAL_Driver/Src/stm32f4xx_hal.o
                0x0000000008002aec                HAL_Delay
 .text.__NVIC_SetPriorityGrouping
                0x0000000008002b34       0x48 ./Drivers/STM32F4xx_HAL_Driver/Src/stm32f4xx_hal_cortex.o
 .text.__NVIC_GetPriorityGrouping
                0x0000000008002b7c       0x1c ./Drivers/STM32F4xx_HAL_Driver/Src/stm32f4xx_hal_cortex.o
 .text.__NVIC_EnableIRQ
                0x0000000008002b98       0x3c ./Drivers/STM32F4xx_HAL_Driver/Src/stm32f4xx_hal_cortex.o
 .text.__NVIC_SetPriority
                0x0000000008002bd4       0x54 ./Drivers/STM32F4xx_HAL_Driver/Src/stm32f4xx_hal_cortex.o
 .text.NVIC_EncodePriority
                0x0000000008002c28       0x66 ./Drivers/STM32F4xx_HAL_Driver/Src/stm32f4xx_hal_cortex.o
 *fill*         0x0000000008002c8e        0x2 
 .text.SysTick_Config
                0x0000000008002c90       0x44 ./Drivers/STM32F4xx_HAL_Driver/Src/stm32f4xx_hal_cortex.o
 .text.HAL_NVIC_SetPriorityGrouping
                0x0000000008002cd4       0x16 ./Drivers/STM32F4xx_HAL_Driver/Src/stm32f4xx_hal_cortex.o
                0x0000000008002cd4                HAL_NVIC_SetPriorityGrouping
 .text.HAL_NVIC_SetPriority
                0x0000000008002cea       0x38 ./Drivers/STM32F4xx_HAL_Driver/Src/stm32f4xx_hal_cortex.o
                0x0000000008002cea                HAL_NVIC_SetPriority
 .text.HAL_NVIC_EnableIRQ
                0x0000000008002d22       0x1c ./Drivers/STM32F4xx_HAL_Driver/Src/stm32f4xx_hal_cortex.o
                0x0000000008002d22                HAL_NVIC_EnableIRQ
 .text.HAL_SYSTICK_Config
                0x0000000008002d3e       0x18 ./Drivers/STM32F4xx_HAL_Driver/Src/stm32f4xx_hal_cortex.o
                0x0000000008002d3e                HAL_SYSTICK_Config
 .text.HAL_DMA_Abort
                0x0000000008002d56       0xe0 ./Drivers/STM32F4xx_HAL_Driver/Src/stm32f4xx_hal_dma.o
                0x0000000008002d56                HAL_DMA_Abort
 .text.HAL_DMA_Abort_IT
                0x0000000008002e36       0x44 ./Drivers/STM32F4xx_HAL_Driver/Src/stm32f4xx_hal_dma.o
                0x0000000008002e36                HAL_DMA_Abort_IT
 *fill*         0x0000000008002e7a        0x2 
 .text.HAL_FLASH_Program
                0x0000000008002e7c       0xa8 ./Drivers/STM32F4xx_HAL_Driver/Src/stm32f4xx_hal_flash.o
                0x0000000008002e7c                HAL_FLASH_Program
 .text.HAL_FLASH_Unlock
                0x0000000008002f24       0x44 ./Drivers/STM32F4xx_HAL_Driver/Src/stm32f4xx_hal_flash.o
                0x0000000008002f24                HAL_FLASH_Unlock
 .text.HAL_FLASH_Lock
                0x0000000008002f68       0x20 ./Drivers/STM32F4xx_HAL_Driver/Src/stm32f4xx_hal_flash.o
                0x0000000008002f68                HAL_FLASH_Lock
 .text.FLASH_WaitForLastOperation
                0x0000000008002f88       0x80 ./Drivers/STM32F4xx_HAL_Driver/Src/stm32f4xx_hal_flash.o
                0x0000000008002f88                FLASH_WaitForLastOperation
 .text.FLASH_Program_DoubleWord
                0x0000000008003008       0x64 ./Drivers/STM32F4xx_HAL_Driver/Src/stm32f4xx_hal_flash.o
 .text.FLASH_Program_Word
                0x000000000800306c       0x44 ./Drivers/STM32F4xx_HAL_Driver/Src/stm32f4xx_hal_flash.o
 .text.FLASH_Program_HalfWord
                0x00000000080030b0       0x48 ./Drivers/STM32F4xx_HAL_Driver/Src/stm32f4xx_hal_flash.o
 .text.FLASH_Program_Byte
                0x00000000080030f8       0x44 ./Drivers/STM32F4xx_HAL_Driver/Src/stm32f4xx_hal_flash.o
 .text.FLASH_SetErrorCode
                0x000000000800313c       0xcc ./Drivers/STM32F4xx_HAL_Driver/Src/stm32f4xx_hal_flash.o
 .text.HAL_FLASHEx_Erase
                0x0000000008003208       0xe0 ./Drivers/STM32F4xx_HAL_Driver/Src/stm32f4xx_hal_flash_ex.o
                0x0000000008003208                HAL_FLASHEx_Erase
 .text.FLASH_MassErase
                0x00000000080032e8       0x48 ./Drivers/STM32F4xx_HAL_Driver/Src/stm32f4xx_hal_flash_ex.o
 .text.FLASH_Erase_Sector
                0x0000000008003330       0x90 ./Drivers/STM32F4xx_HAL_Driver/Src/stm32f4xx_hal_flash_ex.o
                0x0000000008003330                FLASH_Erase_Sector
 .text.FLASH_FlushCaches
                0x00000000080033c0       0x8c ./Drivers/STM32F4xx_HAL_Driver/Src/stm32f4xx_hal_flash_ex.o
                0x00000000080033c0                FLASH_FlushCaches
 .text.HAL_GPIO_Init
                0x000000000800344c      0x308 ./Drivers/STM32F4xx_HAL_Driver/Src/stm32f4xx_hal_gpio.o
                0x000000000800344c                HAL_GPIO_Init
 .text.HAL_GPIO_DeInit
                0x0000000008003754      0x1c8 ./Drivers/STM32F4xx_HAL_Driver/Src/stm32f4xx_hal_gpio.o
                0x0000000008003754                HAL_GPIO_DeInit
 .text.HAL_GPIO_WritePin
                0x000000000800391c       0x32 ./Drivers/STM32F4xx_HAL_Driver/Src/stm32f4xx_hal_gpio.o
                0x000000000800391c                HAL_GPIO_WritePin
 *fill*         0x000000000800394e        0x2 
 .text.HAL_I2C_Init
                0x0000000008003950      0x288 ./Drivers/STM32F4xx_HAL_Driver/Src/stm32f4xx_hal_i2c.o
                0x0000000008003950                HAL_I2C_Init
 .text.HAL_I2C_DeInit
                0x0000000008003bd8       0x5e ./Drivers/STM32F4xx_HAL_Driver/Src/stm32f4xx_hal_i2c.o
                0x0000000008003bd8                HAL_I2C_DeInit
 *fill*         0x0000000008003c36        0x2 
 .text.HAL_I2C_Mem_Write
                0x0000000008003c38      0x1f4 ./Drivers/STM32F4xx_HAL_Driver/Src/stm32f4xx_hal_i2c.o
                0x0000000008003c38                HAL_I2C_Mem_Write
 .text.HAL_I2C_Mem_Read
                0x0000000008003e2c      0x44c ./Drivers/STM32F4xx_HAL_Driver/Src/stm32f4xx_hal_i2c.o
                0x0000000008003e2c                HAL_I2C_Mem_Read
 .text.HAL_I2C_GetState
                0x0000000008004278       0x1c ./Drivers/STM32F4xx_HAL_Driver/Src/stm32f4xx_hal_i2c.o
                0x0000000008004278                HAL_I2C_GetState
 .text.I2C_RequestMemoryWrite
                0x0000000008004294      0x12c ./Drivers/STM32F4xx_HAL_Driver/Src/stm32f4xx_hal_i2c.o
 .text.I2C_RequestMemoryRead
                0x00000000080043c0      0x1d0 ./Drivers/STM32F4xx_HAL_Driver/Src/stm32f4xx_hal_i2c.o
 .text.I2C_WaitOnFlagUntilTimeout
                0x0000000008004590       0xae ./Drivers/STM32F4xx_HAL_Driver/Src/stm32f4xx_hal_i2c.o
 .text.I2C_WaitOnMasterAddressFlagUntilTimeout
                0x000000000800463e       0xfe ./Drivers/STM32F4xx_HAL_Driver/Src/stm32f4xx_hal_i2c.o
 .text.I2C_WaitOnTXEFlagUntilTimeout
                0x000000000800473c       0x82 ./Drivers/STM32F4xx_HAL_Driver/Src/stm32f4xx_hal_i2c.o
 .text.I2C_WaitOnBTFFlagUntilTimeout
                0x00000000080047be       0x82 ./Drivers/STM32F4xx_HAL_Driver/Src/stm32f4xx_hal_i2c.o
 .text.I2C_WaitOnRXNEFlagUntilTimeout
                0x0000000008004840       0xac ./Drivers/STM32F4xx_HAL_Driver/Src/stm32f4xx_hal_i2c.o
 .text.I2C_IsAcknowledgeFailed
                0x00000000080048ec       0x5e ./Drivers/STM32F4xx_HAL_Driver/Src/stm32f4xx_hal_i2c.o
 *fill*         0x000000000800494a        0x2 
 .text.HAL_I2S_Init
                0x000000000800494c      0x280 ./Drivers/STM32F4xx_HAL_Driver/Src/stm32f4xx_hal_i2s.o
                0x000000000800494c                HAL_I2S_Init
 .text.I2S_Transmit_IT
                0x0000000008004bcc       0x5c ./Drivers/STM32F4xx_HAL_Driver/Src/stm32f4xx_hal_i2s.o
 .text.I2S_Receive_IT
                0x0000000008004c28       0x5e ./Drivers/STM32F4xx_HAL_Driver/Src/stm32f4xx_hal_i2s.o
 .text.I2S_IRQHandler
                0x0000000008004c86      0x114 ./Drivers/STM32F4xx_HAL_Driver/Src/stm32f4xx_hal_i2s.o
 *fill*         0x0000000008004d9a        0x2 
 .text.HAL_I2SEx_FullDuplex_IRQHandler
                0x0000000008004d9c      0x2a8 ./Drivers/STM32F4xx_HAL_Driver/Src/stm32f4xx_hal_i2s_ex.o
                0x0000000008004d9c                HAL_I2SEx_FullDuplex_IRQHandler
 .text.HAL_I2SEx_TxRxCpltCallback
                0x0000000008005044       0x14 ./Drivers/STM32F4xx_HAL_Driver/Src/stm32f4xx_hal_i2s_ex.o
                0x0000000008005044                HAL_I2SEx_TxRxCpltCallback
 .text.I2SEx_TxISR_I2S
                0x0000000008005058       0x62 ./Drivers/STM32F4xx_HAL_Driver/Src/stm32f4xx_hal_i2s_ex.o
 *fill*         0x00000000080050ba        0x2 
 .text.I2SEx_TxISR_I2SExt
                0x00000000080050bc       0x98 ./Drivers/STM32F4xx_HAL_Driver/Src/stm32f4xx_hal_i2s_ex.o
 .text.I2SEx_RxISR_I2S
                0x0000000008005154       0x64 ./Drivers/STM32F4xx_HAL_Driver/Src/stm32f4xx_hal_i2s_ex.o
 .text.I2SEx_RxISR_I2SExt
                0x00000000080051b8       0x98 ./Drivers/STM32F4xx_HAL_Driver/Src/stm32f4xx_hal_i2s_ex.o
 .text.HAL_RCC_OscConfig
                0x0000000008005250      0x4f0 ./Drivers/STM32F4xx_HAL_Driver/Src/stm32f4xx_hal_rcc.o
                0x0000000008005250                HAL_RCC_OscConfig
 .text.HAL_RCC_ClockConfig
                0x0000000008005740      0x1cc ./Drivers/STM32F4xx_HAL_Driver/Src/stm32f4xx_hal_rcc.o
                0x0000000008005740                HAL_RCC_ClockConfig
 .text.HAL_RCC_GetSysClockFreq
                0x000000000800590c      0x20c ./Drivers/STM32F4xx_HAL_Driver/Src/stm32f4xx_hal_rcc.o
                0x000000000800590c                HAL_RCC_GetSysClockFreq
 .text.HAL_RCC_GetHCLKFreq
                0x0000000008005b18       0x18 ./Drivers/STM32F4xx_HAL_Driver/Src/stm32f4xx_hal_rcc.o
                0x0000000008005b18                HAL_RCC_GetHCLKFreq
 .text.HAL_RCC_GetPCLK1Freq
                0x0000000008005b30       0x28 ./Drivers/STM32F4xx_HAL_Driver/Src/stm32f4xx_hal_rcc.o
                0x0000000008005b30                HAL_RCC_GetPCLK1Freq
 .text.HAL_RCC_GetPCLK2Freq
                0x0000000008005b58       0x28 ./Drivers/STM32F4xx_HAL_Driver/Src/stm32f4xx_hal_rcc.o
                0x0000000008005b58                HAL_RCC_GetPCLK2Freq
 .text.HAL_RCCEx_PeriphCLKConfig
                0x0000000008005b80      0x1e0 ./Drivers/STM32F4xx_HAL_Driver/Src/stm32f4xx_hal_rcc_ex.o
                0x0000000008005b80                HAL_RCCEx_PeriphCLKConfig
 .text.HAL_RCCEx_GetPeriphCLKFreq
                0x0000000008005d60       0xc0 ./Drivers/STM32F4xx_HAL_Driver/Src/stm32f4xx_hal_rcc_ex.o
                0x0000000008005d60                HAL_RCCEx_GetPeriphCLKFreq
 .text.HAL_SPI_Init
                0x0000000008005e20      0x112 ./Drivers/STM32F4xx_HAL_Driver/Src/stm32f4xx_hal_spi.o
                0x0000000008005e20                HAL_SPI_Init
 .text.HAL_UART_Init
                0x0000000008005f32       0x9a ./Drivers/STM32F4xx_HAL_Driver/Src/stm32f4xx_hal_uart.o
                0x0000000008005f32                HAL_UART_Init
 .text.HAL_UART_Transmit
                0x0000000008005fcc      0x124 ./Drivers/STM32F4xx_HAL_Driver/Src/stm32f4xx_hal_uart.o
                0x0000000008005fcc                HAL_UART_Transmit
 .text.HAL_UART_Receive_IT
                0x00000000080060f0       0x60 ./Drivers/STM32F4xx_HAL_Driver/Src/stm32f4xx_hal_uart.o
                0x00000000080060f0                HAL_UART_Receive_IT
 .text.HAL_UART_IRQHandler
                0x0000000008006150      0x51c ./Drivers/STM32F4xx_HAL_Driver/Src/stm32f4xx_hal_uart.o
                0x0000000008006150                HAL_UART_IRQHandler
 .text.HAL_UART_TxCpltCallback
                0x000000000800666c       0x14 ./Drivers/STM32F4xx_HAL_Driver/Src/stm32f4xx_hal_uart.o
                0x000000000800666c                HAL_UART_TxCpltCallback
 .text.HAL_UART_ErrorCallback
                0x0000000008006680       0x14 ./Drivers/STM32F4xx_HAL_Driver/Src/stm32f4xx_hal_uart.o
                0x0000000008006680                HAL_UART_ErrorCallback
 .text.HAL_UARTEx_RxEventCallback
                0x0000000008006694       0x18 ./Drivers/STM32F4xx_HAL_Driver/Src/stm32f4xx_hal_uart.o
                0x0000000008006694                HAL_UARTEx_RxEventCallback
 .text.UART_WaitOnFlagUntilTimeout
                0x00000000080066ac       0xdc ./Drivers/STM32F4xx_HAL_Driver/Src/stm32f4xx_hal_uart.o
 .text.UART_Start_Receive_IT
                0x0000000008006788       0x7c ./Drivers/STM32F4xx_HAL_Driver/Src/stm32f4xx_hal_uart.o
                0x0000000008006788                UART_Start_Receive_IT
 .text.UART_EndRxTransfer
                0x0000000008006804       0xc6 ./Drivers/STM32F4xx_HAL_Driver/Src/stm32f4xx_hal_uart.o
 .text.UART_DMAAbortOnError
                0x00000000080068ca       0x28 ./Drivers/STM32F4xx_HAL_Driver/Src/stm32f4xx_hal_uart.o
 .text.UART_Transmit_IT
                0x00000000080068f2       0xa0 ./Drivers/STM32F4xx_HAL_Driver/Src/stm32f4xx_hal_uart.o
 .text.UART_EndTransmit_IT
                0x0000000008006992       0x30 ./Drivers/STM32F4xx_HAL_Driver/Src/stm32f4xx_hal_uart.o
 .text.UART_Receive_IT
                0x00000000080069c2      0x176 ./Drivers/STM32F4xx_HAL_Driver/Src/stm32f4xx_hal_uart.o
 .text.UART_SetConfig
                0x0000000008006b38      0x4e8 ./Drivers/STM32F4xx_HAL_Driver/Src/stm32f4xx_hal_uart.o
 .text.atoi     0x0000000008007020        0x8 /Applications/STM32CubeIDE.app/Contents/Eclipse/plugins/com.st.stm32cube.ide.mcu.externaltools.gnu-tools-for-stm32.10.3-2021.10.macos64_1.0.0.202111181127/tools/bin/../lib/gcc/arm-none-eabi/10.3.1/../../../../arm-none-eabi/lib/thumb/v7e-m+fp/hard/libc_nano.a(lib_a-atoi.o)
                0x0000000008007020                atoi
 .text.__errno  0x0000000008007028        0xc /Applications/STM32CubeIDE.app/Contents/Eclipse/plugins/com.st.stm32cube.ide.mcu.externaltools.gnu-tools-for-stm32.10.3-2021.10.macos64_1.0.0.202111181127/tools/bin/../lib/gcc/arm-none-eabi/10.3.1/../../../../arm-none-eabi/lib/thumb/v7e-m+fp/hard/libc_nano.a(lib_a-errno.o)
                0x0000000008007028                __errno
 .text.__libc_init_array
                0x0000000008007034       0x48 /Applications/STM32CubeIDE.app/Contents/Eclipse/plugins/com.st.stm32cube.ide.mcu.externaltools.gnu-tools-for-stm32.10.3-2021.10.macos64_1.0.0.202111181127/tools/bin/../lib/gcc/arm-none-eabi/10.3.1/../../../../arm-none-eabi/lib/thumb/v7e-m+fp/hard/libc_nano.a(lib_a-init.o)
                0x0000000008007034                __libc_init_array
 .text.memset   0x000000000800707c       0x10 /Applications/STM32CubeIDE.app/Contents/Eclipse/plugins/com.st.stm32cube.ide.mcu.externaltools.gnu-tools-for-stm32.10.3-2021.10.macos64_1.0.0.202111181127/tools/bin/../lib/gcc/arm-none-eabi/10.3.1/../../../../arm-none-eabi/lib/thumb/v7e-m+fp/hard/libc_nano.a(lib_a-memset.o)
                0x000000000800707c                memset
 .text.sprintf  0x000000000800708c       0x40 /Applications/STM32CubeIDE.app/Contents/Eclipse/plugins/com.st.stm32cube.ide.mcu.externaltools.gnu-tools-for-stm32.10.3-2021.10.macos64_1.0.0.202111181127/tools/bin/../lib/gcc/arm-none-eabi/10.3.1/../../../../arm-none-eabi/lib/thumb/v7e-m+fp/hard/libc_nano.a(lib_a-sprintf.o)
                0x000000000800708c                sprintf
                0x000000000800708c                siprintf
 .text._strtol_l.constprop.0
                0x00000000080070cc      0x104 /Applications/STM32CubeIDE.app/Contents/Eclipse/plugins/com.st.stm32cube.ide.mcu.externaltools.gnu-tools-for-stm32.10.3-2021.10.macos64_1.0.0.202111181127/tools/bin/../lib/gcc/arm-none-eabi/10.3.1/../../../../arm-none-eabi/lib/thumb/v7e-m+fp/hard/libc_nano.a(lib_a-strtol.o)
 .text.strtol   0x00000000080071d0       0x14 /Applications/STM32CubeIDE.app/Contents/Eclipse/plugins/com.st.stm32cube.ide.mcu.externaltools.gnu-tools-for-stm32.10.3-2021.10.macos64_1.0.0.202111181127/tools/bin/../lib/gcc/arm-none-eabi/10.3.1/../../../../arm-none-eabi/lib/thumb/v7e-m+fp/hard/libc_nano.a(lib_a-strtol.o)
                0x00000000080071d0                strtol
 .text.__ssputs_r
                0x00000000080071e4       0xb6 /Applications/STM32CubeIDE.app/Contents/Eclipse/plugins/com.st.stm32cube.ide.mcu.externaltools.gnu-tools-for-stm32.10.3-2021.10.macos64_1.0.0.202111181127/tools/bin/../lib/gcc/arm-none-eabi/10.3.1/../../../../arm-none-eabi/lib/thumb/v7e-m+fp/hard/libc_nano.a(lib_a-nano-svfprintf.o)
                0x00000000080071e4                __ssputs_r
 *fill*         0x000000000800729a        0x2 
 .text._svfprintf_r
                0x000000000800729c      0x200 /Applications/STM32CubeIDE.app/Contents/Eclipse/plugins/com.st.stm32cube.ide.mcu.externaltools.gnu-tools-for-stm32.10.3-2021.10.macos64_1.0.0.202111181127/tools/bin/../lib/gcc/arm-none-eabi/10.3.1/../../../../arm-none-eabi/lib/thumb/v7e-m+fp/hard/libc_nano.a(lib_a-nano-svfprintf.o)
                0x000000000800729c                _svfprintf_r
                0x000000000800729c                _svfiprintf_r
 .text._printf_common
                0x000000000800749c       0xda /Applications/STM32CubeIDE.app/Contents/Eclipse/plugins/com.st.stm32cube.ide.mcu.externaltools.gnu-tools-for-stm32.10.3-2021.10.macos64_1.0.0.202111181127/tools/bin/../lib/gcc/arm-none-eabi/10.3.1/../../../../arm-none-eabi/lib/thumb/v7e-m+fp/hard/libc_nano.a(lib_a-nano-vfprintf_i.o)
                0x000000000800749c                _printf_common
 *fill*         0x0000000008007576        0x2 
 .text._printf_i
                0x0000000008007578      0x24c /Applications/STM32CubeIDE.app/Contents/Eclipse/plugins/com.st.stm32cube.ide.mcu.externaltools.gnu-tools-for-stm32.10.3-2021.10.macos64_1.0.0.202111181127/tools/bin/../lib/gcc/arm-none-eabi/10.3.1/../../../../arm-none-eabi/lib/thumb/v7e-m+fp/hard/libc_nano.a(lib_a-nano-vfprintf_i.o)
                0x0000000008007578                _printf_i
 .text.memcpy   0x00000000080077c4       0x1c /Applications/STM32CubeIDE.app/Contents/Eclipse/plugins/com.st.stm32cube.ide.mcu.externaltools.gnu-tools-for-stm32.10.3-2021.10.macos64_1.0.0.202111181127/tools/bin/../lib/gcc/arm-none-eabi/10.3.1/../../../../arm-none-eabi/lib/thumb/v7e-m+fp/hard/libc_nano.a(lib_a-memcpy-stub.o)
                0x00000000080077c4                memcpy
 .text.memmove  0x00000000080077e0       0x34 /Applications/STM32CubeIDE.app/Contents/Eclipse/plugins/com.st.stm32cube.ide.mcu.externaltools.gnu-tools-for-stm32.10.3-2021.10.macos64_1.0.0.202111181127/tools/bin/../lib/gcc/arm-none-eabi/10.3.1/../../../../arm-none-eabi/lib/thumb/v7e-m+fp/hard/libc_nano.a(lib_a-memmove.o)
                0x00000000080077e0                memmove
 .text._free_r  0x0000000008007814       0x98 /Applications/STM32CubeIDE.app/Contents/Eclipse/plugins/com.st.stm32cube.ide.mcu.externaltools.gnu-tools-for-stm32.10.3-2021.10.macos64_1.0.0.202111181127/tools/bin/../lib/gcc/arm-none-eabi/10.3.1/../../../../arm-none-eabi/lib/thumb/v7e-m+fp/hard/libc_nano.a(lib_a-nano-freer.o)
                0x0000000008007814                _free_r
 .text.sbrk_aligned
                0x00000000080078ac       0x40 /Applications/STM32CubeIDE.app/Contents/Eclipse/plugins/com.st.stm32cube.ide.mcu.externaltools.gnu-tools-for-stm32.10.3-2021.10.macos64_1.0.0.202111181127/tools/bin/../lib/gcc/arm-none-eabi/10.3.1/../../../../arm-none-eabi/lib/thumb/v7e-m+fp/hard/libc_nano.a(lib_a-nano-mallocr.o)
 .text._malloc_r
                0x00000000080078ec       0xe8 /Applications/STM32CubeIDE.app/Contents/Eclipse/plugins/com.st.stm32cube.ide.mcu.externaltools.gnu-tools-for-stm32.10.3-2021.10.macos64_1.0.0.202111181127/tools/bin/../lib/gcc/arm-none-eabi/10.3.1/../../../../arm-none-eabi/lib/thumb/v7e-m+fp/hard/libc_nano.a(lib_a-nano-mallocr.o)
                0x00000000080078ec                _malloc_r
 .text._realloc_r
                0x00000000080079d4       0x5e /Applications/STM32CubeIDE.app/Contents/Eclipse/plugins/com.st.stm32cube.ide.mcu.externaltools.gnu-tools-for-stm32.10.3-2021.10.macos64_1.0.0.202111181127/tools/bin/../lib/gcc/arm-none-eabi/10.3.1/../../../../arm-none-eabi/lib/thumb/v7e-m+fp/hard/libc_nano.a(lib_a-nano-reallocr.o)
                0x00000000080079d4                _realloc_r
 *fill*         0x0000000008007a32        0x2 
 .text._sbrk_r  0x0000000008007a34       0x20 /Applications/STM32CubeIDE.app/Contents/Eclipse/plugins/com.st.stm32cube.ide.mcu.externaltools.gnu-tools-for-stm32.10.3-2021.10.macos64_1.0.0.202111181127/tools/bin/../lib/gcc/arm-none-eabi/10.3.1/../../../../arm-none-eabi/lib/thumb/v7e-m+fp/hard/libc_nano.a(lib_a-sbrkr.o)
                0x0000000008007a34                _sbrk_r
 .text.__malloc_lock
                0x0000000008007a54        0xc /Applications/STM32CubeIDE.app/Contents/Eclipse/plugins/com.st.stm32cube.ide.mcu.externaltools.gnu-tools-for-stm32.10.3-2021.10.macos64_1.0.0.202111181127/tools/bin/../lib/gcc/arm-none-eabi/10.3.1/../../../../arm-none-eabi/lib/thumb/v7e-m+fp/hard/libc_nano.a(lib_a-mlock.o)
                0x0000000008007a54                __malloc_lock
 .text.__malloc_unlock
                0x0000000008007a60        0xc /Applications/STM32CubeIDE.app/Contents/Eclipse/plugins/com.st.stm32cube.ide.mcu.externaltools.gnu-tools-for-stm32.10.3-2021.10.macos64_1.0.0.202111181127/tools/bin/../lib/gcc/arm-none-eabi/10.3.1/../../../../arm-none-eabi/lib/thumb/v7e-m+fp/hard/libc_nano.a(lib_a-mlock.o)
                0x0000000008007a60                __malloc_unlock
 .text._malloc_usable_size_r
                0x0000000008007a6c       0x10 /Applications/STM32CubeIDE.app/Contents/Eclipse/plugins/com.st.stm32cube.ide.mcu.externaltools.gnu-tools-for-stm32.10.3-2021.10.macos64_1.0.0.202111181127/tools/bin/../lib/gcc/arm-none-eabi/10.3.1/../../../../arm-none-eabi/lib/thumb/v7e-m+fp/hard/libc_nano.a(lib_a-nano-msizer.o)
                0x0000000008007a6c                _malloc_usable_size_r
 .text.__retarget_lock_acquire_recursive
                0x0000000008007a7c        0x2 /Applications/STM32CubeIDE.app/Contents/Eclipse/plugins/com.st.stm32cube.ide.mcu.externaltools.gnu-tools-for-stm32.10.3-2021.10.macos64_1.0.0.202111181127/tools/bin/../lib/gcc/arm-none-eabi/10.3.1/../../../../arm-none-eabi/lib/thumb/v7e-m+fp/hard/libc_nano.a(lib_a-lock.o)
                0x0000000008007a7c                __retarget_lock_acquire_recursive
 .text.__retarget_lock_release_recursive
                0x0000000008007a7e        0x2 /Applications/STM32CubeIDE.app/Contents/Eclipse/plugins/com.st.stm32cube.ide.mcu.externaltools.gnu-tools-for-stm32.10.3-2021.10.macos64_1.0.0.202111181127/tools/bin/../lib/gcc/arm-none-eabi/10.3.1/../../../../arm-none-eabi/lib/thumb/v7e-m+fp/hard/libc_nano.a(lib_a-lock.o)
                0x0000000008007a7e                __retarget_lock_release_recursive
 *(.glue_7)
 .glue_7        0x0000000008007a80        0x0 linker stubs
 *(.glue_7t)
 .glue_7t       0x0000000008007a80        0x0 linker stubs
 *(.eh_frame)
 .eh_frame      0x0000000008007a80        0x0 /Applications/STM32CubeIDE.app/Contents/Eclipse/plugins/com.st.stm32cube.ide.mcu.externaltools.gnu-tools-for-stm32.10.3-2021.10.macos64_1.0.0.202111181127/tools/bin/../lib/gcc/arm-none-eabi/10.3.1/thumb/v7e-m+fp/hard/crtbegin.o
 *(.init)
 .init          0x0000000008007a80        0x4 /Applications/STM32CubeIDE.app/Contents/Eclipse/plugins/com.st.stm32cube.ide.mcu.externaltools.gnu-tools-for-stm32.10.3-2021.10.macos64_1.0.0.202111181127/tools/bin/../lib/gcc/arm-none-eabi/10.3.1/thumb/v7e-m+fp/hard/crti.o
                0x0000000008007a80                _init
 .init          0x0000000008007a84        0x8 /Applications/STM32CubeIDE.app/Contents/Eclipse/plugins/com.st.stm32cube.ide.mcu.externaltools.gnu-tools-for-stm32.10.3-2021.10.macos64_1.0.0.202111181127/tools/bin/../lib/gcc/arm-none-eabi/10.3.1/thumb/v7e-m+fp/hard/crtn.o
 *(.fini)
 .fini          0x0000000008007a8c        0x4 /Applications/STM32CubeIDE.app/Contents/Eclipse/plugins/com.st.stm32cube.ide.mcu.externaltools.gnu-tools-for-stm32.10.3-2021.10.macos64_1.0.0.202111181127/tools/bin/../lib/gcc/arm-none-eabi/10.3.1/thumb/v7e-m+fp/hard/crti.o
                0x0000000008007a8c                _fini
 .fini          0x0000000008007a90        0x8 /Applications/STM32CubeIDE.app/Contents/Eclipse/plugins/com.st.stm32cube.ide.mcu.externaltools.gnu-tools-for-stm32.10.3-2021.10.macos64_1.0.0.202111181127/tools/bin/../lib/gcc/arm-none-eabi/10.3.1/thumb/v7e-m+fp/hard/crtn.o
                0x0000000008007a98                . = ALIGN (0x4)
                0x0000000008007a98                _etext = .

.vfp11_veneer   0x0000000008007a98        0x0
 .vfp11_veneer  0x0000000008007a98        0x0 linker stubs

.v4_bx          0x0000000008007a98        0x0
 .v4_bx         0x0000000008007a98        0x0 linker stubs

.iplt           0x0000000008007a98        0x0
 .iplt          0x0000000008007a98        0x0 /Applications/STM32CubeIDE.app/Contents/Eclipse/plugins/com.st.stm32cube.ide.mcu.externaltools.gnu-tools-for-stm32.10.3-2021.10.macos64_1.0.0.202111181127/tools/bin/../lib/gcc/arm-none-eabi/10.3.1/thumb/v7e-m+fp/hard/crtbegin.o

.rodata         0x0000000008007a98      0x4f4
                0x0000000008007a98                . = ALIGN (0x4)
 *(.rodata)
 .rodata        0x0000000008007a98       0x5f ./Core/Src/console.o
 *fill*         0x0000000008007af7        0x1 
 .rodata        0x0000000008007af8       0xb5 ./Core/Src/consoleCommands.o
 *fill*         0x0000000008007bad        0x3 
 .rodata        0x0000000008007bb0        0x7 ./Core/Src/main.o
 *(.rodata*)
 *fill*         0x0000000008007bb7        0x1 
 .rodata.mConsoleCommandTable
                0x0000000008007bb8      0x288 ./Core/Src/consoleCommands.o
 .rodata.AHBPrescTable
                0x0000000008007e40       0x10 ./Core/Src/system_stm32f4xx.o
                0x0000000008007e40                AHBPrescTable
 .rodata.APBPrescTable
                0x0000000008007e50        0x8 ./Core/Src/system_stm32f4xx.o
                0x0000000008007e50                APBPrescTable
 .rodata._ctype_
                0x0000000008007e58      0x101 /Applications/STM32CubeIDE.app/Contents/Eclipse/plugins/com.st.stm32cube.ide.mcu.externaltools.gnu-tools-for-stm32.10.3-2021.10.macos64_1.0.0.202111181127/tools/bin/../lib/gcc/arm-none-eabi/10.3.1/../../../../arm-none-eabi/lib/thumb/v7e-m+fp/hard/libc_nano.a(lib_a-ctype_.o)
                0x0000000008007e58                _ctype_
 .rodata._svfprintf_r.str1.1
                0x0000000008007f59       0x11 /Applications/STM32CubeIDE.app/Contents/Eclipse/plugins/com.st.stm32cube.ide.mcu.externaltools.gnu-tools-for-stm32.10.3-2021.10.macos64_1.0.0.202111181127/tools/bin/../lib/gcc/arm-none-eabi/10.3.1/../../../../arm-none-eabi/lib/thumb/v7e-m+fp/hard/libc_nano.a(lib_a-nano-svfprintf.o)
 .rodata._printf_i.str1.1
                0x0000000008007f6a       0x22 /Applications/STM32CubeIDE.app/Contents/Eclipse/plugins/com.st.stm32cube.ide.mcu.externaltools.gnu-tools-for-stm32.10.3-2021.10.macos64_1.0.0.202111181127/tools/bin/../lib/gcc/arm-none-eabi/10.3.1/../../../../arm-none-eabi/lib/thumb/v7e-m+fp/hard/libc_nano.a(lib_a-nano-vfprintf_i.o)
                0x0000000008007f8c                . = ALIGN (0x4)

.ARM.extab      0x0000000008007f8c        0x0
                0x0000000008007f8c                . = ALIGN (0x4)
 *(.ARM.extab* .gnu.linkonce.armextab.*)
                0x0000000008007f8c                . = ALIGN (0x4)

.ARM            0x0000000008007f8c        0x8
                0x0000000008007f8c                . = ALIGN (0x4)
                0x0000000008007f8c                __exidx_start = .
 *(.ARM.exidx*)
 .ARM.exidx     0x0000000008007f8c        0x8 /Applications/STM32CubeIDE.app/Contents/Eclipse/plugins/com.st.stm32cube.ide.mcu.externaltools.gnu-tools-for-stm32.10.3-2021.10.macos64_1.0.0.202111181127/tools/bin/../lib/gcc/arm-none-eabi/10.3.1/thumb/v7e-m+fp/hard/libgcc.a(_udivmoddi4.o)
                0x0000000008007f94                __exidx_end = .
                0x0000000008007f94                . = ALIGN (0x4)

.rel.dyn        0x0000000008007f94        0x0
 .rel.iplt      0x0000000008007f94        0x0 /Applications/STM32CubeIDE.app/Contents/Eclipse/plugins/com.st.stm32cube.ide.mcu.externaltools.gnu-tools-for-stm32.10.3-2021.10.macos64_1.0.0.202111181127/tools/bin/../lib/gcc/arm-none-eabi/10.3.1/thumb/v7e-m+fp/hard/crtbegin.o

.preinit_array  0x0000000008007f94        0x0
                0x0000000008007f94                . = ALIGN (0x4)
                0x0000000008007f94                PROVIDE (__preinit_array_start = .)
 *(.preinit_array*)
                0x0000000008007f94                PROVIDE (__preinit_array_end = .)
                0x0000000008007f94                . = ALIGN (0x4)

.init_array     0x0000000008007f94        0x4
                0x0000000008007f94                . = ALIGN (0x4)
                0x0000000008007f94                PROVIDE (__init_array_start = .)
 *(SORT_BY_NAME(.init_array.*))
 *(.init_array*)
 .init_array    0x0000000008007f94        0x4 /Applications/STM32CubeIDE.app/Contents/Eclipse/plugins/com.st.stm32cube.ide.mcu.externaltools.gnu-tools-for-stm32.10.3-2021.10.macos64_1.0.0.202111181127/tools/bin/../lib/gcc/arm-none-eabi/10.3.1/thumb/v7e-m+fp/hard/crtbegin.o
                0x0000000008007f98                PROVIDE (__init_array_end = .)
                0x0000000008007f98                . = ALIGN (0x4)

.fini_array     0x0000000008007f98        0x4
                0x0000000008007f98                . = ALIGN (0x4)
                [!provide]                        PROVIDE (__fini_array_start = .)
 *(SORT_BY_NAME(.fini_array.*))
 *(.fini_array*)
 .fini_array    0x0000000008007f98        0x4 /Applications/STM32CubeIDE.app/Contents/Eclipse/plugins/com.st.stm32cube.ide.mcu.externaltools.gnu-tools-for-stm32.10.3-2021.10.macos64_1.0.0.202111181127/tools/bin/../lib/gcc/arm-none-eabi/10.3.1/thumb/v7e-m+fp/hard/crtbegin.o
                [!provide]                        PROVIDE (__fini_array_end = .)
                0x0000000008007f9c                . = ALIGN (0x4)
                0x0000000008007f9c                _sidata = LOADADDR (.data)

.data           0x0000000020000000       0xdc load address 0x0000000008007f9c
                0x0000000020000000                . = ALIGN (0x4)
                0x0000000020000000                _sdata = .
 *(.data)
 *(.data*)
 .data.SystemCoreClock
                0x0000000020000000        0x4 ./Core/Src/system_stm32f4xx.o
                0x0000000020000000                SystemCoreClock
 .data.Lsm303agrDrv
                0x0000000020000004       0x34 ./Drivers/BSP/Components/lsm303agr/lsm303agr.o
                0x0000000020000004                Lsm303agrDrv
 .data.Lsm303dlhcDrv
                0x0000000020000038       0x34 ./Drivers/BSP/Components/lsm303dlhc/lsm303dlhc.o
                0x0000000020000038                Lsm303dlhcDrv
 .data.I2cxTimeout
                0x000000002000006c        0x4 ./Drivers/BSP/STM32F411E-Discovery/stm32f411e_discovery.o
                0x000000002000006c                I2cxTimeout
 .data.uwTickPrio
                0x0000000020000070        0x4 ./Drivers/STM32F4xx_HAL_Driver/Src/stm32f4xx_hal.o
                0x0000000020000070                uwTickPrio
 .data.uwTickFreq
                0x0000000020000074        0x1 ./Drivers/STM32F4xx_HAL_Driver/Src/stm32f4xx_hal.o
                0x0000000020000074                uwTickFreq
 *fill*         0x0000000020000075        0x3 
 .data._impure_ptr
                0x0000000020000078        0x4 /Applications/STM32CubeIDE.app/Contents/Eclipse/plugins/com.st.stm32cube.ide.mcu.externaltools.gnu-tools-for-stm32.10.3-2021.10.macos64_1.0.0.202111181127/tools/bin/../lib/gcc/arm-none-eabi/10.3.1/../../../../arm-none-eabi/lib/thumb/v7e-m+fp/hard/libc_nano.a(lib_a-impure.o)
                0x0000000020000078                _impure_ptr
 .data.impure_data
                0x000000002000007c       0x60 /Applications/STM32CubeIDE.app/Contents/Eclipse/plugins/com.st.stm32cube.ide.mcu.externaltools.gnu-tools-for-stm32.10.3-2021.10.macos64_1.0.0.202111181127/tools/bin/../lib/gcc/arm-none-eabi/10.3.1/../../../../arm-none-eabi/lib/thumb/v7e-m+fp/hard/libc_nano.a(lib_a-impure.o)
 *(.RamFunc)
 *(.RamFunc*)
                0x00000000200000dc                . = ALIGN (0x4)
                0x00000000200000dc                _edata = .

.igot.plt       0x00000000200000dc        0x0 load address 0x0000000008008078
 .igot.plt      0x00000000200000dc        0x0 /Applications/STM32CubeIDE.app/Contents/Eclipse/plugins/com.st.stm32cube.ide.mcu.externaltools.gnu-tools-for-stm32.10.3-2021.10.macos64_1.0.0.202111181127/tools/bin/../lib/gcc/arm-none-eabi/10.3.1/thumb/v7e-m+fp/hard/crtbegin.o
                0x00000000200000dc                . = ALIGN (0x4)

.bss            0x00000000200000dc      0x3d8 load address 0x0000000008008078
                0x00000000200000dc                _sbss = .
                0x00000000200000dc                __bss_start__ = _sbss
 *(.bss)
 .bss           0x00000000200000dc       0x1c /Applications/STM32CubeIDE.app/Contents/Eclipse/plugins/com.st.stm32cube.ide.mcu.externaltools.gnu-tools-for-stm32.10.3-2021.10.macos64_1.0.0.202111181127/tools/bin/../lib/gcc/arm-none-eabi/10.3.1/thumb/v7e-m+fp/hard/crtbegin.o
 *(.bss*)
 .bss.mReceiveBuffer
                0x00000000200000f8      0x100 ./Core/Src/console.o
                0x00000000200000f8                mReceiveBuffer
 .bss.mReceivedSoFar
                0x00000000200001f8        0x4 ./Core/Src/console.o
                0x00000000200001f8                mReceivedSoFar
 .bss.mReceiveBufferNeedsChecking
                0x00000000200001fc        0x1 ./Core/Src/console.o
                0x00000000200001fc                mReceiveBufferNeedsChecking
 *fill*         0x00000000200001fd        0x3 
 .bss.hi2c1     0x0000000020000200       0x54 ./Core/Src/i2c.o
                0x0000000020000200                hi2c1
 .bss.hi2s2     0x0000000020000254       0x48 ./Core/Src/i2s.o
                0x0000000020000254                hi2s2
 .bss.hi2s3     0x000000002000029c       0x48 ./Core/Src/i2s.o
                0x000000002000029c                hi2s3
 .bss.uart_byte_buf
                0x00000000200002e4        0x1 ./Core/Src/main.o
                0x00000000200002e4                uart_byte_buf
 *fill*         0x00000000200002e5        0x3 
 .bss.uart_buf  0x00000000200002e8       0x82 ./Core/Src/main.o
                0x00000000200002e8                uart_buf
 .bss.c         0x000000002000036a        0x1 ./Core/Src/main.o
                0x000000002000036a                c
 .bss.echo      0x000000002000036b        0x1 ./Core/Src/main.o
                0x000000002000036b                echo
 .bss.buf       0x000000002000036c       0x14 ./Core/Src/main.o
                0x000000002000036c                buf
 .bss.op_mode   0x0000000020000380        0x1 ./Core/Src/main.o
                0x0000000020000380                op_mode
 .bss.button_pressed
                0x0000000020000381        0x1 ./Core/Src/main.o
                0x0000000020000381                button_pressed
 *fill*         0x0000000020000382        0x2 
 .bss.hspi1     0x0000000020000384       0x58 ./Core/Src/spi.o
                0x0000000020000384                hspi1
 .bss.__sbrk_heap_end
                0x00000000200003dc        0x4 ./Core/Src/sysmem.o
 .bss.huart2    0x00000000200003e0       0x44 ./Core/Src/usart.o
                0x00000000200003e0                huart2
 .bss.I2cHandle
                0x0000000020000424       0x54 ./Drivers/BSP/STM32F411E-Discovery/stm32f411e_discovery.o
 .bss.AccelerometerDrv
                0x0000000020000478        0x4 ./Drivers/BSP/STM32F411E-Discovery/stm32f411e_discovery_accelerometer.o
 .bss.GyroscopeDrv
                0x000000002000047c        0x4 ./Drivers/BSP/STM32F411E-Discovery/stm32f411e_discovery_gyroscope.o
 .bss.uwTick    0x0000000020000480        0x4 ./Drivers/STM32F4xx_HAL_Driver/Src/stm32f4xx_hal.o
                0x0000000020000480                uwTick
 .bss.pFlash    0x0000000020000484       0x20 ./Drivers/STM32F4xx_HAL_Driver/Src/stm32f4xx_hal_flash.o
                0x0000000020000484                pFlash
 .bss.__malloc_free_list
                0x00000000200004a4        0x4 /Applications/STM32CubeIDE.app/Contents/Eclipse/plugins/com.st.stm32cube.ide.mcu.externaltools.gnu-tools-for-stm32.10.3-2021.10.macos64_1.0.0.202111181127/tools/bin/../lib/gcc/arm-none-eabi/10.3.1/../../../../arm-none-eabi/lib/thumb/v7e-m+fp/hard/libc_nano.a(lib_a-nano-mallocr.o)
                0x00000000200004a4                __malloc_free_list
 .bss.__malloc_sbrk_start
                0x00000000200004a8        0x4 /Applications/STM32CubeIDE.app/Contents/Eclipse/plugins/com.st.stm32cube.ide.mcu.externaltools.gnu-tools-for-stm32.10.3-2021.10.macos64_1.0.0.202111181127/tools/bin/../lib/gcc/arm-none-eabi/10.3.1/../../../../arm-none-eabi/lib/thumb/v7e-m+fp/hard/libc_nano.a(lib_a-nano-mallocr.o)
                0x00000000200004a8                __malloc_sbrk_start
 .bss.errno     0x00000000200004ac        0x4 /Applications/STM32CubeIDE.app/Contents/Eclipse/plugins/com.st.stm32cube.ide.mcu.externaltools.gnu-tools-for-stm32.10.3-2021.10.macos64_1.0.0.202111181127/tools/bin/../lib/gcc/arm-none-eabi/10.3.1/../../../../arm-none-eabi/lib/thumb/v7e-m+fp/hard/libc_nano.a(lib_a-reent.o)
                0x00000000200004ac                errno
 .bss.__lock___malloc_recursive_mutex
                0x00000000200004b0        0x1 /Applications/STM32CubeIDE.app/Contents/Eclipse/plugins/com.st.stm32cube.ide.mcu.externaltools.gnu-tools-for-stm32.10.3-2021.10.macos64_1.0.0.202111181127/tools/bin/../lib/gcc/arm-none-eabi/10.3.1/../../../../arm-none-eabi/lib/thumb/v7e-m+fp/hard/libc_nano.a(lib_a-lock.o)
                0x00000000200004b0                __lock___malloc_recursive_mutex
 *(COMMON)
                0x00000000200004b4                . = ALIGN (0x4)
 *fill*         0x00000000200004b1        0x3 
                0x00000000200004b4                _ebss = .
                0x00000000200004b4                __bss_end__ = _ebss

._user_heap_stack
                0x00000000200004b4      0x604 load address 0x0000000008008078
                0x00000000200004b8                . = ALIGN (0x8)
 *fill*         0x00000000200004b4        0x4 
                [!provide]                        PROVIDE (end = .)
                0x00000000200004b8                PROVIDE (_end = .)
                0x00000000200006b8                . = (. + _Min_Heap_Size)
 *fill*         0x00000000200004b8      0x200 
                0x0000000020000ab8                . = (. + _Min_Stack_Size)
 *fill*         0x00000000200006b8      0x400 
                0x0000000020000ab8                . = ALIGN (0x8)

/DISCARD/
 libc.a(*)
 libm.a(*)
 libgcc.a(*)

.ARM.attributes
                0x0000000000000000       0x30
 *(.ARM.attributes)
 .ARM.attributes
                0x0000000000000000       0x1e /Applications/STM32CubeIDE.app/Contents/Eclipse/plugins/com.st.stm32cube.ide.mcu.externaltools.gnu-tools-for-stm32.10.3-2021.10.macos64_1.0.0.202111181127/tools/bin/../lib/gcc/arm-none-eabi/10.3.1/thumb/v7e-m+fp/hard/crti.o
 .ARM.attributes
                0x000000000000001e       0x34 /Applications/STM32CubeIDE.app/Contents/Eclipse/plugins/com.st.stm32cube.ide.mcu.externaltools.gnu-tools-for-stm32.10.3-2021.10.macos64_1.0.0.202111181127/tools/bin/../lib/gcc/arm-none-eabi/10.3.1/thumb/v7e-m+fp/hard/crtbegin.o
 .ARM.attributes
                0x0000000000000052       0x34 ./Core/Src/console.o
 .ARM.attributes
                0x0000000000000086       0x34 ./Core/Src/consoleCommands.o
 .ARM.attributes
                0x00000000000000ba       0x34 ./Core/Src/consoleIo.o
 .ARM.attributes
                0x00000000000000ee       0x34 ./Core/Src/gpio.o
 .ARM.attributes
                0x0000000000000122       0x34 ./Core/Src/i2c.o
 .ARM.attributes
                0x0000000000000156       0x34 ./Core/Src/i2s.o
 .ARM.attributes
                0x000000000000018a       0x34 ./Core/Src/input_buf.o
 .ARM.attributes
                0x00000000000001be       0x34 ./Core/Src/main.o
 .ARM.attributes
                0x00000000000001f2       0x34 ./Core/Src/spi.o
 .ARM.attributes
                0x0000000000000226       0x34 ./Core/Src/stm32f4xx_hal_msp.o
 .ARM.attributes
                0x000000000000025a       0x34 ./Core/Src/stm32f4xx_it.o
 .ARM.attributes
                0x000000000000028e       0x34 ./Core/Src/sysmem.o
 .ARM.attributes
                0x00000000000002c2       0x34 ./Core/Src/system_stm32f4xx.o
 .ARM.attributes
                0x00000000000002f6       0x34 ./Core/Src/usart.o
 .ARM.attributes
                0x000000000000032a       0x21 ./Core/Startup/startup_stm32f411vetx.o
 .ARM.attributes
                0x000000000000034b       0x34 ./Drivers/BSP/Components/lsm303agr/lsm303agr.o
 .ARM.attributes
                0x000000000000037f       0x34 ./Drivers/BSP/Components/lsm303dlhc/lsm303dlhc.o
 .ARM.attributes
                0x00000000000003b3       0x34 ./Drivers/BSP/STM32F411E-Discovery/stm32f411e_discovery.o
 .ARM.attributes
                0x00000000000003e7       0x34 ./Drivers/BSP/STM32F411E-Discovery/stm32f411e_discovery_accelerometer.o
 .ARM.attributes
                0x000000000000041b       0x34 ./Drivers/BSP/STM32F411E-Discovery/stm32f411e_discovery_audio.o
 .ARM.attributes
                0x000000000000044f       0x34 ./Drivers/BSP/STM32F411E-Discovery/stm32f411e_discovery_gyroscope.o
 .ARM.attributes
                0x0000000000000483       0x34 ./Drivers/STM32F4xx_HAL_Driver/Src/stm32f4xx_hal.o
 .ARM.attributes
                0x00000000000004b7       0x34 ./Drivers/STM32F4xx_HAL_Driver/Src/stm32f4xx_hal_cortex.o
 .ARM.attributes
                0x00000000000004eb       0x34 ./Drivers/STM32F4xx_HAL_Driver/Src/stm32f4xx_hal_dma.o
 .ARM.attributes
                0x000000000000051f       0x34 ./Drivers/STM32F4xx_HAL_Driver/Src/stm32f4xx_hal_flash.o
 .ARM.attributes
                0x0000000000000553       0x34 ./Drivers/STM32F4xx_HAL_Driver/Src/stm32f4xx_hal_flash_ex.o
 .ARM.attributes
                0x0000000000000587       0x34 ./Drivers/STM32F4xx_HAL_Driver/Src/stm32f4xx_hal_gpio.o
 .ARM.attributes
                0x00000000000005bb       0x34 ./Drivers/STM32F4xx_HAL_Driver/Src/stm32f4xx_hal_i2c.o
 .ARM.attributes
                0x00000000000005ef       0x34 ./Drivers/STM32F4xx_HAL_Driver/Src/stm32f4xx_hal_i2s.o
 .ARM.attributes
                0x0000000000000623       0x34 ./Drivers/STM32F4xx_HAL_Driver/Src/stm32f4xx_hal_i2s_ex.o
 .ARM.attributes
                0x0000000000000657       0x34 ./Drivers/STM32F4xx_HAL_Driver/Src/stm32f4xx_hal_rcc.o
 .ARM.attributes
                0x000000000000068b       0x34 ./Drivers/STM32F4xx_HAL_Driver/Src/stm32f4xx_hal_rcc_ex.o
 .ARM.attributes
                0x00000000000006bf       0x34 ./Drivers/STM32F4xx_HAL_Driver/Src/stm32f4xx_hal_spi.o
 .ARM.attributes
                0x00000000000006f3       0x34 ./Drivers/STM32F4xx_HAL_Driver/Src/stm32f4xx_hal_uart.o
 .ARM.attributes
                0x0000000000000727       0x34 /Applications/STM32CubeIDE.app/Contents/Eclipse/plugins/com.st.stm32cube.ide.mcu.externaltools.gnu-tools-for-stm32.10.3-2021.10.macos64_1.0.0.202111181127/tools/bin/../lib/gcc/arm-none-eabi/10.3.1/../../../../arm-none-eabi/lib/thumb/v7e-m+fp/hard/libc_nano.a(lib_a-atoi.o)
 .ARM.attributes
                0x000000000000075b       0x34 /Applications/STM32CubeIDE.app/Contents/Eclipse/plugins/com.st.stm32cube.ide.mcu.externaltools.gnu-tools-for-stm32.10.3-2021.10.macos64_1.0.0.202111181127/tools/bin/../lib/gcc/arm-none-eabi/10.3.1/../../../../arm-none-eabi/lib/thumb/v7e-m+fp/hard/libc_nano.a(lib_a-errno.o)
 .ARM.attributes
                0x000000000000078f       0x34 /Applications/STM32CubeIDE.app/Contents/Eclipse/plugins/com.st.stm32cube.ide.mcu.externaltools.gnu-tools-for-stm32.10.3-2021.10.macos64_1.0.0.202111181127/tools/bin/../lib/gcc/arm-none-eabi/10.3.1/../../../../arm-none-eabi/lib/thumb/v7e-m+fp/hard/libc_nano.a(lib_a-impure.o)
 .ARM.attributes
                0x00000000000007c3       0x34 /Applications/STM32CubeIDE.app/Contents/Eclipse/plugins/com.st.stm32cube.ide.mcu.externaltools.gnu-tools-for-stm32.10.3-2021.10.macos64_1.0.0.202111181127/tools/bin/../lib/gcc/arm-none-eabi/10.3.1/../../../../arm-none-eabi/lib/thumb/v7e-m+fp/hard/libc_nano.a(lib_a-init.o)
 .ARM.attributes
                0x00000000000007f7       0x34 /Applications/STM32CubeIDE.app/Contents/Eclipse/plugins/com.st.stm32cube.ide.mcu.externaltools.gnu-tools-for-stm32.10.3-2021.10.macos64_1.0.0.202111181127/tools/bin/../lib/gcc/arm-none-eabi/10.3.1/../../../../arm-none-eabi/lib/thumb/v7e-m+fp/hard/libc_nano.a(lib_a-memset.o)
 .ARM.attributes
                0x000000000000082b       0x34 /Applications/STM32CubeIDE.app/Contents/Eclipse/plugins/com.st.stm32cube.ide.mcu.externaltools.gnu-tools-for-stm32.10.3-2021.10.macos64_1.0.0.202111181127/tools/bin/../lib/gcc/arm-none-eabi/10.3.1/../../../../arm-none-eabi/lib/thumb/v7e-m+fp/hard/libc_nano.a(lib_a-sprintf.o)
 .ARM.attributes
                0x000000000000085f       0x34 /Applications/STM32CubeIDE.app/Contents/Eclipse/plugins/com.st.stm32cube.ide.mcu.externaltools.gnu-tools-for-stm32.10.3-2021.10.macos64_1.0.0.202111181127/tools/bin/../lib/gcc/arm-none-eabi/10.3.1/../../../../arm-none-eabi/lib/thumb/v7e-m+fp/hard/libc_nano.a(lib_a-strtol.o)
 .ARM.attributes
                0x0000000000000893       0x34 /Applications/STM32CubeIDE.app/Contents/Eclipse/plugins/com.st.stm32cube.ide.mcu.externaltools.gnu-tools-for-stm32.10.3-2021.10.macos64_1.0.0.202111181127/tools/bin/../lib/gcc/arm-none-eabi/10.3.1/../../../../arm-none-eabi/lib/thumb/v7e-m+fp/hard/libc_nano.a(lib_a-ctype_.o)
 .ARM.attributes
                0x00000000000008c7       0x34 /Applications/STM32CubeIDE.app/Contents/Eclipse/plugins/com.st.stm32cube.ide.mcu.externaltools.gnu-tools-for-stm32.10.3-2021.10.macos64_1.0.0.202111181127/tools/bin/../lib/gcc/arm-none-eabi/10.3.1/../../../../arm-none-eabi/lib/thumb/v7e-m+fp/hard/libc_nano.a(lib_a-nano-svfprintf.o)
 .ARM.attributes
                0x00000000000008fb       0x34 /Applications/STM32CubeIDE.app/Contents/Eclipse/plugins/com.st.stm32cube.ide.mcu.externaltools.gnu-tools-for-stm32.10.3-2021.10.macos64_1.0.0.202111181127/tools/bin/../lib/gcc/arm-none-eabi/10.3.1/../../../../arm-none-eabi/lib/thumb/v7e-m+fp/hard/libc_nano.a(lib_a-nano-vfprintf_i.o)
 .ARM.attributes
                0x000000000000092f       0x1c /Applications/STM32CubeIDE.app/Contents/Eclipse/plugins/com.st.stm32cube.ide.mcu.externaltools.gnu-tools-for-stm32.10.3-2021.10.macos64_1.0.0.202111181127/tools/bin/../lib/gcc/arm-none-eabi/10.3.1/../../../../arm-none-eabi/lib/thumb/v7e-m+fp/hard/libc_nano.a(lib_a-memchr.o)
 .ARM.attributes
                0x000000000000094b       0x34 /Applications/STM32CubeIDE.app/Contents/Eclipse/plugins/com.st.stm32cube.ide.mcu.externaltools.gnu-tools-for-stm32.10.3-2021.10.macos64_1.0.0.202111181127/tools/bin/../lib/gcc/arm-none-eabi/10.3.1/../../../../arm-none-eabi/lib/thumb/v7e-m+fp/hard/libc_nano.a(lib_a-memcpy-stub.o)
 .ARM.attributes
                0x000000000000097f       0x34 /Applications/STM32CubeIDE.app/Contents/Eclipse/plugins/com.st.stm32cube.ide.mcu.externaltools.gnu-tools-for-stm32.10.3-2021.10.macos64_1.0.0.202111181127/tools/bin/../lib/gcc/arm-none-eabi/10.3.1/../../../../arm-none-eabi/lib/thumb/v7e-m+fp/hard/libc_nano.a(lib_a-memmove.o)
 .ARM.attributes
                0x00000000000009b3       0x34 /Applications/STM32CubeIDE.app/Contents/Eclipse/plugins/com.st.stm32cube.ide.mcu.externaltools.gnu-tools-for-stm32.10.3-2021.10.macos64_1.0.0.202111181127/tools/bin/../lib/gcc/arm-none-eabi/10.3.1/../../../../arm-none-eabi/lib/thumb/v7e-m+fp/hard/libc_nano.a(lib_a-nano-freer.o)
 .ARM.attributes
                0x00000000000009e7       0x34 /Applications/STM32CubeIDE.app/Contents/Eclipse/plugins/com.st.stm32cube.ide.mcu.externaltools.gnu-tools-for-stm32.10.3-2021.10.macos64_1.0.0.202111181127/tools/bin/../lib/gcc/arm-none-eabi/10.3.1/../../../../arm-none-eabi/lib/thumb/v7e-m+fp/hard/libc_nano.a(lib_a-nano-mallocr.o)
 .ARM.attributes
                0x0000000000000a1b       0x34 /Applications/STM32CubeIDE.app/Contents/Eclipse/plugins/com.st.stm32cube.ide.mcu.externaltools.gnu-tools-for-stm32.10.3-2021.10.macos64_1.0.0.202111181127/tools/bin/../lib/gcc/arm-none-eabi/10.3.1/../../../../arm-none-eabi/lib/thumb/v7e-m+fp/hard/libc_nano.a(lib_a-nano-reallocr.o)
 .ARM.attributes
                0x0000000000000a4f       0x34 /Applications/STM32CubeIDE.app/Contents/Eclipse/plugins/com.st.stm32cube.ide.mcu.externaltools.gnu-tools-for-stm32.10.3-2021.10.macos64_1.0.0.202111181127/tools/bin/../lib/gcc/arm-none-eabi/10.3.1/../../../../arm-none-eabi/lib/thumb/v7e-m+fp/hard/libc_nano.a(lib_a-sbrkr.o)
 .ARM.attributes
                0x0000000000000a83       0x34 /Applications/STM32CubeIDE.app/Contents/Eclipse/plugins/com.st.stm32cube.ide.mcu.externaltools.gnu-tools-for-stm32.10.3-2021.10.macos64_1.0.0.202111181127/tools/bin/../lib/gcc/arm-none-eabi/10.3.1/../../../../arm-none-eabi/lib/thumb/v7e-m+fp/hard/libc_nano.a(lib_a-mlock.o)
 .ARM.attributes
                0x0000000000000ab7       0x34 /Applications/STM32CubeIDE.app/Contents/Eclipse/plugins/com.st.stm32cube.ide.mcu.externaltools.gnu-tools-for-stm32.10.3-2021.10.macos64_1.0.0.202111181127/tools/bin/../lib/gcc/arm-none-eabi/10.3.1/../../../../arm-none-eabi/lib/thumb/v7e-m+fp/hard/libc_nano.a(lib_a-nano-msizer.o)
 .ARM.attributes
                0x0000000000000aeb       0x34 /Applications/STM32CubeIDE.app/Contents/Eclipse/plugins/com.st.stm32cube.ide.mcu.externaltools.gnu-tools-for-stm32.10.3-2021.10.macos64_1.0.0.202111181127/tools/bin/../lib/gcc/arm-none-eabi/10.3.1/../../../../arm-none-eabi/lib/thumb/v7e-m+fp/hard/libc_nano.a(lib_a-reent.o)
 .ARM.attributes
                0x0000000000000b1f       0x34 /Applications/STM32CubeIDE.app/Contents/Eclipse/plugins/com.st.stm32cube.ide.mcu.externaltools.gnu-tools-for-stm32.10.3-2021.10.macos64_1.0.0.202111181127/tools/bin/../lib/gcc/arm-none-eabi/10.3.1/../../../../arm-none-eabi/lib/thumb/v7e-m+fp/hard/libc_nano.a(lib_a-lock.o)
 .ARM.attributes
                0x0000000000000b53       0x1e /Applications/STM32CubeIDE.app/Contents/Eclipse/plugins/com.st.stm32cube.ide.mcu.externaltools.gnu-tools-for-stm32.10.3-2021.10.macos64_1.0.0.202111181127/tools/bin/../lib/gcc/arm-none-eabi/10.3.1/thumb/v7e-m+fp/hard/libgcc.a(_aeabi_uldivmod.o)
 .ARM.attributes
                0x0000000000000b71       0x34 /Applications/STM32CubeIDE.app/Contents/Eclipse/plugins/com.st.stm32cube.ide.mcu.externaltools.gnu-tools-for-stm32.10.3-2021.10.macos64_1.0.0.202111181127/tools/bin/../lib/gcc/arm-none-eabi/10.3.1/thumb/v7e-m+fp/hard/libgcc.a(_udivmoddi4.o)
 .ARM.attributes
                0x0000000000000ba5       0x1e /Applications/STM32CubeIDE.app/Contents/Eclipse/plugins/com.st.stm32cube.ide.mcu.externaltools.gnu-tools-for-stm32.10.3-2021.10.macos64_1.0.0.202111181127/tools/bin/../lib/gcc/arm-none-eabi/10.3.1/thumb/v7e-m+fp/hard/libgcc.a(_dvmd_tls.o)
 .ARM.attributes
                0x0000000000000bc3       0x1e /Applications/STM32CubeIDE.app/Contents/Eclipse/plugins/com.st.stm32cube.ide.mcu.externaltools.gnu-tools-for-stm32.10.3-2021.10.macos64_1.0.0.202111181127/tools/bin/../lib/gcc/arm-none-eabi/10.3.1/thumb/v7e-m+fp/hard/crtn.o
OUTPUT(BaseCLI_Gyro.elf elf32-littlearm)
LOAD linker stubs
LOAD /Applications/STM32CubeIDE.app/Contents/Eclipse/plugins/com.st.stm32cube.ide.mcu.externaltools.gnu-tools-for-stm32.10.3-2021.10.macos64_1.0.0.202111181127/tools/bin/../lib/gcc/arm-none-eabi/10.3.1/../../../../arm-none-eabi/lib/thumb/v7e-m+fp/hard/libc.a
LOAD /Applications/STM32CubeIDE.app/Contents/Eclipse/plugins/com.st.stm32cube.ide.mcu.externaltools.gnu-tools-for-stm32.10.3-2021.10.macos64_1.0.0.202111181127/tools/bin/../lib/gcc/arm-none-eabi/10.3.1/../../../../arm-none-eabi/lib/thumb/v7e-m+fp/hard/libm.a
LOAD /Applications/STM32CubeIDE.app/Contents/Eclipse/plugins/com.st.stm32cube.ide.mcu.externaltools.gnu-tools-for-stm32.10.3-2021.10.macos64_1.0.0.202111181127/tools/bin/../lib/gcc/arm-none-eabi/10.3.1/thumb/v7e-m+fp/hard/libgcc.a

.debug_info     0x0000000000000000    0x179af
 .debug_info    0x0000000000000000      0x901 ./Core/Src/console.o
 .debug_info    0x0000000000000901      0x694 ./Core/Src/consoleCommands.o
 .debug_info    0x0000000000000f95      0x740 ./Core/Src/consoleIo.o
 .debug_info    0x00000000000016d5      0x4ef ./Core/Src/gpio.o
 .debug_info    0x0000000000001bc4      0xa40 ./Core/Src/i2c.o
 .debug_info    0x0000000000002604      0xa80 ./Core/Src/i2s.o
 .debug_info    0x0000000000003084      0x19e ./Core/Src/input_buf.o
 .debug_info    0x0000000000003222      0xdad ./Core/Src/main.o
 .debug_info    0x0000000000003fcf      0xa0f ./Core/Src/spi.o
 .debug_info    0x00000000000049de      0x2e7 ./Core/Src/stm32f4xx_hal_msp.o
 .debug_info    0x0000000000004cc5      0x65d ./Core/Src/stm32f4xx_it.o
 .debug_info    0x0000000000005322      0x171 ./Core/Src/sysmem.o
 .debug_info    0x0000000000005493      0x54f ./Core/Src/system_stm32f4xx.o
 .debug_info    0x00000000000059e2      0xba8 ./Core/Src/usart.o
 .debug_info    0x000000000000658a       0x22 ./Core/Startup/startup_stm32f411vetx.o
 .debug_info    0x00000000000065ac      0x6f2 ./Drivers/BSP/Components/lsm303agr/lsm303agr.o
 .debug_info    0x0000000000006c9e      0x6ac ./Drivers/BSP/Components/lsm303dlhc/lsm303dlhc.o
 .debug_info    0x000000000000734a     0x1776 ./Drivers/BSP/STM32F411E-Discovery/stm32f411e_discovery.o
 .debug_info    0x0000000000008ac0      0x3bf ./Drivers/BSP/STM32F411E-Discovery/stm32f411e_discovery_accelerometer.o
 .debug_info    0x0000000000008e7f     0x18ca ./Drivers/BSP/STM32F411E-Discovery/stm32f411e_discovery_audio.o
 .debug_info    0x000000000000a749      0x454 ./Drivers/BSP/STM32F411E-Discovery/stm32f411e_discovery_gyroscope.o
 .debug_info    0x000000000000ab9d      0x90d ./Drivers/STM32F4xx_HAL_Driver/Src/stm32f4xx_hal.o
 .debug_info    0x000000000000b4aa      0xd8b ./Drivers/STM32F4xx_HAL_Driver/Src/stm32f4xx_hal_cortex.o
 .debug_info    0x000000000000c235      0x947 ./Drivers/STM32F4xx_HAL_Driver/Src/stm32f4xx_hal_dma.o
 .debug_info    0x000000000000cb7c      0x5cd ./Drivers/STM32F4xx_HAL_Driver/Src/stm32f4xx_hal_flash.o
 .debug_info    0x000000000000d149      0x83e ./Drivers/STM32F4xx_HAL_Driver/Src/stm32f4xx_hal_flash_ex.o
 .debug_info    0x000000000000d987      0x78e ./Drivers/STM32F4xx_HAL_Driver/Src/stm32f4xx_hal_gpio.o
 .debug_info    0x000000000000e115     0x260f ./Drivers/STM32F4xx_HAL_Driver/Src/stm32f4xx_hal_i2c.o
 .debug_info    0x0000000000010724      0xeae ./Drivers/STM32F4xx_HAL_Driver/Src/stm32f4xx_hal_i2s.o
 .debug_info    0x00000000000115d2      0xb73 ./Drivers/STM32F4xx_HAL_Driver/Src/stm32f4xx_hal_i2s_ex.o
 .debug_info    0x0000000000012145      0x98d ./Drivers/STM32F4xx_HAL_Driver/Src/stm32f4xx_hal_rcc.o
 .debug_info    0x0000000000012ad2      0x5d9 ./Drivers/STM32F4xx_HAL_Driver/Src/stm32f4xx_hal_rcc_ex.o
 .debug_info    0x00000000000130ab     0x1750 ./Drivers/STM32F4xx_HAL_Driver/Src/stm32f4xx_hal_spi.o
 .debug_info    0x00000000000147fb     0x31b4 ./Drivers/STM32F4xx_HAL_Driver/Src/stm32f4xx_hal_uart.o

.debug_abbrev   0x0000000000000000     0x42b6
 .debug_abbrev  0x0000000000000000      0x22f ./Core/Src/console.o
 .debug_abbrev  0x000000000000022f      0x19a ./Core/Src/consoleCommands.o
 .debug_abbrev  0x00000000000003c9      0x1cf ./Core/Src/consoleIo.o
 .debug_abbrev  0x0000000000000598      0x146 ./Core/Src/gpio.o
 .debug_abbrev  0x00000000000006de      0x1e0 ./Core/Src/i2c.o
 .debug_abbrev  0x00000000000008be      0x1e0 ./Core/Src/i2s.o
 .debug_abbrev  0x0000000000000a9e      0x112 ./Core/Src/input_buf.o
 .debug_abbrev  0x0000000000000bb0      0x295 ./Core/Src/main.o
 .debug_abbrev  0x0000000000000e45      0x1e0 ./Core/Src/spi.o
 .debug_abbrev  0x0000000000001025       0xf0 ./Core/Src/stm32f4xx_hal_msp.o
 .debug_abbrev  0x0000000000001115      0x177 ./Core/Src/stm32f4xx_it.o
 .debug_abbrev  0x000000000000128c       0xbb ./Core/Src/sysmem.o
 .debug_abbrev  0x0000000000001347      0x116 ./Core/Src/system_stm32f4xx.o
 .debug_abbrev  0x000000000000145d      0x205 ./Core/Src/usart.o
 .debug_abbrev  0x0000000000001662       0x12 ./Core/Startup/startup_stm32f411vetx.o
 .debug_abbrev  0x0000000000001674      0x20f ./Drivers/BSP/Components/lsm303agr/lsm303agr.o
 .debug_abbrev  0x0000000000001883      0x1fc ./Drivers/BSP/Components/lsm303dlhc/lsm303dlhc.o
 .debug_abbrev  0x0000000000001a7f      0x2e2 ./Drivers/BSP/STM32F411E-Discovery/stm32f411e_discovery.o
 .debug_abbrev  0x0000000000001d61      0x144 ./Drivers/BSP/STM32F411E-Discovery/stm32f411e_discovery_accelerometer.o
 .debug_abbrev  0x0000000000001ea5      0x34b ./Drivers/BSP/STM32F411E-Discovery/stm32f411e_discovery_audio.o
 .debug_abbrev  0x00000000000021f0      0x162 ./Drivers/BSP/STM32F411E-Discovery/stm32f411e_discovery_gyroscope.o
 .debug_abbrev  0x0000000000002352      0x23e ./Drivers/STM32F4xx_HAL_Driver/Src/stm32f4xx_hal.o
 .debug_abbrev  0x0000000000002590      0x316 ./Drivers/STM32F4xx_HAL_Driver/Src/stm32f4xx_hal_cortex.o
 .debug_abbrev  0x00000000000028a6      0x21b ./Drivers/STM32F4xx_HAL_Driver/Src/stm32f4xx_hal_dma.o
 .debug_abbrev  0x0000000000002ac1      0x283 ./Drivers/STM32F4xx_HAL_Driver/Src/stm32f4xx_hal_flash.o
 .debug_abbrev  0x0000000000002d44      0x260 ./Drivers/STM32F4xx_HAL_Driver/Src/stm32f4xx_hal_flash_ex.o
 .debug_abbrev  0x0000000000002fa4      0x1c4 ./Drivers/STM32F4xx_HAL_Driver/Src/stm32f4xx_hal_gpio.o
 .debug_abbrev  0x0000000000003168      0x2a8 ./Drivers/STM32F4xx_HAL_Driver/Src/stm32f4xx_hal_i2c.o
 .debug_abbrev  0x0000000000003410      0x258 ./Drivers/STM32F4xx_HAL_Driver/Src/stm32f4xx_hal_i2s.o
 .debug_abbrev  0x0000000000003668      0x289 ./Drivers/STM32F4xx_HAL_Driver/Src/stm32f4xx_hal_i2s_ex.o
 .debug_abbrev  0x00000000000038f1      0x2aa ./Drivers/STM32F4xx_HAL_Driver/Src/stm32f4xx_hal_rcc.o
 .debug_abbrev  0x0000000000003b9b      0x1a8 ./Drivers/STM32F4xx_HAL_Driver/Src/stm32f4xx_hal_rcc_ex.o
 .debug_abbrev  0x0000000000003d43      0x26e ./Drivers/STM32F4xx_HAL_Driver/Src/stm32f4xx_hal_spi.o
 .debug_abbrev  0x0000000000003fb1      0x305 ./Drivers/STM32F4xx_HAL_Driver/Src/stm32f4xx_hal_uart.o

.debug_aranges  0x0000000000000000     0x14d0
 .debug_aranges
                0x0000000000000000       0xa0 ./Core/Src/console.o
 .debug_aranges
                0x00000000000000a0       0x60 ./Core/Src/consoleCommands.o
 .debug_aranges
                0x0000000000000100       0x30 ./Core/Src/consoleIo.o
 .debug_aranges
                0x0000000000000130       0x20 ./Core/Src/gpio.o
 .debug_aranges
                0x0000000000000150       0x30 ./Core/Src/i2c.o
 .debug_aranges
                0x0000000000000180       0x38 ./Core/Src/i2s.o
 .debug_aranges
                0x00000000000001b8       0x30 ./Core/Src/input_buf.o
 .debug_aranges
                0x00000000000001e8       0x48 ./Core/Src/main.o
 .debug_aranges
                0x0000000000000230       0x30 ./Core/Src/spi.o
 .debug_aranges
                0x0000000000000260       0x20 ./Core/Src/stm32f4xx_hal_msp.o
 .debug_aranges
                0x0000000000000280       0x68 ./Core/Src/stm32f4xx_it.o
 .debug_aranges
                0x00000000000002e8       0x20 ./Core/Src/sysmem.o
 .debug_aranges
                0x0000000000000308       0x28 ./Core/Src/system_stm32f4xx.o
 .debug_aranges
                0x0000000000000330       0x30 ./Core/Src/usart.o
 .debug_aranges
                0x0000000000000360       0x28 ./Core/Startup/startup_stm32f411vetx.o
 .debug_aranges
                0x0000000000000388       0xb0 ./Drivers/BSP/Components/lsm303agr/lsm303agr.o
 .debug_aranges
                0x0000000000000438       0xb0 ./Drivers/BSP/Components/lsm303dlhc/lsm303dlhc.o
 .debug_aranges
                0x00000000000004e8       0xf0 ./Drivers/BSP/STM32F411E-Discovery/stm32f411e_discovery.o
 .debug_aranges
                0x00000000000005d8       0x38 ./Drivers/BSP/STM32F411E-Discovery/stm32f411e_discovery_accelerometer.o
 .debug_aranges
                0x0000000000000610      0x140 ./Drivers/BSP/STM32F411E-Discovery/stm32f411e_discovery_audio.o
 .debug_aranges
                0x0000000000000750       0x50 ./Drivers/BSP/STM32F411E-Discovery/stm32f411e_discovery_gyroscope.o
 .debug_aranges
                0x00000000000007a0       0xf0 ./Drivers/STM32F4xx_HAL_Driver/Src/stm32f4xx_hal.o
 .debug_aranges
                0x0000000000000890      0x118 ./Drivers/STM32F4xx_HAL_Driver/Src/stm32f4xx_hal_cortex.o
 .debug_aranges
                0x00000000000009a8       0x90 ./Drivers/STM32F4xx_HAL_Driver/Src/stm32f4xx_hal_dma.o
 .debug_aranges
                0x0000000000000a38       0xa0 ./Drivers/STM32F4xx_HAL_Driver/Src/stm32f4xx_hal_flash.o
 .debug_aranges
                0x0000000000000ad8       0xc8 ./Drivers/STM32F4xx_HAL_Driver/Src/stm32f4xx_hal_flash_ex.o
 .debug_aranges
                0x0000000000000ba0       0x58 ./Drivers/STM32F4xx_HAL_Driver/Src/stm32f4xx_hal_gpio.o
 .debug_aranges
                0x0000000000000bf8      0x2a0 ./Drivers/STM32F4xx_HAL_Driver/Src/stm32f4xx_hal_i2c.o
 .debug_aranges
                0x0000000000000e98      0x108 ./Drivers/STM32F4xx_HAL_Driver/Src/stm32f4xx_hal_i2s.o
 .debug_aranges
                0x0000000000000fa0       0x88 ./Drivers/STM32F4xx_HAL_Driver/Src/stm32f4xx_hal_i2s_ex.o
 .debug_aranges
                0x0000000000001028       0x88 ./Drivers/STM32F4xx_HAL_Driver/Src/stm32f4xx_hal_rcc.o
 .debug_aranges
                0x00000000000010b0       0x50 ./Drivers/STM32F4xx_HAL_Driver/Src/stm32f4xx_hal_rcc_ex.o
 .debug_aranges
                0x0000000000001100      0x1d0 ./Drivers/STM32F4xx_HAL_Driver/Src/stm32f4xx_hal_spi.o
 .debug_aranges
                0x00000000000012d0      0x200 ./Drivers/STM32F4xx_HAL_Driver/Src/stm32f4xx_hal_uart.o

.debug_ranges   0x0000000000000000     0x1300
 .debug_ranges  0x0000000000000000       0x90 ./Core/Src/console.o
 .debug_ranges  0x0000000000000090       0x50 ./Core/Src/consoleCommands.o
 .debug_ranges  0x00000000000000e0       0x20 ./Core/Src/consoleIo.o
 .debug_ranges  0x0000000000000100       0x10 ./Core/Src/gpio.o
 .debug_ranges  0x0000000000000110       0x20 ./Core/Src/i2c.o
 .debug_ranges  0x0000000000000130       0x28 ./Core/Src/i2s.o
 .debug_ranges  0x0000000000000158       0x20 ./Core/Src/input_buf.o
 .debug_ranges  0x0000000000000178       0x38 ./Core/Src/main.o
 .debug_ranges  0x00000000000001b0       0x20 ./Core/Src/spi.o
 .debug_ranges  0x00000000000001d0       0x10 ./Core/Src/stm32f4xx_hal_msp.o
 .debug_ranges  0x00000000000001e0       0x58 ./Core/Src/stm32f4xx_it.o
 .debug_ranges  0x0000000000000238       0x10 ./Core/Src/sysmem.o
 .debug_ranges  0x0000000000000248       0x18 ./Core/Src/system_stm32f4xx.o
 .debug_ranges  0x0000000000000260       0x20 ./Core/Src/usart.o
 .debug_ranges  0x0000000000000280       0x20 ./Core/Startup/startup_stm32f411vetx.o
 .debug_ranges  0x00000000000002a0       0xa0 ./Drivers/BSP/Components/lsm303agr/lsm303agr.o
 .debug_ranges  0x0000000000000340       0xa0 ./Drivers/BSP/Components/lsm303dlhc/lsm303dlhc.o
 .debug_ranges  0x00000000000003e0       0xe0 ./Drivers/BSP/STM32F411E-Discovery/stm32f411e_discovery.o
 .debug_ranges  0x00000000000004c0       0x28 ./Drivers/BSP/STM32F411E-Discovery/stm32f411e_discovery_accelerometer.o
 .debug_ranges  0x00000000000004e8      0x130 ./Drivers/BSP/STM32F411E-Discovery/stm32f411e_discovery_audio.o
 .debug_ranges  0x0000000000000618       0x40 ./Drivers/BSP/STM32F411E-Discovery/stm32f411e_discovery_gyroscope.o
 .debug_ranges  0x0000000000000658       0xe0 ./Drivers/STM32F4xx_HAL_Driver/Src/stm32f4xx_hal.o
 .debug_ranges  0x0000000000000738      0x108 ./Drivers/STM32F4xx_HAL_Driver/Src/stm32f4xx_hal_cortex.o