../Drivers/BSP/STM32F411E-Discovery/stm32f411e_discovery_audio.c:197:9:BSP_AUDIO_OUT_Init	32	static
../Drivers/BSP/STM32F411E-Discovery/stm32f411e_discovery_audio.c:249:9:BSP_AUDIO_OUT_Play	16	static
../Drivers/BSP/STM32F411E-Discovery/stm32f411e_discovery_audio.c:271:6:BSP_AUDIO_OUT_ChangeBuffer	16	static
../Drivers/BSP/STM32F411E-Discovery/stm32f411e_discovery_audio.c:284:9:BSP_AUDIO_OUT_Pause	8	static
../Drivers/BSP/STM32F411E-Discovery/stm32f411e_discovery_audio.c:308:9:BSP_AUDIO_OUT_Resume	8	static
../Drivers/BSP/STM32F411E-Discovery/stm32f411e_discovery_audio.c:332:9:BSP_AUDIO_OUT_Stop	16	static
../Drivers/BSP/STM32F411E-Discovery/stm32f411e_discovery_audio.c:364:9:BSP_AUDIO_OUT_SetVolume	16	static
../Drivers/BSP/STM32F411E-Discovery/stm32f411e_discovery_audio.c:384:9:BSP_AUDIO_OUT_SetMute	16	static
../Drivers/BSP/STM32F411E-Discovery/stm32f411e_discovery_audio.c:406:9:BSP_AUDIO_OUT_SetOutputMode	16	static
../Drivers/BSP/STM32F411E-Discovery/stm32f411e_discovery_audio.c:426:6:BSP_AUDIO_OUT_SetFrequency	40	static
../Drivers/BSP/STM32F411E-Discovery/stm32f411e_discovery_audio.c:462:6:HAL_I2S_TxCpltCallback	16	static
../Drivers/BSP/STM32F411E-Discovery/stm32f411e_discovery_audio.c:475:6:HAL_I2S_TxHalfCpltCallback	16	static
../Drivers/BSP/STM32F411E-Discovery/stm32f411e_discovery_audio.c:493:13:BSP_AUDIO_OUT_ClockConfig	56	static
../Drivers/BSP/STM32F411E-Discovery/stm32f411e_discovery_audio.c:537:13:BSP_AUDIO_OUT_MspInit	56	static
../Drivers/BSP/STM32F411E-Discovery/stm32f411e_discovery_audio.c:607:13:BSP_AUDIO_OUT_MspDeInit	40	static
../Drivers/BSP/STM32F411E-Discovery/stm32f411e_discovery_audio.c:645:13:BSP_AUDIO_OUT_TransferComplete_CallBack	4	static
../Drivers/BSP/STM32F411E-Discovery/stm32f411e_discovery_audio.c:652:13:BSP_AUDIO_OUT_HalfTransfer_CallBack	4	static
../Drivers/BSP/STM32F411E-Discovery/stm32f411e_discovery_audio.c:659:13:BSP_AUDIO_OUT_Error_CallBack	4	static
../Drivers/BSP/STM32F411E-Discovery/stm32f411e_discovery_audio.c:671:16:I2S3_Init	16	static
../Drivers/BSP/STM32F411E-Discovery/stm32f411e_discovery_audio.c:714:9:BSP_AUDIO_IN_Init	24	static
../Drivers/BSP/STM32F411E-Discovery/stm32f411e_discovery_audio.c:745:9:BSP_AUDIO_IN_Record	24	static
../Drivers/BSP/STM32F411E-Discovery/stm32f411e_discovery_audio.c:761:9:BSP_AUDIO_IN_Stop	16	static
../Drivers/BSP/STM32F411E-Discovery/stm32f411e_discovery_audio.c:778:9:BSP_AUDIO_IN_Pause	8	static
../Drivers/BSP/STM32F411E-Discovery/stm32f411e_discovery_audio.c:791:9:BSP_AUDIO_IN_Resume	8	static
../Drivers/BSP/STM32F411E-Discovery/stm32f411e_discovery_audio.c:806:9:BSP_AUDIO_IN_SetVolume	16	static
../Drivers/BSP/STM32F411E-Discovery/stm32f411e_discovery_audio.c:821:9:BSP_AUDIO_IN_PDMToPCM	152	static
../Drivers/BSP/STM32F411E-Discovery/stm32f411e_discovery_audio.c:852:6:HAL_I2S_RxCpltCallback	16	static
../Drivers/BSP/STM32F411E-Discovery/stm32f411e_discovery_audio.c:862:6:HAL_I2S_RxHalfCpltCallback	16	static
../Drivers/BSP/STM32F411E-Discovery/stm32f411e_discovery_audio.c:877:13:BSP_AUDIO_IN_ClockConfig	48	static
../Drivers/BSP/STM32F411E-Discovery/stm32f411e_discovery_audio.c:913:13:BSP_AUDIO_IN_MspInit	56	static
../Drivers/BSP/STM32F411E-Discovery/stm32f411e_discovery_audio.c:979:13:BSP_AUDIO_IN_MspDeInit	40	static
../Drivers/BSP/STM32F411E-Discovery/stm32f411e_discovery_audio.c:1011:13:BSP_AUDIO_IN_TransferComplete_CallBack	4	static
../Drivers/BSP/STM32F411E-Discovery/stm32f411e_discovery_audio.c:1021:13:BSP_AUDIO_IN_HalfTransfer_CallBack	4	static
../Drivers/BSP/STM32F411E-Discovery/stm32f411e_discovery_audio.c:1031:13:BSP_AUDIO_IN_Error_Callback	4	static
../Drivers/BSP/STM32F411E-Discovery/stm32f411e_discovery_audio.c:1048:13:PDMDecoder_Init	32	static
../Drivers/BSP/STM32F411E-Discovery/stm32f411e_discovery_audio.c:1080:16:I2S2_Init	16	static
../Drivers/BSP/STM32F411E-Discovery/stm32f411e_discovery_audio.c:1119:6:HAL_I2S_ErrorCallback	16	static
