../Core/Src/main.c:141:6:HAL_UART_RxCpltCallback	16	static
../Core/Src/main.c:153:5:main	16	static
../Core/Src/main.c:260:6:SystemClock_Config	88	static
../Core/Src/main.c:305:6:PeriphCommonClock_Config	32	static
../Core/Src/main.c:322:6:cli_check	16	static
../Core/Src/main.c:346:6:HAL_TIM_IC_CaptureCallback	16	static
../Core/Src/main.c:448:6:HCSR04_Read	8	static
../Core/Src/main.c:458:6:HCSR04_ReadRight	8	static
../Core/Src/main.c:469:6:HCSR04_ReadLeft	8	static
../Core/Src/main.c:480:6:delay_us	16	static
../Core/Src/main.c:487:6:HAL_GPIO_EXTI_Callback	16	static
../Core/Src/main.c:503:6:straight	16	static
../Core/Src/main.c:516:6:left	16	static
../Core/Src/main.c:529:6:right	16	static
../Core/Src/main.c:542:6:back	16	static
../Core/Src/main.c:555:6:heading_left	4	static
../Core/Src/main.c:566:6:heading_right	4	static
../Core/Src/main.c:578:6:wall_follow	8	static
../Core/Src/main.c:617:6:update_heading	4	static
../Core/Src/main.c:635:6:update_heading_back	4	static
../Core/Src/main.c:655:6:origin_check	8	static
../Core/Src/main.c:694:6:check_sonar	8	static
../Core/Src/main.c:704:6:demo_drive	32	static
../Core/Src/main.c:737:6:findHighest	40	static
../Core/Src/main.c:761:6:linear_reg	88	static
../Core/Src/main.c:790:6:flash_write	40	static
../Core/Src/main.c:816:10:read_gas	16	static
../Core/Src/main.c:831:6:Error_Handler	4	static,ignoring_inline_asm
