../Core/Src/main.c:137:6:HAL_UART_RxCpltCallback	16	static
../Core/Src/main.c:149:5:main	16	static
../Core/Src/main.c:255:6:SystemClock_Config	88	static
../Core/Src/main.c:300:6:PeriphCommonClock_Config	32	static
../Core/Src/main.c:317:6:cli_check	16	static
../Core/Src/main.c:341:6:HAL_TIM_IC_CaptureCallback	16	static
../Core/Src/main.c:443:6:HCSR04_Read	8	static
../Core/Src/main.c:453:6:HCSR04_ReadRight	8	static
../Core/Src/main.c:464:6:HCSR04_ReadLeft	8	static
../Core/Src/main.c:475:6:delay_us	16	static
../Core/Src/main.c:482:6:HAL_GPIO_EXTI_Callback	16	static
../Core/Src/main.c:498:6:straight	16	static
../Core/Src/main.c:511:6:left	16	static
../Core/Src/main.c:524:6:right	16	static
../Core/Src/main.c:537:6:back	16	static
../Core/Src/main.c:550:6:heading_left	4	static
../Core/Src/main.c:561:6:heading_right	4	static
../Core/Src/main.c:573:6:wall_follow	8	static
../Core/Src/main.c:612:6:update_heading	4	static
../Core/Src/main.c:630:6:update_heading_back	4	static
../Core/Src/main.c:650:6:origin_check	8	static
../Core/Src/main.c:686:6:check_sonar	8	static
../Core/Src/main.c:696:6:demo_drive	32	static
../Core/Src/main.c:729:6:findHighest	40	static
../Core/Src/main.c:753:6:linear_reg	80	static
../Core/Src/main.c:782:6:flash_write	40	static
../Core/Src/main.c:808:10:read_gas	16	static
../Core/Src/main.c:823:6:Error_Handler	4	static,ignoring_inline_asm
